Archive member included to satisfy reference by file (symbol)

/Applications/STM32CubeIDE.app/Contents/Eclipse/plugins/com.st.stm32cube.ide.mcu.externaltools.gnu-tools-for-stm32.11.3.rel1.macos64_1.1.200.202402032213/tools/bin/../lib/gcc/arm-none-eabi/11.3.1/../../../../arm-none-eabi/lib/thumb/v7e-m+fp/hard/libc_nano.a(libc_a-exit.o)
                              /Applications/STM32CubeIDE.app/Contents/Eclipse/plugins/com.st.stm32cube.ide.mcu.externaltools.gnu-tools-for-stm32.11.3.rel1.macos64_1.1.200.202402032213/tools/bin/../lib/gcc/arm-none-eabi/11.3.1/../../../../arm-none-eabi/lib/thumb/v7e-m+fp/hard/crt0.o (exit)
/Applications/STM32CubeIDE.app/Contents/Eclipse/plugins/com.st.stm32cube.ide.mcu.externaltools.gnu-tools-for-stm32.11.3.rel1.macos64_1.1.200.202402032213/tools/bin/../lib/gcc/arm-none-eabi/11.3.1/../../../../arm-none-eabi/lib/thumb/v7e-m+fp/hard/libc_nano.a(libc_a-findfp.o)
                              /Applications/STM32CubeIDE.app/Contents/Eclipse/plugins/com.st.stm32cube.ide.mcu.externaltools.gnu-tools-for-stm32.11.3.rel1.macos64_1.1.200.202402032213/tools/bin/../lib/gcc/arm-none-eabi/11.3.1/../../../../arm-none-eabi/lib/thumb/v7e-m+fp/hard/libc_nano.a(libc_a-exit.o) (__stdio_exit_handler)
/Applications/STM32CubeIDE.app/Contents/Eclipse/plugins/com.st.stm32cube.ide.mcu.externaltools.gnu-tools-for-stm32.11.3.rel1.macos64_1.1.200.202402032213/tools/bin/../lib/gcc/arm-none-eabi/11.3.1/../../../../arm-none-eabi/lib/thumb/v7e-m+fp/hard/libc_nano.a(libc_a-fwalk.o)
                              /Applications/STM32CubeIDE.app/Contents/Eclipse/plugins/com.st.stm32cube.ide.mcu.externaltools.gnu-tools-for-stm32.11.3.rel1.macos64_1.1.200.202402032213/tools/bin/../lib/gcc/arm-none-eabi/11.3.1/../../../../arm-none-eabi/lib/thumb/v7e-m+fp/hard/libc_nano.a(libc_a-findfp.o) (_fwalk_sglue)
/Applications/STM32CubeIDE.app/Contents/Eclipse/plugins/com.st.stm32cube.ide.mcu.externaltools.gnu-tools-for-stm32.11.3.rel1.macos64_1.1.200.202402032213/tools/bin/../lib/gcc/arm-none-eabi/11.3.1/../../../../arm-none-eabi/lib/thumb/v7e-m+fp/hard/libc_nano.a(libc_a-memset.o)
                              /Applications/STM32CubeIDE.app/Contents/Eclipse/plugins/com.st.stm32cube.ide.mcu.externaltools.gnu-tools-for-stm32.11.3.rel1.macos64_1.1.200.202402032213/tools/bin/../lib/gcc/arm-none-eabi/11.3.1/../../../../arm-none-eabi/lib/thumb/v7e-m+fp/hard/crt0.o (memset)
/Applications/STM32CubeIDE.app/Contents/Eclipse/plugins/com.st.stm32cube.ide.mcu.externaltools.gnu-tools-for-stm32.11.3.rel1.macos64_1.1.200.202402032213/tools/bin/../lib/gcc/arm-none-eabi/11.3.1/../../../../arm-none-eabi/lib/thumb/v7e-m+fp/hard/libc_nano.a(libc_a-impure.o)
                              /Applications/STM32CubeIDE.app/Contents/Eclipse/plugins/com.st.stm32cube.ide.mcu.externaltools.gnu-tools-for-stm32.11.3.rel1.macos64_1.1.200.202402032213/tools/bin/../lib/gcc/arm-none-eabi/11.3.1/../../../../arm-none-eabi/lib/thumb/v7e-m+fp/hard/libc_nano.a(libc_a-findfp.o) (_impure_data)
/Applications/STM32CubeIDE.app/Contents/Eclipse/plugins/com.st.stm32cube.ide.mcu.externaltools.gnu-tools-for-stm32.11.3.rel1.macos64_1.1.200.202402032213/tools/bin/../lib/gcc/arm-none-eabi/11.3.1/../../../../arm-none-eabi/lib/thumb/v7e-m+fp/hard/libc_nano.a(libc_a-errno.o)
                              ./Core/Src/syscalls.o (__errno)
/Applications/STM32CubeIDE.app/Contents/Eclipse/plugins/com.st.stm32cube.ide.mcu.externaltools.gnu-tools-for-stm32.11.3.rel1.macos64_1.1.200.202402032213/tools/bin/../lib/gcc/arm-none-eabi/11.3.1/../../../../arm-none-eabi/lib/thumb/v7e-m+fp/hard/libc_nano.a(libc_a-init.o)
                              /Applications/STM32CubeIDE.app/Contents/Eclipse/plugins/com.st.stm32cube.ide.mcu.externaltools.gnu-tools-for-stm32.11.3.rel1.macos64_1.1.200.202402032213/tools/bin/../lib/gcc/arm-none-eabi/11.3.1/../../../../arm-none-eabi/lib/thumb/v7e-m+fp/hard/crt0.o (__libc_init_array)
/Applications/STM32CubeIDE.app/Contents/Eclipse/plugins/com.st.stm32cube.ide.mcu.externaltools.gnu-tools-for-stm32.11.3.rel1.macos64_1.1.200.202402032213/tools/bin/../lib/gcc/arm-none-eabi/11.3.1/../../../../arm-none-eabi/lib/thumb/v7e-m+fp/hard/libc_nano.a(libc_a-lock.o)
                              /Applications/STM32CubeIDE.app/Contents/Eclipse/plugins/com.st.stm32cube.ide.mcu.externaltools.gnu-tools-for-stm32.11.3.rel1.macos64_1.1.200.202402032213/tools/bin/../lib/gcc/arm-none-eabi/11.3.1/../../../../arm-none-eabi/lib/thumb/v7e-m+fp/hard/libc_nano.a(libc_a-findfp.o) (__retarget_lock_init_recursive)
/Applications/STM32CubeIDE.app/Contents/Eclipse/plugins/com.st.stm32cube.ide.mcu.externaltools.gnu-tools-for-stm32.11.3.rel1.macos64_1.1.200.202402032213/tools/bin/../lib/gcc/arm-none-eabi/11.3.1/../../../../arm-none-eabi/lib/thumb/v7e-m+fp/hard/libc_nano.a(libc_a-mallocr.o)
[...]
Memory Configuration

Name             Origin             Length             Attributes
RAM              0x0000000020000000 0x0000000000008000 xrw
FLASH            0x0000000008000000 0x0000000000020000 xr
*default*        0x0000000000000000 0xffffffffffffffff

Linker script and memory map

LOAD /Applications/STM32CubeIDE.app/Contents/Eclipse/plugins/com.st.stm32cube.ide.mcu.externaltools.gnu-tools-for-stm32.11.3.rel1.macos64_1.1.200.202402032213/tools/bin/../lib/gcc/arm-none-eabi/11.3.1/thumb/v7e-m+fp/hard/crti.o
LOAD /Applications/STM32CubeIDE.app/Contents/Eclipse/plugins/com.st.stm32cube.ide.mcu.externaltools.gnu-tools-for-stm32.11.3.rel1.macos64_1.1.200.202402032213/tools/bin/../lib/gcc/arm-none-eabi/11.3.1/thumb/v7e-m+fp/hard/crtbegin.o
LOAD /Applications/STM32CubeIDE.app/Contents/Eclipse/plugins/com.st.stm32cube.ide.mcu.externaltools.gnu-tools-for-stm32.11.3.rel1.macos64_1.1.200.202402032213/tools/bin/../lib/gcc/arm-none-eabi/11.3.1/../../../../arm-none-eabi/lib/thumb/v7e-m+fp/hard/crt0.o
LOAD ./Core/Lib/big_sine_wave.o
LOAD ./Core/Lib/c_filters.o
LOAD ./Core/Lib/chorus.o
LOAD ./Core/Lib/delay.o
LOAD ./Core/Lib/dynamic_smooth.o
LOAD ./Core/Lib/envelopes.o
LOAD ./Core/Lib/float_expo_table.o
LOAD ./Core/Lib/lerp.o
LOAD ./Core/Lib/lfo.o
LOAD ./Core/Lib/noise.o
LOAD ./Core/Lib/opamp.o
LOAD ./Core/Lib/operator.o
LOAD ./Core/Lib/shared_delays.o
LOAD ./Core/Src/adc.o
LOAD ./Core/Src/dac.o
LOAD ./Core/Src/dma.o
LOAD ./Core/Src/gpio.o
LOAD ./Core/Src/main.o
LOAD ./Core/Src/sandbox.o
LOAD ./Core/Src/stm32g4xx_hal_msp.o
LOAD ./Core/Src/stm32g4xx_it.o
LOAD ./Core/Src/syscalls.o
LOAD ./Core/Src/sysmem.o
LOAD ./Core/Src/system_stm32g4xx.o
LOAD ./Core/Src/tanh_lookup_table.o
LOAD ./Core/Src/tim.o
LOAD ./Core/Startup/startup_stm32g431kbux.o
LOAD ./Drivers/STM32G4xx_HAL_Driver/Src/stm32g4xx_hal.o
LOAD ./Drivers/STM32G4xx_HAL_Driver/Src/stm32g4xx_hal_adc.o
LOAD ./Drivers/STM32G4xx_HAL_Driver/Src/stm32g4xx_hal_adc_ex.o
LOAD ./Drivers/STM32G4xx_HAL_Driver/Src/stm32g4xx_hal_cortex.o
LOAD ./Drivers/STM32G4xx_HAL_Driver/Src/stm32g4xx_hal_dac.o
LOAD ./Drivers/STM32G4xx_HAL_Driver/Src/stm32g4xx_hal_dac_ex.o
LOAD ./Drivers/STM32G4xx_HAL_Driver/Src/stm32g4xx_hal_dma.o
LOAD ./Drivers/STM32G4xx_HAL_Driver/Src/stm32g4xx_hal_dma_ex.o
LOAD ./Drivers/STM32G4xx_HAL_Driver/Src/stm32g4xx_hal_exti.o
LOAD ./Drivers/STM32G4xx_HAL_Driver/Src/stm32g4xx_hal_flash.o
LOAD ./Drivers/STM32G4xx_HAL_Driver/Src/stm32g4xx_hal_flash_ex.o
LOAD ./Drivers/STM32G4xx_HAL_Driver/Src/stm32g4xx_hal_flash_ramfunc.o
LOAD ./Drivers/STM32G4xx_HAL_Driver/Src/stm32g4xx_hal_gpio.o
LOAD ./Drivers/STM32G4xx_HAL_Driver/Src/stm32g4xx_hal_pwr.o
LOAD ./Drivers/STM32G4xx_HAL_Driver/Src/stm32g4xx_hal_pwr_ex.o
LOAD ./Drivers/STM32G4xx_HAL_Driver/Src/stm32g4xx_hal_rcc.o
LOAD ./Drivers/STM32G4xx_HAL_Driver/Src/stm32g4xx_hal_rcc_ex.o
LOAD ./Drivers/STM32G4xx_HAL_Driver/Src/stm32g4xx_hal_tim.o
LOAD ./Drivers/STM32G4xx_HAL_Driver/Src/stm32g4xx_hal_tim_ex.o
LOAD ./Drivers/STM32G4xx_HAL_Driver/Src/stm32g4xx_ll_adc.o
START GROUP
LOAD /Applications/STM32CubeIDE.app/Contents/Eclipse/plugins/com.st.stm32cube.ide.mcu.externaltools.gnu-tools-for-stm32.11.3.rel1.macos64_1.1.200.202402032213/tools/bin/../lib/gcc/arm-none-eabi/11.3.1/../../../../arm-none-eabi/lib/thumb/v7e-m+fp/hard/libc_nano.a
LOAD /Applications/STM32CubeIDE.app/Contents/Eclipse/plugins/com.st.stm32cube.ide.mcu.externaltools.gnu-tools-for-stm32.11.3.rel1.macos64_1.1.200.202402032213/tools/bin/../lib/gcc/arm-none-eabi/11.3.1/../../../../arm-none-eabi/lib/thumb/v7e-m+fp/hard/libm.a
END GROUP
START GROUP
LOAD /Applications/STM32CubeIDE.app/Contents/Eclipse/plugins/com.st.stm32cube.ide.mcu.externaltools.gnu-tools-for-stm32.11.3.rel1.macos64_1.1.200.202402032213/tools/bin/../lib/gcc/arm-none-eabi/11.3.1/thumb/v7e-m+fp/hard/libgcc.a
LOAD /Applications/STM32CubeIDE.app/Contents/Eclipse/plugins/com.st.stm32cube.ide.mcu.externaltools.gnu-tools-for-stm32.11.3.rel1.macos64_1.1.200.202402032213/tools/bin/../lib/gcc/arm-none-eabi/11.3.1/../../../../arm-none-eabi/lib/thumb/v7e-m+fp/hard/libc_nano.a
END GROUP
START GROUP
LOAD /Applications/STM32CubeIDE.app/Contents/Eclipse/plugins/com.st.stm32cube.ide.mcu.externaltools.gnu-tools-for-stm32.11.3.rel1.macos64_1.1.200.202402032213/tools/bin/../lib/gcc/arm-none-eabi/11.3.1/thumb/v7e-m+fp/hard/libgcc.a
LOAD /Applications/STM32CubeIDE.app/Contents/Eclipse/plugins/com.st.stm32cube.ide.mcu.externaltools.gnu-tools-for-stm32.11.3.rel1.macos64_1.1.200.202402032213/tools/bin/../lib/gcc/arm-none-eabi/11.3.1/../../../../arm-none-eabi/lib/thumb/v7e-m+fp/hard/libc_nano.a
LOAD /Applications/STM32CubeIDE.app/Contents/Eclipse/plugins/com.st.stm32cube.ide.mcu.externaltools.gnu-tools-for-stm32.11.3.rel1.macos64_1.1.200.202402032213/tools/bin/../lib/gcc/arm-none-eabi/11.3.1/../../../../arm-none-eabi/lib/thumb/v7e-m+fp/hard/libnosys.a
END GROUP
START GROUP
LOAD /Applications/STM32CubeIDE.app/Contents/Eclipse/plugins/com.st.stm32cube.ide.mcu.externaltools.gnu-tools-for-stm32.11.3.rel1.macos64_1.1.200.202402032213/tools/bin/../lib/gcc/arm-none-eabi/11.3.1/thumb/v7e-m+fp/hard/libgcc.a
LOAD /Applications/STM32CubeIDE.app/Contents/Eclipse/plugins/com.st.stm32cube.ide.mcu.externaltools.gnu-tools-for-stm32.11.3.rel1.macos64_1.1.200.202402032213/tools/bin/../lib/gcc/arm-none-eabi/11.3.1/../../../../arm-none-eabi/lib/thumb/v7e-m+fp/hard/libc_nano.a
LOAD /Applications/STM32CubeIDE.app/Contents/Eclipse/plugins/com.st.stm32cube.ide.mcu.externaltools.gnu-tools-for-stm32.11.3.rel1.macos64_1.1.200.202402032213/tools/bin/../lib/gcc/arm-none-eabi/11.3.1/../../../../arm-none-eabi/lib/thumb/v7e-m+fp/hard/libnosys.a
END GROUP
LOAD /Applications/STM32CubeIDE.app/Contents/Eclipse/plugins/com.st.stm32cube.ide.mcu.externaltools.gnu-tools-for-stm32.11.3.rel1.macos64_1.1.200.202402032213/tools/bin/../lib/gcc/arm-none-eabi/11.3.1/thumb/v7e-m+fp/hard/crtend.o
LOAD /Applications/STM32CubeIDE.app/Contents/Eclipse/plugins/com.st.stm32cube.ide.mcu.externaltools.gnu-tools-for-stm32.11.3.rel1.macos64_1.1.200.202402032213/tools/bin/../lib/gcc/arm-none-eabi/11.3.1/thumb/v7e-m+fp/hard/crtn.o
                0x0000000020008000                _estack = (ORIGIN (RAM) + LENGTH (RAM))
                0x0000000000000000                _Min_Heap_Size = 0x0
                0x0000000000000400                _Min_Stack_Size = 0x400

.isr_vector     0x0000000008000000      0x1d8
                0x0000000008000000                . = ALIGN (0x4)
 *(.isr_vector)
 .isr_vector    0x0000000008000000      0x1d8 ./Core/Startup/startup_stm32g431kbux.o
                0x0000000008000000                g_pfnVectors
                0x00000000080001d8                . = ALIGN (0x4)

.text           0x00000000080001d8     0x2e48
                0x00000000080001d8                . = ALIGN (0x4)
 *(.text)
 .text          0x00000000080001d8       0x40 /Applications/STM32CubeIDE.app/Contents/Eclipse/plugins/com.st.stm32cube.ide.mcu.externaltools.gnu-tools-for-stm32.11.3.rel1.macos64_1.1.200.202402032213/tools/bin/../lib/gcc/arm-none-eabi/11.3.1/thumb/v7e-m+fp/hard/crtbegin.o
 *(.text*)
 .text.svf_init
                0x0000000008000218       0x4c ./Core/Lib/c_filters.o
                0x0000000008000218                svf_init
 .text.svf_tick
                0x0000000008000264       0x38 ./Core/Lib/c_filters.o
                0x0000000008000264                svf_tick
 .text.svf_set_a_direct
                0x000000000800029c        0x8 ./Core/Lib/c_filters.o
                0x000000000800029c                svf_set_a_direct
 .text.svf_get_low
                0x00000000080002a4        0x8 ./Core/Lib/c_filters.o
                0x00000000080002a4                svf_get_low
 .text.svf_get_high
                0x00000000080002ac        0x8 ./Core/Lib/c_filters.o
                0x00000000080002ac                svf_get_high
 .text.lfo_tick
                0x00000000080002b4       0x5c ./Core/Lib/lfo.o
                0x00000000080002b4                lfo_tick
 .text.shared_delay_tick
                0x0000000008000310       0x1c ./Core/Lib/shared_delays.o
                0x0000000008000310                shared_delay_tick
 .text.shared_delay_init
                0x000000000800032c       0x14 ./Core/Lib/shared_delays.o
                0x000000000800032c                shared_delay_init
 .text.MX_ADC1_Init
                0x0000000008000340       0xa8 ./Core/Src/adc.o
                0x0000000008000340                MX_ADC1_Init
 .text.MX_ADC2_Init
                0x00000000080003e8       0x8c ./Core/Src/adc.o
                0x00000000080003e8                MX_ADC2_Init
 .text.HAL_ADC_MspInit
                0x0000000008000474      0x180 ./Core/Src/adc.o
                0x0000000008000474                HAL_ADC_MspInit
 .text.ADC1_Start
                0x00000000080005f4       0x14 ./Core/Src/adc.o
                0x00000000080005f4                ADC1_Start
 .text.ADC2_Start
                0x0000000008000608       0x14 ./Core/Src/adc.o
                0x0000000008000608                ADC2_Start
 .text.MX_DAC1_Init
                0x000000000800061c       0x6c ./Core/Src/dac.o
                0x000000000800061c                MX_DAC1_Init
 .text.HAL_DAC_MspInit
                0x0000000008000688       0x74 ./Core/Src/dac.o
                0x0000000008000688                HAL_DAC_MspInit
 .text.DAC_Start
                0x00000000080006fc       0x38 ./Core/Src/dac.o
                0x00000000080006fc                DAC_Start
 .text.MX_DMA_Init
                0x0000000008000734       0x50 ./Core/Src/dma.o
                0x0000000008000734                MX_DMA_Init
 .text.MX_GPIO_Init
                0x0000000008000784       0x88 ./Core/Src/gpio.o
                0x0000000008000784                MX_GPIO_Init
 *fill*         0x000000000800080c        0x4 
 .text.SystemClock_Config
                0x0000000008000810       0x88 ./Core/Src/main.o
                0x0000000008000810                SystemClock_Config
 .text.startup.main
                0x0000000008000898       0x64 ./Core/Src/main.o
                0x0000000008000898                main
 .text.HAL_ADC_ConvCpltCallback
                0x00000000080008fc       0x70 ./Core/Src/main.o
                0x00000000080008fc                HAL_ADC_ConvCpltCallback
 .text.Error_Handler
                0x000000000800096c        0x4 ./Core/Src/main.o
                0x000000000800096c                Error_Handler
 .text.control_tick
                0x0000000008000970      0x120 ./Core/Src/sandbox.o
                0x0000000008000970                control_tick
 .text.sandbox_init
                0x0000000008000a90      0x110 ./Core/Src/sandbox.o
                0x0000000008000a90                sandbox_init
 .text.HAL_MspInit
                0x0000000008000ba0       0x34 ./Core/Src/stm32g4xx_hal_msp.o
                0x0000000008000ba0                HAL_MspInit
 .text.NMI_Handler
                0x0000000008000bd4        0x4 ./Core/Src/stm32g4xx_it.o
                0x0000000008000bd4                NMI_Handler
 .text.HardFault_Handler
                0x0000000008000bd8        0x4 ./Core/Src/stm32g4xx_it.o
                0x0000000008000bd8                HardFault_Handler
 .text.MemManage_Handler
                0x0000000008000bdc        0x4 ./Core/Src/stm32g4xx_it.o
                0x0000000008000bdc                MemManage_Handler
 .text.BusFault_Handler
                0x0000000008000be0        0x4 ./Core/Src/stm32g4xx_it.o
                0x0000000008000be0                BusFault_Handler
 .text.UsageFault_Handler
                0x0000000008000be4        0x4 ./Core/Src/stm32g4xx_it.o
                0x0000000008000be4                UsageFault_Handler
 .text.SVC_Handler
                0x0000000008000be8        0x4 ./Core/Src/stm32g4xx_it.o
                0x0000000008000be8                SVC_Handler
 .text.DebugMon_Handler
                0x0000000008000bec        0x4 ./Core/Src/stm32g4xx_it.o
                0x0000000008000bec                DebugMon_Handler
 .text.PendSV_Handler
                0x0000000008000bf0        0x4 ./Core/Src/stm32g4xx_it.o
                0x0000000008000bf0                PendSV_Handler
 .text.SysTick_Handler
                0x0000000008000bf4        0x4 ./Core/Src/stm32g4xx_it.o
                0x0000000008000bf4                SysTick_Handler
 .text.DMA1_Channel1_IRQHandler
                0x0000000008000bf8        0xc ./Core/Src/stm32g4xx_it.o
                0x0000000008000bf8                DMA1_Channel1_IRQHandler
 .text.DMA1_Channel2_IRQHandler
                0x0000000008000c04        0xc ./Core/Src/stm32g4xx_it.o
                0x0000000008000c04                DMA1_Channel2_IRQHandler
 .text.TIM2_IRQHandler
                0x0000000008000c10       0x90 ./Core/Src/stm32g4xx_it.o
                0x0000000008000c10                TIM2_IRQHandler
 .text.TIM3_IRQHandler
                0x0000000008000ca0       0x58 ./Core/Src/stm32g4xx_it.o
                0x0000000008000ca0                TIM3_IRQHandler
 .text.SystemInit
                0x0000000008000cf8       0x14 ./Core/Src/system_stm32g4xx.o
                0x0000000008000cf8                SystemInit
 .text.MX_TIM2_Init
                0x0000000008000d0c       0x74 ./Core/Src/tim.o
                0x0000000008000d0c                MX_TIM2_Init
 .text.MX_TIM3_Init
                0x0000000008000d80       0x74 ./Core/Src/tim.o
                0x0000000008000d80                MX_TIM3_Init
 .text.HAL_TIM_Base_MspInit
                0x0000000008000df4       0x74 ./Core/Src/tim.o
                0x0000000008000df4                HAL_TIM_Base_MspInit
 .text.TIM2_Start
                0x0000000008000e68        0xc ./Core/Src/tim.o
                0x0000000008000e68                TIM2_Start
 .text.TIM3_Start
                0x0000000008000e74        0xc ./Core/Src/tim.o
                0x0000000008000e74                TIM3_Start
 .text.Reset_Handler
                0x0000000008000e80       0x50 ./Core/Startup/startup_stm32g431kbux.o
                0x0000000008000e80                Reset_Handler
 .text.Default_Handler
                0x0000000008000ed0        0x2 ./Core/Startup/startup_stm32g431kbux.o
                0x0000000008000ed0                TIM1_BRK_TIM15_IRQHandler
                0x0000000008000ed0                EXTI2_IRQHandler
                0x0000000008000ed0                TIM8_TRG_COM_IRQHandler
                0x0000000008000ed0                TIM8_CC_IRQHandler
                0x0000000008000ed0                TIM1_CC_IRQHandler
                0x0000000008000ed0                USB_HP_IRQHandler
                0x0000000008000ed0                CORDIC_IRQHandler
                0x0000000008000ed0                EXTI3_IRQHandler
                0x0000000008000ed0                I2C3_ER_IRQHandler
                0x0000000008000ed0                EXTI0_IRQHandler
                0x0000000008000ed0                I2C2_EV_IRQHandler
                0x0000000008000ed0                FPU_IRQHandler
                0x0000000008000ed0                FDCAN1_IT1_IRQHandler
                0x0000000008000ed0                TIM1_UP_TIM16_IRQHandler
                0x0000000008000ed0                ADC1_2_IRQHandler
                0x0000000008000ed0                SPI1_IRQHandler
                0x0000000008000ed0                TIM6_DAC_IRQHandler
                0x0000000008000ed0                TIM8_UP_IRQHandler
                0x0000000008000ed0                DMA2_Channel2_IRQHandler
                0x0000000008000ed0                DMA1_Channel4_IRQHandler
                0x0000000008000ed0                USART3_IRQHandler
                0x0000000008000ed0                TIM4_IRQHandler
                0x0000000008000ed0                DMA2_Channel1_IRQHandler
                0x0000000008000ed0                I2C1_EV_IRQHandler
                0x0000000008000ed0                DMA1_Channel6_IRQHandler
                0x0000000008000ed0                UART4_IRQHandler
                0x0000000008000ed0                DMA2_Channel4_IRQHandler
                0x0000000008000ed0                RCC_IRQHandler
                0x0000000008000ed0                Default_Handler
                0x0000000008000ed0                RTC_TAMP_LSECSS_IRQHandler
                0x0000000008000ed0                FMAC_IRQHandler
                0x0000000008000ed0                EXTI15_10_IRQHandler
                0x0000000008000ed0                TIM7_IRQHandler
                0x0000000008000ed0                UCPD1_IRQHandler
                0x0000000008000ed0                I2C3_EV_IRQHandler
                0x0000000008000ed0                EXTI9_5_IRQHandler
                0x0000000008000ed0                RTC_WKUP_IRQHandler
                0x0000000008000ed0                PVD_PVM_IRQHandler
                0x0000000008000ed0                SPI2_IRQHandler
                0x0000000008000ed0                DMA2_Channel5_IRQHandler
                0x0000000008000ed0                CRS_IRQHandler
                0x0000000008000ed0                DMA1_Channel5_IRQHandler
                0x0000000008000ed0                USB_LP_IRQHandler
                0x0000000008000ed0                EXTI4_IRQHandler
                0x0000000008000ed0                RNG_IRQHandler
                0x0000000008000ed0                TIM1_TRG_COM_TIM17_IRQHandler
                0x0000000008000ed0                DMA1_Channel3_IRQHandler
                0x0000000008000ed0                WWDG_IRQHandler
                0x0000000008000ed0                LPUART1_IRQHandler
                0x0000000008000ed0                DMA2_Channel6_IRQHandler
                0x0000000008000ed0                FDCAN1_IT0_IRQHandler
                0x0000000008000ed0                COMP1_2_3_IRQHandler
                0x0000000008000ed0                EXTI1_IRQHandler
                0x0000000008000ed0                USART2_IRQHandler
                0x0000000008000ed0                I2C2_ER_IRQHandler
                0x0000000008000ed0                TIM8_BRK_IRQHandler
                0x0000000008000ed0                FLASH_IRQHandler
                0x0000000008000ed0                USART1_IRQHandler
                0x0000000008000ed0                SPI3_IRQHandler
                0x0000000008000ed0                I2C1_ER_IRQHandler
                0x0000000008000ed0                LPTIM1_IRQHandler
                0x0000000008000ed0                DMAMUX_OVR_IRQHandler
                0x0000000008000ed0                USBWakeUp_IRQHandler
                0x0000000008000ed0                SAI1_IRQHandler
                0x0000000008000ed0                DMA2_Channel3_IRQHandler
                0x0000000008000ed0                COMP4_IRQHandler
                0x0000000008000ed0                RTC_Alarm_IRQHandler
 *fill*         0x0000000008000ed2        0x2 
 .text.HAL_InitTick
                0x0000000008000ed4       0x4c ./Drivers/STM32G4xx_HAL_Driver/Src/stm32g4xx_hal.o
                0x0000000008000ed4                HAL_InitTick
 .text.HAL_Init
                0x0000000008000f20       0x20 ./Drivers/STM32G4xx_HAL_Driver/Src/stm32g4xx_hal.o
                0x0000000008000f20                HAL_Init
 .text.HAL_IncTick
                0x0000000008000f40       0x18 ./Drivers/STM32G4xx_HAL_Driver/Src/stm32g4xx_hal.o
                0x0000000008000f40                HAL_IncTick
 .text.HAL_GetTick
                0x0000000008000f58        0xc ./Drivers/STM32G4xx_HAL_Driver/Src/stm32g4xx_hal.o
                0x0000000008000f58                HAL_GetTick
 .text.HAL_Delay
                0x0000000008000f64       0x24 ./Drivers/STM32G4xx_HAL_Driver/Src/stm32g4xx_hal.o
                0x0000000008000f64                HAL_Delay
 .text.HAL_ADC_Init
                0x0000000008000f88      0x208 ./Drivers/STM32G4xx_HAL_Driver/Src/stm32g4xx_hal_adc.o
                0x0000000008000f88                HAL_ADC_Init
 .text.HAL_ADC_ConvHalfCpltCallback
                0x0000000008001190        0x4 ./Drivers/STM32G4xx_HAL_Driver/Src/stm32g4xx_hal_adc.o
                0x0000000008001190                HAL_ADC_ConvHalfCpltCallback
 .text.ADC_DMAHalfConvCplt
                0x0000000008001194        0xc ./Drivers/STM32G4xx_HAL_Driver/Src/stm32g4xx_hal_adc.o
                0x0000000008001194                ADC_DMAHalfConvCplt
 .text.HAL_ADC_ErrorCallback
                0x00000000080011a0        0x4 ./Drivers/STM32G4xx_HAL_Driver/Src/stm32g4xx_hal_adc.o
                0x00000000080011a0                HAL_ADC_ErrorCallback
 .text.ADC_DMAConvCplt
                0x00000000080011a4       0x6c ./Drivers/STM32G4xx_HAL_Driver/Src/stm32g4xx_hal_adc.o
                0x00000000080011a4                ADC_DMAConvCplt
 .text.ADC_DMAError
                0x0000000008001210       0x1c ./Drivers/STM32G4xx_HAL_Driver/Src/stm32g4xx_hal_adc.o
                0x0000000008001210                ADC_DMAError
 .text.HAL_ADC_ConfigChannel
                0x000000000800122c      0x4cc ./Drivers/STM32G4xx_HAL_Driver/Src/stm32g4xx_hal_adc.o
                0x000000000800122c                HAL_ADC_ConfigChannel
 .text.ADC_Enable
                0x00000000080016f8       0x78 ./Drivers/STM32G4xx_HAL_Driver/Src/stm32g4xx_hal_adc.o
                0x00000000080016f8                ADC_Enable
 .text.HAL_ADC_Start_DMA
                0x0000000008001770       0xf0 ./Drivers/STM32G4xx_HAL_Driver/Src/stm32g4xx_hal_adc.o
                0x0000000008001770                HAL_ADC_Start_DMA
 .text.HAL_ADCEx_MultiModeConfigChannel
                0x0000000008001860       0xd8 ./Drivers/STM32G4xx_HAL_Driver/Src/stm32g4xx_hal_adc_ex.o
                0x0000000008001860                HAL_ADCEx_MultiModeConfigChannel
 .text.HAL_NVIC_SetPriorityGrouping
                0x0000000008001938       0x24 ./Drivers/STM32G4xx_HAL_Driver/Src/stm32g4xx_hal_cortex.o
                0x0000000008001938                HAL_NVIC_SetPriorityGrouping
 .text.HAL_NVIC_SetPriority
                0x000000000800195c       0x7c ./Drivers/STM32G4xx_HAL_Driver/Src/stm32g4xx_hal_cortex.o
                0x000000000800195c                HAL_NVIC_SetPriority
 .text.HAL_NVIC_EnableIRQ
                0x00000000080019d8       0x1c ./Drivers/STM32G4xx_HAL_Driver/Src/stm32g4xx_hal_cortex.o
                0x00000000080019d8                HAL_NVIC_EnableIRQ
 .text.HAL_SYSTICK_Config
                0x00000000080019f4       0x34 ./Drivers/STM32G4xx_HAL_Driver/Src/stm32g4xx_hal_cortex.o
                0x00000000080019f4                HAL_SYSTICK_Config
 .text.HAL_DAC_Init
                0x0000000008001a28       0x2c ./Drivers/STM32G4xx_HAL_Driver/Src/stm32g4xx_hal_dac.o
                0x0000000008001a28                HAL_DAC_Init
 .text.HAL_DAC_Start
                0x0000000008001a54       0x6c ./Drivers/STM32G4xx_HAL_Driver/Src/stm32g4xx_hal_dac.o
                0x0000000008001a54                HAL_DAC_Start
 .text.HAL_DAC_SetValue
                0x0000000008001ac0       0x30 ./Drivers/STM32G4xx_HAL_Driver/Src/stm32g4xx_hal_dac.o
                0x0000000008001ac0                HAL_DAC_SetValue
 .text.HAL_DAC_ConfigChannel
                0x0000000008001af0      0x1d8 ./Drivers/STM32G4xx_HAL_Driver/Src/stm32g4xx_hal_dac.o
                0x0000000008001af0                HAL_DAC_ConfigChannel
 .text.HAL_DMA_Init
                0x0000000008001cc8      0x12c ./Drivers/STM32G4xx_HAL_Driver/Src/stm32g4xx_hal_dma.o
                0x0000000008001cc8                HAL_DMA_Init
 .text.HAL_DMA_Start_IT
                0x0000000008001df4       0xb4 ./Drivers/STM32G4xx_HAL_Driver/Src/stm32g4xx_hal_dma.o
                0x0000000008001df4                HAL_DMA_Start_IT
 .text.HAL_DMA_IRQHandler
                0x0000000008001ea8       0x9c ./Drivers/STM32G4xx_HAL_Driver/Src/stm32g4xx_hal_dma.o
                0x0000000008001ea8                HAL_DMA_IRQHandler
 .text.HAL_GPIO_Init
                0x0000000008001f44      0x1f4 ./Drivers/STM32G4xx_HAL_Driver/Src/stm32g4xx_hal_gpio.o
                0x0000000008001f44                HAL_GPIO_Init
 .text.HAL_GPIO_WritePin
                0x0000000008002138        0xc ./Drivers/STM32G4xx_HAL_Driver/Src/stm32g4xx_hal_gpio.o
                0x0000000008002138                HAL_GPIO_WritePin
 .text.HAL_PWREx_ControlVoltageScaling
                0x0000000008002144       0xec ./Drivers/STM32G4xx_HAL_Driver/Src/stm32g4xx_hal_pwr_ex.o
                0x0000000008002144                HAL_PWREx_ControlVoltageScaling
 .text.HAL_PWREx_DisableUCPDDeadBattery
                0x0000000008002230       0x10 ./Drivers/STM32G4xx_HAL_Driver/Src/stm32g4xx_hal_pwr_ex.o
                0x0000000008002230                HAL_PWREx_DisableUCPDDeadBattery
 .text.HAL_RCC_OscConfig
                0x0000000008002240      0x498 ./Drivers/STM32G4xx_HAL_Driver/Src/stm32g4xx_hal_rcc.o
                0x0000000008002240                HAL_RCC_OscConfig
 .text.HAL_RCC_GetSysClockFreq
                0x00000000080026d8       0x70 ./Drivers/STM32G4xx_HAL_Driver/Src/stm32g4xx_hal_rcc.o
                0x00000000080026d8                HAL_RCC_GetSysClockFreq
 .text.HAL_RCC_ClockConfig
                0x0000000008002748      0x208 ./Drivers/STM32G4xx_HAL_Driver/Src/stm32g4xx_hal_rcc.o
                0x0000000008002748                HAL_RCC_ClockConfig
 .text.HAL_RCC_GetHCLKFreq
                0x0000000008002950        0xc ./Drivers/STM32G4xx_HAL_Driver/Src/stm32g4xx_hal_rcc.o
                0x0000000008002950                HAL_RCC_GetHCLKFreq
 .text.HAL_RCCEx_PeriphCLKConfig
                0x000000000800295c      0x298 ./Drivers/STM32G4xx_HAL_Driver/Src/stm32g4xx_hal_rcc_ex.o
                0x000000000800295c                HAL_RCCEx_PeriphCLKConfig
 .text.HAL_TIM_Base_Init
                0x0000000008002bf4      0x110 ./Drivers/STM32G4xx_HAL_Driver/Src/stm32g4xx_hal_tim.o
                0x0000000008002bf4                HAL_TIM_Base_Init
 .text.HAL_TIM_Base_Start_IT
                0x0000000008002d04       0x74 ./Drivers/STM32G4xx_HAL_Driver/Src/stm32g4xx_hal_tim.o
                0x0000000008002d04                HAL_TIM_Base_Start_IT
 .text.HAL_TIM_ConfigClockSource
                0x0000000008002d78      0x1a4 ./Drivers/STM32G4xx_HAL_Driver/Src/stm32g4xx_hal_tim.o
                0x0000000008002d78                HAL_TIM_ConfigClockSource
 .text.HAL_TIMEx_MasterConfigSynchronization
                0x0000000008002f1c       0x94 ./Drivers/STM32G4xx_HAL_Driver/Src/stm32g4xx_hal_tim_ex.o
                0x0000000008002f1c                HAL_TIMEx_MasterConfigSynchronization
 .text.memset   0x0000000008002fb0       0x10 /Applications/STM32CubeIDE.app/Contents/Eclipse/plugins/com.st.stm32cube.ide.mcu.externaltools.gnu-tools-for-stm32.11.3.rel1.macos64_1.1.200.202402032213/tools/bin/../lib/gcc/arm-none-eabi/11.3.1/../../../../arm-none-eabi/lib/thumb/v7e-m+fp/hard/libc_nano.a(libc_a-memset.o)
                0x0000000008002fb0                memset
 .text.__libc_init_array
                0x0000000008002fc0       0x48 /Applications/STM32CubeIDE.app/Contents/Eclipse/plugins/com.st.stm32cube.ide.mcu.externaltools.gnu-tools-for-stm32.11.3.rel1.macos64_1.1.200.202402032213/tools/bin/../lib/gcc/arm-none-eabi/11.3.1/../../../../arm-none-eabi/lib/thumb/v7e-m+fp/hard/libc_nano.a(libc_a-init.o)
                0x0000000008002fc0                __libc_init_array
 *(.glue_7)
 .glue_7        0x0000000008003008        0x0 linker stubs
 *(.glue_7t)
 .glue_7t       0x0000000008003008        0x0 linker stubs
 *(.eh_frame)
 .eh_frame      0x0000000008003008        0x0 /Applications/STM32CubeIDE.app/Contents/Eclipse/plugins/com.st.stm32cube.ide.mcu.externaltools.gnu-tools-for-stm32.11.3.rel1.macos64_1.1.200.202402032213/tools/bin/../lib/gcc/arm-none-eabi/11.3.1/thumb/v7e-m+fp/hard/crtbegin.o
 *(.init)
 .init          0x0000000008003008        0x4 /Applications/STM32CubeIDE.app/Contents/Eclipse/plugins/com.st.stm32cube.ide.mcu.externaltools.gnu-tools-for-stm32.11.3.rel1.macos64_1.1.200.202402032213/tools/bin/../lib/gcc/arm-none-eabi/11.3.1/thumb/v7e-m+fp/hard/crti.o
                0x0000000008003008                _init
 .init          0x000000000800300c        0x8 /Applications/STM32CubeIDE.app/Contents/Eclipse/plugins/com.st.stm32cube.ide.mcu.externaltools.gnu-tools-for-stm32.11.3.rel1.macos64_1.1.200.202402032213/tools/bin/../lib/gcc/arm-none-eabi/11.3.1/thumb/v7e-m+fp/hard/crtn.o
 *(.fini)
 .fini          0x0000000008003014        0x4 /Applications/STM32CubeIDE.app/Contents/Eclipse/plugins/com.st.stm32cube.ide.mcu.externaltools.gnu-tools-for-stm32.11.3.rel1.macos64_1.1.200.202402032213/tools/bin/../lib/gcc/arm-none-eabi/11.3.1/thumb/v7e-m+fp/hard/crti.o
                0x0000000008003014                _fini
 .fini          0x0000000008003018        0x8 /Applications/STM32CubeIDE.app/Contents/Eclipse/plugins/com.st.stm32cube.ide.mcu.externaltools.gnu-tools-for-stm32.11.3.rel1.macos64_1.1.200.202402032213/tools/bin/../lib/gcc/arm-none-eabi/11.3.1/thumb/v7e-m+fp/hard/crtn.o
                0x0000000008003020                . = ALIGN (0x4)
                0x0000000008003020                _etext = .

.vfp11_veneer   0x0000000008003020        0x0
 .vfp11_veneer  0x0000000008003020        0x0 linker stubs

.v4_bx          0x0000000008003020        0x0
 .v4_bx         0x0000000008003020        0x0 linker stubs

.iplt           0x0000000008003020        0x0
 .iplt          0x0000000008003020        0x0 /Applications/STM32CubeIDE.app/Contents/Eclipse/plugins/com.st.stm32cube.ide.mcu.externaltools.gnu-tools-for-stm32.11.3.rel1.macos64_1.1.200.202402032213/tools/bin/../lib/gcc/arm-none-eabi/11.3.1/thumb/v7e-m+fp/hard/crtbegin.o

.ccmram         0x0000000008003020      0x290
 .ccmram        0x0000000008003020       0xe0 ./Core/Lib/shared_delays.o
                0x0000000008003020                shared_modulated_allpass
 .ccmram        0x0000000008003100      0x1b0 ./Core/Src/sandbox.o
                0x0000000008003100                sandbox_tick

.rodata         0x00000000080032b0     0x1810
                0x00000000080032b0                . = ALIGN (0x4)
 *(.rodata)
 *(.rodata*)
 .rodata.float_expo_table
                0x00000000080032b0     0x1000 ./Core/Lib/float_expo_table.o
                0x00000000080032b0                float_expo_table
 .rodata.sine_10b
                0x00000000080042b0      0x800 ./Core/Lib/lfo.o
 .rodata.AHBPrescTable
                0x0000000008004ab0       0x10 ./Core/Src/system_stm32g4xx.o
                0x0000000008004ab0                AHBPrescTable
                0x0000000008004ac0                . = ALIGN (0x4)

.rel.dyn        0x0000000008004ac0        0x0
 .rel.iplt      0x0000000008004ac0        0x0 /Applications/STM32CubeIDE.app/Contents/Eclipse/plugins/com.st.stm32cube.ide.mcu.externaltools.gnu-tools-for-stm32.11.3.rel1.macos64_1.1.200.202402032213/tools/bin/../lib/gcc/arm-none-eabi/11.3.1/thumb/v7e-m+fp/hard/crtbegin.o

.ARM.extab      0x0000000008004ac0        0x0
                0x0000000008004ac0                . = ALIGN (0x4)
 *(.ARM.extab* .gnu.linkonce.armextab.*)
                0x0000000008004ac0                . = ALIGN (0x4)

.ARM            0x0000000008004ac0        0x0
                0x0000000008004ac0                . = ALIGN (0x4)
                0x0000000008004ac0                __exidx_start = .
 *(.ARM.exidx*)
                0x0000000008004ac0                __exidx_end = .
                0x0000000008004ac0                . = ALIGN (0x4)

.preinit_array  0x0000000008004ac0        0x0
                0x0000000008004ac0                . = ALIGN (0x4)
                0x0000000008004ac0                PROVIDE (__preinit_array_start = .)
 *(.preinit_array*)
                0x0000000008004ac0                PROVIDE (__preinit_array_end = .)
                0x0000000008004ac0                . = ALIGN (0x4)

.init_array     0x0000000008004ac0        0x4
                0x0000000008004ac0                . = ALIGN (0x4)
                0x0000000008004ac0                PROVIDE (__init_array_start = .)
 *(SORT_BY_NAME(.init_array.*))
 *(.init_array*)
 .init_array    0x0000000008004ac0        0x4 /Applications/STM32CubeIDE.app/Contents/Eclipse/plugins/com.st.stm32cube.ide.mcu.externaltools.gnu-tools-for-stm32.11.3.rel1.macos64_1.1.200.202402032213/tools/bin/../lib/gcc/arm-none-eabi/11.3.1/thumb/v7e-m+fp/hard/crtbegin.o
                0x0000000008004ac4                PROVIDE (__init_array_end = .)
                0x0000000008004ac4                . = ALIGN (0x4)

.fini_array     0x0000000008004ac4        0x4
                0x0000000008004ac4                . = ALIGN (0x4)
                [!provide]                        PROVIDE (__fini_array_start = .)
 *(SORT_BY_NAME(.fini_array.*))
 *(.fini_array*)
 .fini_array    0x0000000008004ac4        0x4 /Applications/STM32CubeIDE.app/Contents/Eclipse/plugins/com.st.stm32cube.ide.mcu.externaltools.gnu-tools-for-stm32.11.3.rel1.macos64_1.1.200.202402032213/tools/bin/../lib/gcc/arm-none-eabi/11.3.1/thumb/v7e-m+fp/hard/crtbegin.o
                [!provide]                        PROVIDE (__fini_array_end = .)
                0x0000000008004ac8                . = ALIGN (0x4)
                0x0000000008004ac8                _sidata = LOADADDR (.data)

.data           0x0000000020000000       0x28 load address 0x0000000008004ac8
                0x0000000020000000                . = ALIGN (0x4)
                0x0000000020000000                _sdata = .
 *(.data)
 *(.data*)
 .data.input_times
                0x0000000020000000       0x10 ./Core/Src/sandbox.o
                0x0000000020000000                input_times
 .data.loop_times
                0x0000000020000010        0xc ./Core/Src/sandbox.o
                0x0000000020000010                loop_times
 .data.SystemCoreClock
                0x000000002000001c        0x4 ./Core/Src/system_stm32g4xx.o
                0x000000002000001c                SystemCoreClock
 .data.uwTickFreq
                0x0000000020000020        0x4 ./Drivers/STM32G4xx_HAL_Driver/Src/stm32g4xx_hal.o
                0x0000000020000020                uwTickFreq
 .data.uwTickPrio
                0x0000000020000024        0x4 ./Drivers/STM32G4xx_HAL_Driver/Src/stm32g4xx_hal.o
                0x0000000020000024                uwTickPrio
 *(.RamFunc)
 *(.RamFunc*)
                0x0000000020000028                . = ALIGN (0x4)
                0x0000000020000028                _edata = .

.igot.plt       0x0000000020000028        0x0 load address 0x0000000008004af0
 .igot.plt      0x0000000020000028        0x0 /Applications/STM32CubeIDE.app/Contents/Eclipse/plugins/com.st.stm32cube.ide.mcu.externaltools.gnu-tools-for-stm32.11.3.rel1.macos64_1.1.200.202402032213/tools/bin/../lib/gcc/arm-none-eabi/11.3.1/thumb/v7e-m+fp/hard/crtbegin.o
                0x0000000020000028                . = ALIGN (0x4)

.bss            0x0000000020000028     0x7954 load address 0x0000000008004af0
                0x0000000020000028                _sbss = .
                0x0000000020000028                __bss_start__ = _sbss
 *(.bss)
 .bss           0x0000000020000028       0x1c /Applications/STM32CubeIDE.app/Contents/Eclipse/plugins/com.st.stm32cube.ide.mcu.externaltools.gnu-tools-for-stm32.11.3.rel1.macos64_1.1.200.202402032213/tools/bin/../lib/gcc/arm-none-eabi/11.3.1/thumb/v7e-m+fp/hard/crtbegin.o
 *(.bss*)
 .bss.HAL_RCC_ADC12_CLK_ENABLED
                0x0000000020000044        0x4 ./Core/Src/adc.o
 .bss.feedback.0
                0x0000000020000048        0x4 ./Core/Src/sandbox.o
 .bss.max_sig   0x000000002000004c        0x4 ./Core/Src/sandbox.o
                0x000000002000004c                max_sig
 *(COMMON)
 COMMON         0x0000000020000050      0x1a4 ./Core/Src/adc.o
                0x0000000020000050                hadc2
                0x00000000200000bc                hadc1
                0x0000000020000128                ADC1_raw_data
                0x000000002000012a                ADC2_raw_data
                0x000000002000012c                hdma_adc1
                0x000000002000018c                ADC1_channel_data
                0x0000000020000194                hdma_adc2
 COMMON         0x00000000200001f4       0x14 ./Core/Src/dac.o
                0x00000000200001f4                hdac1
 COMMON         0x0000000020000208       0x54 ./Core/Src/main.o
                0x0000000020000208                size_pot
                0x000000002000020c                feedback_pot
                0x0000000020000210                lp_cutoff_pot
                0x0000000020000214                mux_channel
                0x0000000020000218                lfos
                0x0000000020000258                hp_cutoff_pot
 COMMON         0x000000002000025c     0x7654 ./Core/Src/sandbox.o
                0x000000002000025c                input_highpass
                0x000000002000027c                svf3
                0x000000002000029c                total_time
                0x00000000200002a0                slow_filtered_noise
                0x00000000200002a4                smooth_delay
                0x00000000200002c4                feedback_lowpass
                0x00000000200002e4                slow_noise
                0x00000000200002e8                svf2
                0x0000000020000308                signal_input
                0x000000002000030c                feedback_highpass
                0x000000002000032c                d_mgr
                0x0000000020000340                svf1
                0x0000000020000360                input_lowpass
                0x0000000020000380                shared_buf
 COMMON         0x00000000200078b0       0x30 ./Core/Src/stm32g4xx_it.o
                0x00000000200078b0                dma_start
                0x00000000200078b4                sandbox_ticks
                0x00000000200078b8                second_half_max
                0x00000000200078bc                tim2_tick_start
                0x00000000200078c0                first_half_max
                0x00000000200078c4                tim2_ticks
                0x00000000200078c8                second_half_start
                0x00000000200078cc                first_half_ticks
                0x00000000200078d0                second_half_ticks
                0x00000000200078d4                first_half_start
                0x00000000200078d8                dma_ticks
                0x00000000200078dc                tim2_tick_end
 COMMON         0x00000000200078e0       0x98 ./Core/Src/tim.o
                0x00000000200078e0                htim3
                0x000000002000792c                htim2
 COMMON         0x0000000020007978        0x4 ./Drivers/STM32G4xx_HAL_Driver/Src/stm32g4xx_hal.o
                0x0000000020007978                uwTick
                0x000000002000797c                . = ALIGN (0x4)
                0x000000002000797c                _ebss = .
                0x000000002000797c                __bss_end__ = _ebss

._user_heap_stack
                0x000000002000797c      0x404 load address 0x0000000008004af0
                0x0000000020007980                . = ALIGN (0x8)
 *fill*         0x000000002000797c        0x4 
                [!provide]                        PROVIDE (end = .)
                0x0000000020007980                PROVIDE (_end = .)
                0x0000000020007980                . = (. + _Min_Heap_Size)
                0x0000000020007d80                . = (. + _Min_Stack_Size)
 *fill*         0x0000000020007980      0x400 
                0x0000000020007d80                . = ALIGN (0x8)

/DISCARD/
 libc.a(*)
 libm.a(*)
 libgcc.a(*)

.ARM.attributes
                0x0000000000000000       0x30
 *(.ARM.attributes)
 .ARM.attributes
                0x0000000000000000       0x1e /Applications/STM32CubeIDE.app/Contents/Eclipse/plugins/com.st.stm32cube.ide.mcu.externaltools.gnu-tools-for-stm32.11.3.rel1.macos64_1.1.200.202402032213/tools/bin/../lib/gcc/arm-none-eabi/11.3.1/thumb/v7e-m+fp/hard/crti.o
 .ARM.attributes
                0x000000000000001e       0x34 /Applications/STM32CubeIDE.app/Contents/Eclipse/plugins/com.st.stm32cube.ide.mcu.externaltools.gnu-tools-for-stm32.11.3.rel1.macos64_1.1.200.202402032213/tools/bin/../lib/gcc/arm-none-eabi/11.3.1/thumb/v7e-m+fp/hard/crtbegin.o
 .ARM.attributes
                0x0000000000000052       0x30 ./Core/Lib/c_filters.o
 .ARM.attributes
                0x0000000000000082       0x30 ./Core/Lib/float_expo_table.o
 .ARM.attributes
                0x00000000000000b2       0x30 ./Core/Lib/lfo.o
 .ARM.attributes
                0x00000000000000e2       0x30 ./Core/Lib/shared_delays.o
 .ARM.attributes
                0x0000000000000112       0x30 ./Core/Src/adc.o
 .ARM.attributes
                0x0000000000000142       0x30 ./Core/Src/dac.o
 .ARM.attributes
                0x0000000000000172       0x30 ./Core/Src/dma.o
 .ARM.attributes
                0x00000000000001a2       0x30 ./Core/Src/gpio.o
 .ARM.attributes
                0x00000000000001d2       0x30 ./Core/Src/main.o
 .ARM.attributes
                0x0000000000000202       0x30 ./Core/Src/sandbox.o
 .ARM.attributes
                0x0000000000000232       0x30 ./Core/Src/stm32g4xx_hal_msp.o
 .ARM.attributes
                0x0000000000000262       0x30 ./Core/Src/stm32g4xx_it.o
 .ARM.attributes
                0x0000000000000292       0x30 ./Core/Src/system_stm32g4xx.o
 .ARM.attributes
                0x00000000000002c2       0x30 ./Core/Src/tim.o
 .ARM.attributes
                0x00000000000002f2       0x21 ./Core/Startup/startup_stm32g431kbux.o
 .ARM.attributes
                0x0000000000000313       0x30 ./Drivers/STM32G4xx_HAL_Driver/Src/stm32g4xx_hal.o
 .ARM.attributes
                0x0000000000000343       0x30 ./Drivers/STM32G4xx_HAL_Driver/Src/stm32g4xx_hal_adc.o
 .ARM.attributes
                0x0000000000000373       0x30 ./Drivers/STM32G4xx_HAL_Driver/Src/stm32g4xx_hal_adc_ex.o
 .ARM.attributes
                0x00000000000003a3       0x30 ./Drivers/STM32G4xx_HAL_Driver/Src/stm32g4xx_hal_cortex.o
 .ARM.attributes
                0x00000000000003d3       0x30 ./Drivers/STM32G4xx_HAL_Driver/Src/stm32g4xx_hal_dac.o
 .ARM.attributes
                0x0000000000000403       0x30 ./Drivers/STM32G4xx_HAL_Driver/Src/stm32g4xx_hal_dma.o
 .ARM.attributes
                0x0000000000000433       0x30 ./Drivers/STM32G4xx_HAL_Driver/Src/stm32g4xx_hal_gpio.o
 .ARM.attributes
                0x0000000000000463       0x30 ./Drivers/STM32G4xx_HAL_Driver/Src/stm32g4xx_hal_pwr_ex.o
 .ARM.attributes
                0x0000000000000493       0x30 ./Drivers/STM32G4xx_HAL_Driver/Src/stm32g4xx_hal_rcc.o
 .ARM.attributes
                0x00000000000004c3       0x30 ./Drivers/STM32G4xx_HAL_Driver/Src/stm32g4xx_hal_rcc_ex.o
 .ARM.attributes
                0x00000000000004f3       0x30 ./Drivers/STM32G4xx_HAL_Driver/Src/stm32g4xx_hal_tim.o
 .ARM.attributes
                0x0000000000000523       0x30 ./Drivers/STM32G4xx_HAL_Driver/Src/stm32g4xx_hal_tim_ex.o
 .ARM.attributes
                0x0000000000000553       0x34 /Applications/STM32CubeIDE.app/Contents/Eclipse/plugins/com.st.stm32cube.ide.mcu.externaltools.gnu-tools-for-stm32.11.3.rel1.macos64_1.1.200.202402032213/tools/bin/../lib/gcc/arm-none-eabi/11.3.1/../../../../arm-none-eabi/lib/thumb/v7e-m+fp/hard/libc_nano.a(libc_a-memset.o)
 .ARM.attributes
                0x0000000000000587       0x34 /Applications/STM32CubeIDE.app/Contents/Eclipse/plugins/com.st.stm32cube.ide.mcu.externaltools.gnu-tools-for-stm32.11.3.rel1.macos64_1.1.200.202402032213/tools/bin/../lib/gcc/arm-none-eabi/11.3.1/../../../../arm-none-eabi/lib/thumb/v7e-m+fp/hard/libc_nano.a(libc_a-init.o)
 .ARM.attributes
                0x00000000000005bb       0x1e /Applications/STM32CubeIDE.app/Contents/Eclipse/plugins/com.st.stm32cube.ide.mcu.externaltools.gnu-tools-for-stm32.11.3.rel1.macos64_1.1.200.202402032213/tools/bin/../lib/gcc/arm-none-eabi/11.3.1/thumb/v7e-m+fp/hard/crtn.o
OUTPUT(Reverb.elf elf32-littlearm)
LOAD linker stubs
LOAD /Applications/STM32CubeIDE.app/Contents/Eclipse/plugins/com.st.stm32cube.ide.mcu.externaltools.gnu-tools-for-stm32.11.3.rel1.macos64_1.1.200.202402032213/tools/bin/../lib/gcc/arm-none-eabi/11.3.1/../../../../arm-none-eabi/lib/thumb/v7e-m+fp/hard/libc.a
LOAD /Applications/STM32CubeIDE.app/Contents/Eclipse/plugins/com.st.stm32cube.ide.mcu.externaltools.gnu-tools-for-stm32.11.3.rel1.macos64_1.1.200.202402032213/tools/bin/../lib/gcc/arm-none-eabi/11.3.1/../../../../arm-none-eabi/lib/thumb/v7e-m+fp/hard/libm.a
LOAD /Applications/STM32CubeIDE.app/Contents/Eclipse/plugins/com.st.stm32cube.ide.mcu.externaltools.gnu-tools-for-stm32.11.3.rel1.macos64_1.1.200.202402032213/tools/bin/../lib/gcc/arm-none-eabi/11.3.1/thumb/v7e-m+fp/hard/libgcc.a

.debug_info     0x0000000000000000    0x1fc93
 .debug_info    0x0000000000000000      0x4ef ./Core/Lib/c_filters.o
 .debug_info    0x00000000000004ef       0xa4 ./Core/Lib/float_expo_table.o
 .debug_info    0x0000000000000593      0x1b5 ./Core/Lib/lfo.o
 .debug_info    0x0000000000000748      0x597 ./Core/Lib/shared_delays.o
 .debug_info    0x0000000000000cdf     0x12c5 ./Core/Src/adc.o
 .debug_info    0x0000000000001fa4      0xd00 ./Core/Src/dac.o
 .debug_info    0x0000000000002ca4      0x54a ./Core/Src/dma.o
 .debug_info    0x00000000000031ee      0x4b4 ./Core/Src/gpio.o
 .debug_info    0x00000000000036a2     0x10f9 ./Core/Src/main.o
 .debug_info    0x000000000000479b     0x5491 ./Core/Src/sandbox.o
 .debug_info    0x0000000000009c2c      0x2e3 ./Core/Src/stm32g4xx_hal_msp.o
 .debug_info    0x0000000000009f0f      0xfe5 ./Core/Src/stm32g4xx_it.o
 .debug_info    0x000000000000aef4      0x5a7 ./Core/Src/system_stm32g4xx.o
 .debug_info    0x000000000000b49b     0x1005 ./Core/Src/tim.o
 .debug_info    0x000000000000c4a0       0x23 ./Core/Startup/startup_stm32g431kbux.o
 .debug_info    0x000000000000c4c3      0xbb7 ./Drivers/STM32G4xx_HAL_Driver/Src/stm32g4xx_hal.o
 .debug_info    0x000000000000d07a     0x34c8 ./Drivers/STM32G4xx_HAL_Driver/Src/stm32g4xx_hal_adc.o
 .debug_info    0x0000000000010542     0x2e06 ./Drivers/STM32G4xx_HAL_Driver/Src/stm32g4xx_hal_adc_ex.o
 .debug_info    0x0000000000013348      0xf2f ./Drivers/STM32G4xx_HAL_Driver/Src/stm32g4xx_hal_cortex.o
 .debug_info    0x0000000000014277      0xe0e ./Drivers/STM32G4xx_HAL_Driver/Src/stm32g4xx_hal_dac.o
 .debug_info    0x0000000000015085      0xa4e ./Drivers/STM32G4xx_HAL_Driver/Src/stm32g4xx_hal_dma.o
 .debug_info    0x0000000000015ad3      0x7a1 ./Drivers/STM32G4xx_HAL_Driver/Src/stm32g4xx_hal_gpio.o
 .debug_info    0x0000000000016274      0x997 ./Drivers/STM32G4xx_HAL_Driver/Src/stm32g4xx_hal_pwr_ex.o
 .debug_info    0x0000000000016c0b      0xe7b ./Drivers/STM32G4xx_HAL_Driver/Src/stm32g4xx_hal_rcc.o
 .debug_info    0x0000000000017a86      0xd41 ./Drivers/STM32G4xx_HAL_Driver/Src/stm32g4xx_hal_rcc_ex.o
 .debug_info    0x00000000000187c7     0x4f68 ./Drivers/STM32G4xx_HAL_Driver/Src/stm32g4xx_hal_tim.o
 .debug_info    0x000000000001d72f     0x2564 ./Drivers/STM32G4xx_HAL_Driver/Src/stm32g4xx_hal_tim_ex.o

.debug_abbrev   0x0000000000000000     0x3d15
 .debug_abbrev  0x0000000000000000      0x163 ./Core/Lib/c_filters.o
 .debug_abbrev  0x0000000000000163       0x54 ./Core/Lib/float_expo_table.o
 .debug_abbrev  0x00000000000001b7      0x105 ./Core/Lib/lfo.o
 .debug_abbrev  0x00000000000002bc      0x1bb ./Core/Lib/shared_delays.o
 .debug_abbrev  0x0000000000000477      0x27b ./Core/Src/adc.o
 .debug_abbrev  0x00000000000006f2      0x22a ./Core/Src/dac.o
 .debug_abbrev  0x000000000000091c      0x11e ./Core/Src/dma.o
 .debug_abbrev  0x0000000000000a3a      0x164 ./Core/Src/gpio.o
 .debug_abbrev  0x0000000000000b9e      0x2cd ./Core/Src/main.o
 .debug_abbrev  0x0000000000000e6b      0x257 ./Core/Src/sandbox.o
 .debug_abbrev  0x00000000000010c2       0xe5 ./Core/Src/stm32g4xx_hal_msp.o
 .debug_abbrev  0x00000000000011a7      0x2e8 ./Core/Src/stm32g4xx_it.o
 .debug_abbrev  0x000000000000148f      0x120 ./Core/Src/system_stm32g4xx.o
 .debug_abbrev  0x00000000000015af      0x278 ./Core/Src/tim.o
 .debug_abbrev  0x0000000000001827       0x12 ./Core/Startup/startup_stm32g431kbux.o
 .debug_abbrev  0x0000000000001839      0x2cb ./Drivers/STM32G4xx_HAL_Driver/Src/stm32g4xx_hal.o
 .debug_abbrev  0x0000000000001b04      0x36a ./Drivers/STM32G4xx_HAL_Driver/Src/stm32g4xx_hal_adc.o
 .debug_abbrev  0x0000000000001e6e      0x3e9 ./Drivers/STM32G4xx_HAL_Driver/Src/stm32g4xx_hal_adc_ex.o
 .debug_abbrev  0x0000000000002257      0x378 ./Drivers/STM32G4xx_HAL_Driver/Src/stm32g4xx_hal_cortex.o
 .debug_abbrev  0x00000000000025cf      0x25d ./Drivers/STM32G4xx_HAL_Driver/Src/stm32g4xx_hal_dac.o
 .debug_abbrev  0x000000000000282c      0x2af ./Drivers/STM32G4xx_HAL_Driver/Src/stm32g4xx_hal_dma.o
 .debug_abbrev  0x0000000000002adb      0x20e ./Drivers/STM32G4xx_HAL_Driver/Src/stm32g4xx_hal_gpio.o
 .debug_abbrev  0x0000000000002ce9      0x271 ./Drivers/STM32G4xx_HAL_Driver/Src/stm32g4xx_hal_pwr_ex.o
 .debug_abbrev  0x0000000000002f5a      0x352 ./Drivers/STM32G4xx_HAL_Driver/Src/stm32g4xx_hal_rcc.o
 .debug_abbrev  0x00000000000032ac      0x2ce ./Drivers/STM32G4xx_HAL_Driver/Src/stm32g4xx_hal_rcc_ex.o
 .debug_abbrev  0x000000000000357a      0x3d2 ./Drivers/STM32G4xx_HAL_Driver/Src/stm32g4xx_hal_tim.o
 .debug_abbrev  0x000000000000394c      0x3c9 ./Drivers/STM32G4xx_HAL_Driver/Src/stm32g4xx_hal_tim_ex.o

.debug_loclists
                0x0000000000000000     0xccba
 .debug_loclists
                0x0000000000000000      0x1b3 ./Core/Lib/c_filters.o
 .debug_loclists
                0x00000000000001b3       0x54 ./Core/Lib/lfo.o
 .debug_loclists
                0x0000000000000207      0x9a4 ./Core/Lib/shared_delays.o
 .debug_loclists
                0x0000000000000bab       0x57 ./Core/Src/adc.o
 .debug_loclists
                0x0000000000000c02       0x3a ./Core/Src/dac.o
 .debug_loclists
                0x0000000000000c3c       0x23 ./Core/Src/main.o
 .debug_loclists
                0x0000000000000c5f      0x3b5 ./Core/Src/sandbox.o
 .debug_loclists
                0x0000000000001014       0x17 ./Core/Src/stm32g4xx_it.o
 .debug_loclists
                0x000000000000102b       0x7e ./Core/Src/system_stm32g4xx.o
 .debug_loclists
                0x00000000000010a9       0x5c ./Core/Src/tim.o
 .debug_loclists
                0x0000000000001105      0x1b7 ./Drivers/STM32G4xx_HAL_Driver/Src/stm32g4xx_hal.o
 .debug_loclists
                0x00000000000012bc     0x19a6 ./Drivers/STM32G4xx_HAL_Driver/Src/stm32g4xx_hal_adc.o
 .debug_loclists
                0x0000000000002c62     0x1760 ./Drivers/STM32G4xx_HAL_Driver/Src/stm32g4xx_hal_adc_ex.o
 .debug_loclists
                0x00000000000043c2      0x49b ./Drivers/STM32G4xx_HAL_Driver/Src/stm32g4xx_hal_cortex.o
 .debug_loclists
                0x000000000000485d      0x605 ./Drivers/STM32G4xx_HAL_Driver/Src/stm32g4xx_hal_dac.o
 .debug_loclists
                0x0000000000004e62      0x5fc ./Drivers/STM32G4xx_HAL_Driver/Src/stm32g4xx_hal_dma.o
 .debug_loclists
                0x000000000000545e      0x2c0 ./Drivers/STM32G4xx_HAL_Driver/Src/stm32g4xx_hal_gpio.o
 .debug_loclists
                0x000000000000571e      0x4df ./Drivers/STM32G4xx_HAL_Driver/Src/stm32g4xx_hal_pwr_ex.o
 .debug_loclists
                0x0000000000005bfd      0x58d ./Drivers/STM32G4xx_HAL_Driver/Src/stm32g4xx_hal_rcc.o
 .debug_loclists
                0x000000000000618a      0x7a7 ./Drivers/STM32G4xx_HAL_Driver/Src/stm32g4xx_hal_rcc_ex.o
 .debug_loclists
                0x0000000000006931     0x4ada ./Drivers/STM32G4xx_HAL_Driver/Src/stm32g4xx_hal_tim.o
 .debug_loclists
                0x000000000000b40b     0x18af ./Drivers/STM32G4xx_HAL_Driver/Src/stm32g4xx_hal_tim_ex.o

.debug_aranges  0x0000000000000000      0xf08
 .debug_aranges
                0x0000000000000000       0x88 ./Core/Lib/c_filters.o
 .debug_aranges
                0x0000000000000088       0x18 ./Core/Lib/float_expo_table.o
 .debug_aranges
                0x00000000000000a0       0x20 ./Core/Lib/lfo.o
 .debug_aranges
                0x00000000000000c0       0x50 ./Core/Lib/shared_delays.o
 .debug_aranges
                0x0000000000000110       0x48 ./Core/Src/adc.o
 .debug_aranges
                0x0000000000000158       0x38 ./Core/Src/dac.o
 .debug_aranges
                0x0000000000000190       0x20 ./Core/Src/dma.o
 .debug_aranges
                0x00000000000001b0       0x20 ./Core/Src/gpio.o
 .debug_aranges
                0x00000000000001d0       0x40 ./Core/Src/main.o
 .debug_aranges
                0x0000000000000210       0x48 ./Core/Src/sandbox.o
 .debug_aranges
                0x0000000000000258       0x20 ./Core/Src/stm32g4xx_hal_msp.o
 .debug_aranges
                0x0000000000000278       0x70 ./Core/Src/stm32g4xx_it.o
 .debug_aranges
                0x00000000000002e8       0x28 ./Core/Src/system_stm32g4xx.o
 .debug_aranges
                0x0000000000000310       0x48 ./Core/Src/tim.o
 .debug_aranges
                0x0000000000000358       0x28 ./Core/Startup/startup_stm32g431kbux.o
 .debug_aranges
                0x0000000000000380      0x128 ./Drivers/STM32G4xx_HAL_Driver/Src/stm32g4xx_hal.o
 .debug_aranges
                0x00000000000004a8       0xe0 ./Drivers/STM32G4xx_HAL_Driver/Src/stm32g4xx_hal_adc.o
 .debug_aranges
                0x0000000000000588       0xd0 ./Drivers/STM32G4xx_HAL_Driver/Src/stm32g4xx_hal_adc_ex.o
 .debug_aranges
                0x0000000000000658       0xa8 ./Drivers/STM32G4xx_HAL_Driver/Src/stm32g4xx_hal_cortex.o
 .debug_aranges
                0x0000000000000700       0x98 ./Drivers/STM32G4xx_HAL_Driver/Src/stm32g4xx_hal_dac.o
 .debug_aranges
                0x0000000000000798       0x78 ./Drivers/STM32G4xx_HAL_Driver/Src/stm32g4xx_hal_dma.o
 .debug_aranges
                0x0000000000000810       0x58 ./Drivers/STM32G4xx_HAL_Driver/Src/stm32g4xx_hal_gpio.o
 .debug_aranges
                0x0000000000000868      0x128 ./Drivers/STM32G4xx_HAL_Driver/Src/stm32g4xx_hal_pwr_ex.o
 .debug_aranges
                0x0000000000000990       0x90 ./Drivers/STM32G4xx_HAL_Driver/Src/stm32g4xx_hal_rcc.o
 .debug_aranges
                0x0000000000000a20       0x98 ./Drivers/STM32G4xx_HAL_Driver/Src/stm32g4xx_hal_rcc_ex.o
 .debug_aranges
                0x0000000000000ab8      0x290 ./Drivers/STM32G4xx_HAL_Driver/Src/stm32g4xx_hal_tim.o
 .debug_aranges
                0x0000000000000d48      0x1c0 ./Drivers/STM32G4xx_HAL_Driver/Src/stm32g4xx_hal_tim_ex.o

.debug_rnglists
                0x0000000000000000     0x1709
 .debug_rnglists
                0x0000000000000000       0x61 ./Core/Lib/c_filters.o
 .debug_rnglists
                0x0000000000000061       0x13 ./Core/Lib/lfo.o
 .debug_rnglists
                0x0000000000000074       0x52 ./Core/Lib/shared_delays.o
 .debug_rnglists
                0x00000000000000c6       0x55 ./Core/Src/adc.o
 .debug_rnglists
                0x000000000000011b       0x3d ./Core/Src/dac.o
 .debug_rnglists
                0x0000000000000158       0x34 ./Core/Src/dma.o
 .debug_rnglists
                0x000000000000018c       0x32 ./Core/Src/gpio.o
 .debug_rnglists
                0x00000000000001be       0x2c ./Core/Src/main.o
 .debug_rnglists
                0x00000000000001ea       0x71 ./Core/Src/sandbox.o
 .debug_rnglists
                0x000000000000025b       0x1f ./Core/Src/stm32g4xx_hal_msp.o
 .debug_rnglists
                0x000000000000027a       0x5f ./Core/Src/stm32g4xx_it.o
 .debug_rnglists
                0x00000000000002d9       0x1a ./Core/Src/system_stm32g4xx.o
 .debug_rnglists
                0x00000000000002f3       0x4f ./Core/Src/tim.o
 .debug_rnglists
                0x0000000000000342       0x19 ./Core/Startup/startup_stm32g431kbux.o
 .debug_rnglists
                0x000000000000035b       0xd9 ./Drivers/STM32G4xx_HAL_Driver/Src/stm32g4xx_hal.o
 .debug_rnglists
                0x0000000000000434      0x43e ./Drivers/STM32G4xx_HAL_Driver/Src/stm32g4xx_hal_adc.o
 .debug_rnglists
                0x0000000000000872      0x391 ./Drivers/STM32G4xx_HAL_Driver/Src/stm32g4xx_hal_adc_ex.o
 .debug_rnglists
                0x0000000000000c03       0xee ./Drivers/STM32G4xx_HAL_Driver/Src/stm32g4xx_hal_cortex.o
 .debug_rnglists
                0x0000000000000cf1       0x6f ./Drivers/STM32G4xx_HAL_Driver/Src/stm32g4xx_hal_dac.o
 .debug_rnglists
                0x0000000000000d60       0xb3 ./Drivers/STM32G4xx_HAL_Driver/Src/stm32g4xx_hal_dma.o
 .debug_rnglists
                0x0000000000000e13       0x3f ./Drivers/STM32G4xx_HAL_Driver/Src/stm32g4xx_hal_gpio.o
 .debug_rnglists
                0x0000000000000e52       0xdf ./Drivers/STM32G4xx_HAL_Driver/Src/stm32g4xx_hal_pwr_ex.o
 .debug_rnglists
                0x0000000000000f31       0xab ./Drivers/STM32G4xx_HAL_Driver/Src/stm32g4xx_hal_rcc.o
 .debug_rnglists
                0x0000000000000fdc       0x9d ./Drivers/STM32G4xx_HAL_Driver/Src/stm32g4xx_hal_rcc_ex.o
 .debug_rnglists
                0x0000000000001079      0x4be ./Drivers/STM32G4xx_HAL_Driver/Src/stm32g4xx_hal_tim.o
 .debug_rnglists
                0x0000000000001537      0x1d2 ./Drivers/STM32G4xx_HAL_Driver/Src/stm32g4xx_hal_tim_ex.o

.debug_macro    0x0000000000000000     0x36cc
 .debug_macro   0x0000000000000000      0x214 ./Core/Lib/c_filters.o
 .debug_macro   0x0000000000000214      0x20a ./Core/Lib/float_expo_table.o
 .debug_macro   0x000000000000041e      0x214 ./Core/Lib/lfo.o
 .debug_macro   0x0000000000000632      0x214 ./Core/Lib/shared_delays.o
 .debug_macro   0x0000000000000846      0x20f ./Core/Src/adc.o
 .debug_macro   0x0000000000000a55       0x10 ./Core/Src/adc.o
 .debug_macro   0x0000000000000a65      0x20a ./Core/Src/dac.o
 .debug_macro   0x0000000000000c6f      0x20a ./Core/Src/dma.o
 .debug_macro   0x0000000000000e79      0x20a ./Core/Src/gpio.o
 .debug_macro   0x0000000000001083      0x268 ./Core/Src/main.o
 .debug_macro   0x00000000000012eb       0x10 ./Core/Src/main.o
 .debug_macro   0x00000000000012fb      0x2e4 ./Core/Src/sandbox.o
 .debug_macro   0x00000000000015df      0x200 ./Core/Src/stm32g4xx_hal_msp.o
 .debug_macro   0x00000000000017df      0x258 ./Core/Src/stm32g4xx_it.o
 .debug_macro   0x0000000000001a37       0x16 ./Core/Src/stm32g4xx_it.o
 .debug_macro   0x0000000000001a4d      0x1f1 ./Core/Src/system_stm32g4xx.o
 .debug_macro   0x0000000000001c3e      0x20a ./Core/Src/tim.o
 .debug_macro   0x0000000000001e48      0x23f ./Drivers/STM32G4xx_HAL_Driver/Src/stm32g4xx_hal.o
 .debug_macro   0x0000000000002087      0x20e ./Drivers/STM32G4xx_HAL_Driver/Src/stm32g4xx_hal_adc.o
 .debug_macro   0x0000000000002295      0x1fd ./Drivers/STM32G4xx_HAL_Driver/Src/stm32g4xx_hal_adc_ex.o
 .debug_macro   0x0000000000002492      0x1f1 ./Drivers/STM32G4xx_HAL_Driver/Src/stm32g4xx_hal_cortex.o
 .debug_macro   0x0000000000002683      0x207 ./Drivers/STM32G4xx_HAL_Driver/Src/stm32g4xx_hal_dac.o
 .debug_macro   0x000000000000288a      0x1f1 ./Drivers/STM32G4xx_HAL_Driver/Src/stm32g4xx_hal_dma.o
 .debug_macro   0x0000000000002a7b      0x1f8 ./Drivers/STM32G4xx_HAL_Driver/Src/stm32g4xx_hal_gpio.o
 .debug_macro   0x0000000000002c73      0x21b ./Drivers/STM32G4xx_HAL_Driver/Src/stm32g4xx_hal_pwr_ex.o
 .debug_macro   0x0000000000002e8e      0x233 ./Drivers/STM32G4xx_HAL_Driver/Src/stm32g4xx_hal_rcc.o
 .debug_macro   0x00000000000030c1      0x21b ./Drivers/STM32G4xx_HAL_Driver/Src/stm32g4xx_hal_rcc_ex.o
 .debug_macro   0x00000000000032dc      0x1f9 ./Drivers/STM32G4xx_HAL_Driver/Src/stm32g4xx_hal_tim.o
 .debug_macro   0x00000000000034d5      0x1f7 ./Drivers/STM32G4xx_HAL_Driver/Src/stm32g4xx_hal_tim_ex.o

.debug_line     0x0000000000000000    0x1e944
 .debug_line    0x0000000000000000      0x9bb ./Core/Lib/c_filters.o
 .debug_line    0x00000000000009bb      0x754 ./Core/Lib/float_expo_table.o
 .debug_line    0x000000000000110f      0x7b0 ./Core/Lib/lfo.o
 .debug_line    0x00000000000018bf      0xc13 ./Core/Lib/shared_delays.o
 .debug_line    0x00000000000024d2      0xca7 ./Core/Src/adc.o
 .debug_line    0x0000000000003179      0x887 ./Core/Src/dac.o
 .debug_line    0x0000000000003a00      0x76c ./Core/Src/dma.o
 .debug_line    0x000000000000416c      0x7a2 ./Core/Src/gpio.o
 .debug_line    0x000000000000490e      0x9f1 ./Core/Src/main.o
 .debug_line    0x00000000000052ff      0xba0 ./Core/Src/sandbox.o
 .debug_line    0x0000000000005e9f      0x75a ./Core/Src/stm32g4xx_hal_msp.o
 .debug_line    0x00000000000065f9      0x9c5 ./Core/Src/stm32g4xx_it.o
 .debug_line    0x0000000000006fbe      0x7ed ./Core/Src/system_stm32g4xx.o
 .debug_line    0x00000000000077ab      0x963 ./Core/Src/tim.o
 .debug_line    0x000000000000810e       0x7b ./Core/Startup/startup_stm32g431kbux.o
 .debug_line    0x0000000000008189      0xc03 ./Drivers/STM32G4xx_HAL_Driver/Src/stm32g4xx_hal.o
 .debug_line    0x0000000000008d8c     0x2df4 ./Drivers/STM32G4xx_HAL_Driver/Src/stm32g4xx_hal_adc.o
 .debug_line    0x000000000000bb80     0x28a0 ./Drivers/STM32G4xx_HAL_Driver/Src/stm32g4xx_hal_adc_ex.o
 .debug_line    0x000000000000e420      0xd63 ./Drivers/STM32G4xx_HAL_Driver/Src/stm32g4xx_hal_cortex.o
 .debug_line    0x000000000000f183      0xfa8 ./Drivers/STM32G4xx_HAL_Driver/Src/stm32g4xx_hal_dac.o
 .debug_line    0x000000000001012b     0x13cb ./Drivers/STM32G4xx_HAL_Driver/Src/stm32g4xx_hal_dma.o
 .debug_line    0x00000000000114f6      0xcb5 ./Drivers/STM32G4xx_HAL_Driver/Src/stm32g4xx_hal_gpio.o
 .debug_line    0x00000000000121ab      0xfca ./Drivers/STM32G4xx_HAL_Driver/Src/stm32g4xx_hal_pwr_ex.o
 .debug_line    0x0000000000013175     0x13d8 ./Drivers/STM32G4xx_HAL_Driver/Src/stm32g4xx_hal_rcc.o
 .debug_line    0x000000000001454d     0x151e ./Drivers/STM32G4xx_HAL_Driver/Src/stm32g4xx_hal_rcc_ex.o
 .debug_line    0x0000000000015a6b     0x67d4 ./Drivers/STM32G4xx_HAL_Driver/Src/stm32g4xx_hal_tim.o
 .debug_line    0x000000000001c23f     0x2705 ./Drivers/STM32G4xx_HAL_Driver/Src/stm32g4xx_hal_tim_ex.o

.debug_str      0x0000000000000000    0xd48a4
 .debug_str     0x0000000000000000    0xce0f2 ./Core/Lib/c_filters.o
                                      0xce64f (size before relaxing)
 .debug_str     0x00000000000ce0f2       0x49 ./Core/Lib/float_expo_table.o
                                      0xce4be (size before relaxing)
 .debug_str     0x00000000000ce13b       0x84 ./Core/Lib/lfo.o
                                      0xce528 (size before relaxing)
 .debug_str     0x00000000000ce1bf      0x130 ./Core/Lib/shared_delays.o
                                      0xce601 (size before relaxing)
 .debug_str     0x00000000000ce2ef      0xa4d ./Core/Src/adc.o
                                      0xceff5 (size before relaxing)
 .debug_str     0x00000000000ced3c      0x2ee ./Core/Src/dac.o
                                      0xcece0 (size before relaxing)
 .debug_str     0x00000000000cf02a      0x49b ./Core/Src/dma.o
                                      0xcea8c (size before relaxing)
 .debug_str     0x00000000000cf4c5       0x68 ./Core/Src/gpio.o
                                      0xce6d3 (size before relaxing)
 .debug_str     0x00000000000cf52d      0x353 ./Core/Src/main.o
                                      0xcefd1 (size before relaxing)
 .debug_str     0x00000000000cf880      0x33e ./Core/Src/sandbox.o
                                      0xcea54 (size before relaxing)
 .debug_str     0x00000000000cfbbe       0x4d ./Core/Src/stm32g4xx_hal_msp.o
                                      0xce629 (size before relaxing)
 .debug_str     0x00000000000cfc0b      0x49b ./Core/Src/stm32g4xx_it.o
                                      0xcf080 (size before relaxing)
 .debug_str     0x00000000000d00a6       0xdb ./Core/Src/system_stm32g4xx.o
                                      0xce570 (size before relaxing)
 .debug_str     0x00000000000d0181      0x16c ./Core/Src/tim.o
                                      0xcf27b (size before relaxing)
 .debug_str     0x00000000000d02ed       0x34 ./Core/Startup/startup_stm32g431kbux.o
                                         0x72 (size before relaxing)
 .debug_str     0x00000000000d0321      0x5ad ./Drivers/STM32G4xx_HAL_Driver/Src/stm32g4xx_hal.o
                                      0xcf088 (size before relaxing)
 .debug_str     0x00000000000d08ce      0xaff ./Drivers/STM32G4xx_HAL_Driver/Src/stm32g4xx_hal_adc.o
                                      0xcf5c1 (size before relaxing)
 .debug_str     0x00000000000d13cd      0x65d ./Drivers/STM32G4xx_HAL_Driver/Src/stm32g4xx_hal_adc_ex.o
                                      0xcf537 (size before relaxing)
 .debug_str     0x00000000000d1a2a      0x31c ./Drivers/STM32G4xx_HAL_Driver/Src/stm32g4xx_hal_cortex.o
                                      0xced33 (size before relaxing)
 .debug_str     0x00000000000d1d46      0x271 ./Drivers/STM32G4xx_HAL_Driver/Src/stm32g4xx_hal_dac.o
                                      0xcec1f (size before relaxing)
 .debug_str     0x00000000000d1fb7      0x280 ./Drivers/STM32G4xx_HAL_Driver/Src/stm32g4xx_hal_dma.o
                                      0xce94a (size before relaxing)
 .debug_str     0x00000000000d2237      0x11a ./Drivers/STM32G4xx_HAL_Driver/Src/stm32g4xx_hal_gpio.o
                                      0xce6fb (size before relaxing)
 .debug_str     0x00000000000d2351      0x495 ./Drivers/STM32G4xx_HAL_Driver/Src/stm32g4xx_hal_pwr_ex.o
                                      0xcea5e (size before relaxing)
 .debug_str     0x00000000000d27e6      0x4cc ./Drivers/STM32G4xx_HAL_Driver/Src/stm32g4xx_hal_rcc.o
                                      0xcec69 (size before relaxing)
 .debug_str     0x00000000000d2cb2      0x401 ./Drivers/STM32G4xx_HAL_Driver/Src/stm32g4xx_hal_rcc_ex.o
                                      0xcec6a (size before relaxing)
 .debug_str     0x00000000000d30b3      0xefa ./Drivers/STM32G4xx_HAL_Driver/Src/stm32g4xx_hal_tim.o
                                      0xcfa5e (size before relaxing)
 .debug_str     0x00000000000d3fad      0x8f7 ./Drivers/STM32G4xx_HAL_Driver/Src/stm32g4xx_hal_tim_ex.o
                                      0xcf6e2 (size before relaxing)

.comment        0x0000000000000000       0x43
 .comment       0x0000000000000000       0x43 ./Core/Lib/c_filters.o
                                         0x44 (size before relaxing)
 .comment       0x0000000000000043       0x44 ./Core/Lib/float_expo_table.o
 .comment       0x0000000000000043       0x44 ./Core/Lib/lfo.o
 .comment       0x0000000000000043       0x44 ./Core/Lib/shared_delays.o
 .comment       0x0000000000000043       0x44 ./Core/Src/adc.o
 .comment       0x0000000000000043       0x44 ./Core/Src/dac.o
 .comment       0x0000000000000043       0x44 ./Core/Src/dma.o
 .comment       0x0000000000000043       0x44 ./Core/Src/gpio.o
 .comment       0x0000000000000043       0x44 ./Core/Src/main.o
 .comment       0x0000000000000043       0x44 ./Core/Src/sandbox.o
 .comment       0x0000000000000043       0x44 ./Core/Src/stm32g4xx_hal_msp.o
 .comment       0x0000000000000043       0x44 ./Core/Src/stm32g4xx_it.o
 .comment       0x0000000000000043       0x44 ./Core/Src/system_stm32g4xx.o
 .comment       0x0000000000000043       0x44 ./Core/Src/tim.o
 .comment       0x0000000000000043       0x44 ./Drivers/STM32G4xx_HAL_Driver/Src/stm32g4xx_hal.o
 .comment       0x0000000000000043       0x44 ./Drivers/STM32G4xx_HAL_Driver/Src/stm32g4xx_hal_adc.o
 .comment       0x0000000000000043       0x44 ./Drivers/STM32G4xx_HAL_Driver/Src/stm32g4xx_hal_adc_ex.o
 .comment       0x0000000000000043       0x44 ./Drivers/STM32G4xx_HAL_Driver/Src/stm32g4xx_hal_cortex.o
 .comment       0x0000000000000043       0x44 ./Drivers/STM32G4xx_HAL_Driver/Src/stm32g4xx_hal_dac.o
 .comment       0x0000000000000043       0x44 ./Drivers/STM32G4xx_HAL_Driver/Src/stm32g4xx_hal_dma.o
 .comment       0x0000000000000043       0x44 ./Drivers/STM32G4xx_HAL_Driver/Src/stm32g4xx_hal_gpio.o
 .comment       0x0000000000000043       0x44 ./Drivers/STM32G4xx_HAL_Driver/Src/stm32g4xx_hal_pwr_ex.o
 .comment       0x0000000000000043       0x44 ./Drivers/STM32G4xx_HAL_Driver/Src/stm32g4xx_hal_rcc.o
 .comment       0x0000000000000043       0x44 ./Drivers/STM32G4xx_HAL_Driver/Src/stm32g4xx_hal_rcc_ex.o
 .comment       0x0000000000000043       0x44 ./Drivers/STM32G4xx_HAL_Driver/Src/stm32g4xx_hal_tim.o
 .comment       0x0000000000000043       0x44 ./Drivers/STM32G4xx_HAL_Driver/Src/stm32g4xx_hal_tim_ex.o

.debug_frame    0x0000000000000000     0x2de4
 .debug_frame   0x0000000000000000      0x108 ./Core/Lib/c_filters.o
 .debug_frame   0x0000000000000108       0x2c ./Core/Lib/lfo.o
 .debug_frame   0x0000000000000134       0xe4 ./Core/Lib/shared_delays.o
 .debug_frame   0x0000000000000218       0xcc ./Core/Src/adc.o
 .debug_frame   0x00000000000002e4       0x84 ./Core/Src/dac.o
 .debug_frame   0x0000000000000368       0x34 ./Core/Src/dma.o
 .debug_frame   0x000000000000039c       0x34 ./Core/Src/gpio.o
 .debug_frame   0x00000000000003d0       0x84 ./Core/Src/main.o
 .debug_frame   0x0000000000000454       0xd0 ./Core/Src/sandbox.o
 .debug_frame   0x0000000000000524       0x28 ./Core/Src/stm32g4xx_hal_msp.o
 .debug_frame   0x000000000000054c       0xf8 ./Core/Src/stm32g4xx_it.o
 .debug_frame   0x0000000000000644       0x30 ./Core/Src/system_stm32g4xx.o
 .debug_frame   0x0000000000000674       0xb8 ./Core/Src/tim.o
 .debug_frame   0x000000000000072c      0x280 ./Drivers/STM32G4xx_HAL_Driver/Src/stm32g4xx_hal.o
 .debug_frame   0x00000000000009ac      0x324 ./Drivers/STM32G4xx_HAL_Driver/Src/stm32g4xx_hal_adc.o
 .debug_frame   0x0000000000000cd0      0x32c ./Drivers/STM32G4xx_HAL_Driver/Src/stm32g4xx_hal_adc_ex.o
 .debug_frame   0x0000000000000ffc      0x164 ./Drivers/STM32G4xx_HAL_Driver/Src/stm32g4xx_hal_cortex.o
 .debug_frame   0x0000000000001160      0x214 ./Drivers/STM32G4xx_HAL_Driver/Src/stm32g4xx_hal_dac.o
 .debug_frame   0x0000000000001374      0x1a8 ./Drivers/STM32G4xx_HAL_Driver/Src/stm32g4xx_hal_dma.o
 .debug_frame   0x000000000000151c       0xe4 ./Drivers/STM32G4xx_HAL_Driver/Src/stm32g4xx_hal_gpio.o
 .debug_frame   0x0000000000001600      0x274 ./Drivers/STM32G4xx_HAL_Driver/Src/stm32g4xx_hal_pwr_ex.o
 .debug_frame   0x0000000000001874      0x1a4 ./Drivers/STM32G4xx_HAL_Driver/Src/stm32g4xx_hal_rcc.o
 .debug_frame   0x0000000000001a18      0x1b0 ./Drivers/STM32G4xx_HAL_Driver/Src/stm32g4xx_hal_rcc_ex.o
 .debug_frame   0x0000000000001bc8      0xb6c ./Drivers/STM32G4xx_HAL_Driver/Src/stm32g4xx_hal_tim.o
 .debug_frame   0x0000000000002734      0x664 ./Drivers/STM32G4xx_HAL_Driver/Src/stm32g4xx_hal_tim_ex.o
 .debug_frame   0x0000000000002d98       0x20 /Applications/STM32CubeIDE.app/Contents/Eclipse/plugins/com.st.stm32cube.ide.mcu.externaltools.gnu-tools-for-stm32.11.3.rel1.macos64_1.1.200.202402032213/tools/bin/../lib/gcc/arm-none-eabi/11.3.1/../../../../arm-none-eabi/lib/thumb/v7e-m+fp/hard/libc_nano.a(libc_a-memset.o)
 .debug_frame   0x0000000000002db8       0x2c /Applications/STM32CubeIDE.app/Contents/Eclipse/plugins/com.st.stm32cube.ide.mcu.externaltools.gnu-tools-for-stm32.11.3.rel1.macos64_1.1.200.202402032213/tools/bin/../lib/gcc/arm-none-eabi/11.3.1/../../../../arm-none-eabi/lib/thumb/v7e-m+fp/hard/libc_nano.a(libc_a-init.o)

.debug_line_str
                0x0000000000000000       0x66
 .debug_line_str
                0x0000000000000000       0x66 ./Core/Startup/startup_stm32g431kbux.o
                                         0x7e (size before relaxing)
