stm32f30x_usart.c:173:6:USART_DeInit	8	static
stm32f30x_usart.c:217:6:USART_Init	112	static
stm32f30x_usart.c:338:6:USART_StructInit	0	static
stm32f30x_usart.c:359:6:USART_ClockInit	8	static
stm32f30x_usart.c:389:6:USART_ClockStructInit	0	static
stm32f30x_usart.c:406:6:USART_Cmd	0	static
stm32f30x_usart.c:436:6:USART_DirectionModeCmd	0	static
stm32f30x_usart.c:468:6:USART_OverSampling8Cmd	0	static
stm32f30x_usart.c:496:6:USART_OneBitMethodCmd	0	static
stm32f30x_usart.c:526:6:USART_MSBFirstCmd	0	static
stm32f30x_usart.c:560:6:USART_DataInvCmd	0	static
stm32f30x_usart.c:596:6:USART_InvPinCmd	0	static
stm32f30x_usart.c:629:6:USART_SWAPPinCmd	0	static
stm32f30x_usart.c:655:6:USART_ReceiverTimeOutCmd	0	static
stm32f30x_usart.c:682:6:USART_SetReceiverTimeOut	0	static
stm32f30x_usart.c:705:6:USART_SetPrescaler	0	static
stm32f30x_usart.c:754:6:USART_STOPModeCmd	0	static
stm32f30x_usart.c:787:6:USART_StopModeWakeUpSourceConfig	0	static
stm32f30x_usart.c:838:6:USART_AutoBaudRateCmd	0	static
stm32f30x_usart.c:872:6:USART_AutoBaudRateConfig	0	static
stm32f30x_usart.c:915:6:USART_SendData	0	static
stm32f30x_usart.c:931:10:USART_ReceiveData	0	static
stm32f30x_usart.c:981:6:USART_SetAddress	0	static
stm32f30x_usart.c:1000:6:USART_MuteModeCmd	0	static
stm32f30x_usart.c:1028:6:USART_MuteModeWakeUpConfig	0	static
stm32f30x_usart.c:1048:6:USART_AddressDetectionConfig	0	static
stm32f30x_usart.c:1113:6:USART_LINBreakDetectLengthConfig	0	static
stm32f30x_usart.c:1131:6:USART_LINCmd	0	static
stm32f30x_usart.c:1189:6:USART_HalfDuplexCmd	0	static
stm32f30x_usart.c:1270:6:USART_SetGuardTime	0	static
stm32f30x_usart.c:1289:6:USART_SmartCardCmd	0	static
stm32f30x_usart.c:1314:6:USART_SmartCardNACKCmd	0	static
stm32f30x_usart.c:1338:6:USART_SetAutoRetryCount	0	static
stm32f30x_usart.c:1356:6:USART_SetBlockLength	0	static
stm32f30x_usart.c:1419:6:USART_IrDAConfig	0	static
stm32f30x_usart.c:1437:6:USART_IrDACmd	0	static
stm32f30x_usart.c:1495:6:USART_DECmd	0	static
stm32f30x_usart.c:1522:6:USART_DEPolarityConfig	0	static
stm32f30x_usart.c:1540:6:USART_SetDEAssertionTime	0	static
stm32f30x_usart.c:1560:6:USART_SetDEDeassertionTime	0	static
stm32f30x_usart.c:1607:6:USART_DMACmd	0	static
stm32f30x_usart.c:1640:6:USART_DMAReceptionErrorConfig	0	static
stm32f30x_usart.c:1773:6:USART_ITConfig	8	static
stm32f30x_usart.c:1827:6:USART_RequestCmd	0	static
stm32f30x_usart.c:1860:6:USART_OverrunDetectionConfig	0	static
stm32f30x_usart.c:1902:12:USART_GetFlagStatus	0	static
stm32f30x_usart.c:1953:6:USART_ClearFlag	0	static
stm32f30x_usart.c:1984:10:USART_GetITStatus	8	static
stm32f30x_usart.c:2056:6:USART_ClearITPendingBit	0	static
