stm32f30x_fmc.c:121:6:FMC_NORSRAMDeInit	0	static
stm32f30x_fmc.c:148:6:FMC_NORSRAMInit	12	static
stm32f30x_fmc.c:234:6:FMC_NORSRAMStructInit	12	static
stm32f30x_fmc.c:278:6:FMC_NORSRAMCmd	0	static
stm32f30x_fmc.c:351:6:FMC_NANDDeInit	0	static
stm32f30x_fmc.c:382:6:FMC_NANDInit	12	static
stm32f30x_fmc.c:447:6:FMC_NANDStructInit	0	static
stm32f30x_fmc.c:476:6:FMC_NANDCmd	0	static
stm32f30x_fmc.c:516:6:FMC_NANDECCCmd	0	static
stm32f30x_fmc.c:555:10:FMC_GetECC	0	static
stm32f30x_fmc.c:619:6:FMC_PCCARDDeInit	0	static
stm32f30x_fmc.c:636:6:FMC_PCCARDInit	8	static
stm32f30x_fmc.c:688:6:FMC_PCCARDStructInit	0	static
stm32f30x_fmc.c:714:6:FMC_PCCARDCmd	0	static
stm32f30x_fmc.c:764:6:FMC_ITConfig	0	static
stm32f30x_fmc.c:823:12:FMC_GetFlagStatus	0	static
stm32f30x_fmc.c:872:6:FMC_ClearFlag	0	static
stm32f30x_fmc.c:908:10:FMC_GetITStatus	0	static
stm32f30x_fmc.c:964:6:FMC_ClearITPendingBit	0	static
