stm32f30x_rcc.c:189:6:RCC_DeInit	0	static
stm32f30x_rcc.c:236:6:RCC_HSEConfig	0	static
stm32f30x_rcc.c:295:6:RCC_AdjustHSICalibrationValue	0	static
stm32f30x_rcc.c:329:6:RCC_HSICmd	0	static
stm32f30x_rcc.c:356:6:RCC_LSEConfig	0	static
stm32f30x_rcc.c:382:6:RCC_LSEDriveConfig	0	static
stm32f30x_rcc.c:406:6:RCC_LSICmd	0	static
stm32f30x_rcc.c:430:6:RCC_PLLConfig	8	static
stm32f30x_rcc.c:454:6:RCC_PLLCmd	0	static
stm32f30x_rcc.c:469:6:RCC_PREDIV1Config	0	static
stm32f30x_rcc.c:498:6:RCC_ClockSecuritySystemCmd	0	static
stm32f30x_rcc.c:565:6:RCC_MCOConfig	0	static
stm32f30x_rcc.c:681:6:RCC_SYSCLKConfig	0	static
stm32f30x_rcc.c:709:9:RCC_GetSYSCLKSource	0	static
stm32f30x_rcc.c:734:6:RCC_HCLKConfig	0	static
stm32f30x_rcc.c:765:6:RCC_PCLK1Config	0	static
stm32f30x_rcc.c:795:6:RCC_PCLK2Config	0	static
stm32f30x_rcc.c:852:6:RCC_GetClocksFreq	24	static
stm32f30x_rcc.c:1277:6:RCC_ADCCLKConfig	0	static
stm32f30x_rcc.c:1310:6:RCC_I2CCLKConfig	0	static
stm32f30x_rcc.c:1359:6:RCC_TIMCLKConfig	0	static
stm32f30x_rcc.c:1416:6:RCC_HRTIM1CLKConfig	0	static
stm32f30x_rcc.c:1440:6:RCC_USARTCLKConfig	0	static
stm32f30x_rcc.c:1485:6:RCC_USBCLKConfig	0	static
stm32f30x_rcc.c:1516:6:RCC_RTCCLKConfig	0	static
stm32f30x_rcc.c:1535:6:RCC_I2SCLKConfig	0	static
stm32f30x_rcc.c:1551:6:RCC_RTCCLKCmd	0	static
stm32f30x_rcc.c:1567:6:RCC_BackupResetCmd	0	static
stm32f30x_rcc.c:1603:6:RCC_AHBPeriphClockCmd	0	static
stm32f30x_rcc.c:1641:6:RCC_APB2PeriphClockCmd	0	static
stm32f30x_rcc.c:1688:6:RCC_APB1PeriphClockCmd	0	static
stm32f30x_rcc.c:1724:6:RCC_AHBPeriphResetCmd	0	static
stm32f30x_rcc.c:1759:6:RCC_APB2PeriphResetCmd	0	static
stm32f30x_rcc.c:1802:6:RCC_APB1PeriphResetCmd	0	static
stm32f30x_rcc.c:1853:6:RCC_ITConfig	0	static
stm32f30x_rcc.c:1890:12:RCC_GetFlagStatus	0	static
stm32f30x_rcc.c:261:13:RCC_WaitForHSEStartUp	16	static
stm32f30x_rcc.c:1941:6:RCC_ClearFlag	0	static
stm32f30x_rcc.c:1959:10:RCC_GetITStatus	0	static
stm32f30x_rcc.c:1991:6:RCC_ClearITPendingBit	0	static
