stm32f30x_rtc.c:2561:16:RTC_ByteToBcd2	0	static
stm32f30x_rtc.c:2579:16:RTC_Bcd2ToByte	0	static
stm32f30x_rtc.c:457:6:RTC_StructInit	0	static
stm32f30x_rtc.c:479:6:RTC_WriteProtectionCmd	0	static
stm32f30x_rtc.c:506:13:RTC_EnterInitMode	8	static
stm32f30x_rtc.c:551:6:RTC_ExitInitMode	0	static
stm32f30x_rtc.c:411:13:RTC_Init	16	static
stm32f30x_rtc.c:573:13:RTC_WaitForSynchro	16	static
stm32f30x_rtc.c:328:13:RTC_DeInit	24	static
stm32f30x_rtc.c:624:13:RTC_RefClockCmd	16	static
stm32f30x_rtc.c:672:6:RTC_BypassShadowCmd	0	static
stm32f30x_rtc.c:726:13:RTC_SetTime	24	static
stm32f30x_rtc.c:830:6:RTC_TimeStructInit	0	static
stm32f30x_rtc.c:849:6:RTC_GetTime	16	static
stm32f30x_rtc.c:882:10:RTC_GetSubSecond	0	static
stm32f30x_rtc.c:907:13:RTC_SetDate	16	static
stm32f30x_rtc.c:998:6:RTC_DateStructInit	0	static
stm32f30x_rtc.c:1017:6:RTC_GetDate	16	static
stm32f30x_rtc.c:1077:6:RTC_SetAlarm	32	static
stm32f30x_rtc.c:1188:6:RTC_AlarmStructInit	0	static
stm32f30x_rtc.c:1218:6:RTC_GetAlarm	24	static
stm32f30x_rtc.c:1272:13:RTC_AlarmCmd	16	static
stm32f30x_rtc.c:1366:6:RTC_AlarmSubSecondConfig	8	static
stm32f30x_rtc.c:1407:10:RTC_GetAlarmSubSecond	0	static
stm32f30x_rtc.c:1455:6:RTC_WakeUpClockConfig	0	static
stm32f30x_rtc.c:1482:6:RTC_SetWakeUpCounter	0	static
stm32f30x_rtc.c:1503:10:RTC_GetWakeUpCounter	0	static
stm32f30x_rtc.c:1515:13:RTC_WakeUpCmd	8	static
stm32f30x_rtc.c:1591:6:RTC_DayLightSavingConfig	8	static
stm32f30x_rtc.c:1618:10:RTC_GetStoreOperation	0	static
stm32f30x_rtc.c:1656:6:RTC_OutputConfig	8	static
stm32f30x_rtc.c:1699:6:RTC_CalibOutputCmd	0	static
stm32f30x_rtc.c:1731:6:RTC_CalibOutputConfig	0	static
stm32f30x_rtc.c:1767:13:RTC_SmoothCalibConfig	12	static
stm32f30x_rtc.c:1843:6:RTC_TimeStampCmd	8	static
stm32f30x_rtc.c:1887:6:RTC_GetTimeStamp	24	static
stm32f30x_rtc.c:1931:10:RTC_GetTimeStampSubSecond	0	static
stm32f30x_rtc.c:1969:6:RTC_TamperTriggerConfig	0	static
stm32f30x_rtc.c:1999:6:RTC_TamperCmd	0	static
stm32f30x_rtc.c:2030:6:RTC_TamperFilterConfig	0	static
stm32f30x_rtc.c:2064:6:RTC_TamperSamplingFreqConfig	0	static
stm32f30x_rtc.c:2087:6:RTC_TamperPinsPrechargeDuration	0	static
stm32f30x_rtc.c:2107:6:RTC_TimeStampOnTamperDetectionCmd	0	static
stm32f30x_rtc.c:2130:6:RTC_TamperPullUpCmd	0	static
stm32f30x_rtc.c:2171:6:RTC_WriteBackupRegister	8	static
stm32f30x_rtc.c:2192:10:RTC_ReadBackupRegister	8	static
stm32f30x_rtc.c:2232:6:RTC_OutputTypeConfig	0	static
stm32f30x_rtc.c:2270:13:RTC_SynchroShiftConfig	8	static
stm32f30x_rtc.c:2386:6:RTC_ITConfig	8	static
stm32f30x_rtc.c:2436:12:RTC_GetFlagStatus	0	static
stm32f30x_rtc.c:2474:6:RTC_ClearFlag	0	static
stm32f30x_rtc.c:2496:10:RTC_GetITStatus	8	static
stm32f30x_rtc.c:2538:6:RTC_ClearITPendingBit	0	static
