stm32f30x_opamp.c:144:6:OPAMP_DeInit	0	static
stm32f30x_opamp.c:164:6:OPAMP_Init	8	static
stm32f30x_opamp.c:192:6:OPAMP_StructInit	0	static
stm32f30x_opamp.c:209:6:OPAMP_PGAConfig	8	static
stm32f30x_opamp.c:239:6:OPAMP_VrefConfig	0	static
stm32f30x_opamp.c:271:6:OPAMP_VrefConnectNonInvertingInput	0	static
stm32f30x_opamp.c:297:6:OPAMP_VrefConnectADCCmd	0	static
stm32f30x_opamp.c:331:6:OPAMP_TimerControlledMuxConfig	12	static
stm32f30x_opamp.c:364:6:OPAMP_TimerControlledMuxCmd	0	static
stm32f30x_opamp.c:393:6:OPAMP_Cmd	0	static
stm32f30x_opamp.c:424:10:OPAMP_GetOutputLevel	0	static
stm32f30x_opamp.c:458:6:OPAMP_OffsetTrimModeSelect	8	static
stm32f30x_opamp.c:484:6:OPAMP_OffsetTrimConfig	12	static
stm32f30x_opamp.c:517:6:OPAMP_StartCalibration	0	static
stm32f30x_opamp.c:562:6:OPAMP_LockConfig	0	static
