stm32f30x_tim.c:3845:13:TI1_Config	12	static
stm32f30x_tim.c:3886:13:TI2_Config	12	static
stm32f30x_tim.c:199:6:TIM_DeInit	8	static
stm32f30x_tim.c:272:6:TIM_TimeBaseInit	0	static
stm32f30x_tim.c:324:6:TIM_TimeBaseStructInit	0	static
stm32f30x_tim.c:344:6:TIM_PrescalerConfig	0	static
stm32f30x_tim.c:367:6:TIM_CounterModeConfig	0	static
stm32f30x_tim.c:393:6:TIM_SetCounter	0	static
stm32f30x_tim.c:408:6:TIM_SetAutoreload	0	static
stm32f30x_tim.c:422:10:TIM_GetCounter	0	static
stm32f30x_tim.c:436:10:TIM_GetPrescaler	0	static
stm32f30x_tim.c:452:6:TIM_UpdateDisableConfig	0	static
stm32f30x_tim.c:481:6:TIM_UpdateRequestConfig	0	static
stm32f30x_tim.c:507:6:TIM_UIFRemap	0	static
stm32f30x_tim.c:532:6:TIM_ARRPreloadConfig	0	static
stm32f30x_tim.c:559:6:TIM_SelectOnePulseMode	0	static
stm32f30x_tim.c:582:6:TIM_SetClockDivision	0	static
stm32f30x_tim.c:603:6:TIM_Cmd	0	static
stm32f30x_tim.c:681:6:TIM_OC1Init	16	static
stm32f30x_tim.c:761:6:TIM_OC2Init	12	static
stm32f30x_tim.c:842:6:TIM_OC3Init	12	static
stm32f30x_tim.c:922:6:TIM_OC4Init	12	static
stm32f30x_tim.c:987:6:TIM_OC5Init	12	static
stm32f30x_tim.c:1051:6:TIM_OC6Init	12	static
stm32f30x_tim.c:1115:6:TIM_SelectGC5C1	0	static
stm32f30x_tim.c:1141:6:TIM_SelectGC5C2	0	static
stm32f30x_tim.c:1168:6:TIM_SelectGC5C3	0	static
stm32f30x_tim.c:1192:6:TIM_OCStructInit	0	static
stm32f30x_tim.c:1234:6:TIM_SelectOCxM	12	static
stm32f30x_tim.c:1280:6:TIM_SetCompare1	0	static
stm32f30x_tim.c:1296:6:TIM_SetCompare2	0	static
stm32f30x_tim.c:1311:6:TIM_SetCompare3	0	static
stm32f30x_tim.c:1326:6:TIM_SetCompare4	0	static
stm32f30x_tim.c:1341:6:TIM_SetCompare5	0	static
stm32f30x_tim.c:1356:6:TIM_SetCompare6	0	static
stm32f30x_tim.c:1374:6:TIM_ForcedOC1Config	0	static
stm32f30x_tim.c:1403:6:TIM_ForcedOC2Config	0	static
stm32f30x_tim.c:1431:6:TIM_ForcedOC3Config	0	static
stm32f30x_tim.c:1460:6:TIM_ForcedOC4Config	0	static
stm32f30x_tim.c:1488:6:TIM_ForcedOC5Config	0	static
stm32f30x_tim.c:1516:6:TIM_ForcedOC6Config	0	static
stm32f30x_tim.c:1544:6:TIM_OC1PreloadConfig	0	static
stm32f30x_tim.c:1574:6:TIM_OC2PreloadConfig	0	static
stm32f30x_tim.c:1603:6:TIM_OC3PreloadConfig	0	static
stm32f30x_tim.c:1632:6:TIM_OC4PreloadConfig	0	static
stm32f30x_tim.c:1661:6:TIM_OC5PreloadConfig	0	static
stm32f30x_tim.c:1690:6:TIM_OC6PreloadConfig	0	static
stm32f30x_tim.c:1719:6:TIM_OC1FastConfig	0	static
stm32f30x_tim.c:1750:6:TIM_OC2FastConfig	0	static
stm32f30x_tim.c:1780:6:TIM_OC3FastConfig	0	static
stm32f30x_tim.c:1810:6:TIM_OC4FastConfig	0	static
stm32f30x_tim.c:1840:6:TIM_ClearOC1Ref	0	static
stm32f30x_tim.c:1870:6:TIM_ClearOC2Ref	0	static
stm32f30x_tim.c:1899:6:TIM_ClearOC3Ref	0	static
stm32f30x_tim.c:1928:6:TIM_ClearOC4Ref	0	static
stm32f30x_tim.c:1957:6:TIM_ClearOC5Ref	0	static
stm32f30x_tim.c:1986:6:TIM_ClearOC6Ref	0	static
stm32f30x_tim.c:2015:6:TIM_SelectOCREFClear	0	static
stm32f30x_tim.c:2035:6:TIM_OC1PolarityConfig	0	static
stm32f30x_tim.c:2062:6:TIM_OC1NPolarityConfig	0	static
stm32f30x_tim.c:2089:6:TIM_OC2PolarityConfig	0	static
stm32f30x_tim.c:2116:6:TIM_OC2NPolarityConfig	0	static
stm32f30x_tim.c:2143:6:TIM_OC3PolarityConfig	0	static
stm32f30x_tim.c:2170:6:TIM_OC3NPolarityConfig	0	static
stm32f30x_tim.c:2197:6:TIM_OC4PolarityConfig	0	static
stm32f30x_tim.c:2224:6:TIM_OC5PolarityConfig	0	static
stm32f30x_tim.c:2251:6:TIM_OC6PolarityConfig	0	static
stm32f30x_tim.c:2284:6:TIM_CCxCmd	8	static
stm32f30x_tim.c:2314:6:TIM_CCxNCmd	8	static
stm32f30x_tim.c:2449:6:TIM_ICStructInit	0	static
stm32f30x_tim.c:2525:10:TIM_GetCapture1	0	static
stm32f30x_tim.c:2540:10:TIM_GetCapture2	0	static
stm32f30x_tim.c:2554:10:TIM_GetCapture3	0	static
stm32f30x_tim.c:2568:10:TIM_GetCapture4	0	static
stm32f30x_tim.c:2588:6:TIM_SetIC1Prescaler	0	static
stm32f30x_tim.c:2613:6:TIM_SetIC2Prescaler	0	static
stm32f30x_tim.c:2468:6:TIM_PWMIConfig	24	static
stm32f30x_tim.c:2637:6:TIM_SetIC3Prescaler	0	static
stm32f30x_tim.c:2661:6:TIM_SetIC4Prescaler	0	static
stm32f30x_tim.c:2396:6:TIM_ICInit	24	static
stm32f30x_tim.c:2714:6:TIM_BDTRConfig	0	static
stm32f30x_tim.c:2744:6:TIM_Break1Config	8	static
stm32f30x_tim.c:2766:6:TIM_Break2Config	8	static
stm32f30x_tim.c:2786:6:TIM_Break1Cmd	0	static
stm32f30x_tim.c:2811:6:TIM_Break2Cmd	0	static
stm32f30x_tim.c:2835:6:TIM_BDTRStructInit	0	static
stm32f30x_tim.c:2854:6:TIM_CtrlPWMOutputs	0	static
stm32f30x_tim.c:2879:6:TIM_SelectCOM	0	static
stm32f30x_tim.c:2904:6:TIM_CCPreloadControl	0	static
stm32f30x_tim.c:2961:6:TIM_ITConfig	0	static
stm32f30x_tim.c:2999:6:TIM_GenerateEvent	0	static
stm32f30x_tim.c:3034:12:TIM_GetFlagStatus	0	static
stm32f30x_tim.c:3078:6:TIM_ClearFlag	0	static
stm32f30x_tim.c:3106:10:TIM_GetITStatus	0	static
stm32f30x_tim.c:3147:6:TIM_ClearITPendingBit	0	static
stm32f30x_tim.c:3184:6:TIM_DMAConfig	0	static
stm32f30x_tim.c:3211:6:TIM_DMACmd	0	static
stm32f30x_tim.c:3237:6:TIM_SelectCCDMA	0	static
stm32f30x_tim.c:3276:6:TIM_InternalClockConfig	0	static
stm32f30x_tim.c:3297:6:TIM_ITRxExternalClockConfig	0	static
stm32f30x_tim.c:3327:6:TIM_TIxExternalClockConfig	16	static
stm32f30x_tim.c:3481:6:TIM_SelectInputTrigger	0	static
stm32f30x_tim.c:3524:6:TIM_SelectOutputTrigger	0	static
stm32f30x_tim.c:3562:6:TIM_SelectOutputTrigger2	0	static
stm32f30x_tim.c:3589:6:TIM_SelectSlaveMode	0	static
stm32f30x_tim.c:3612:6:TIM_SelectMasterSlaveMode	0	static
stm32f30x_tim.c:3642:6:TIM_ETRConfig	8	static
stm32f30x_tim.c:3367:6:TIM_ETRClockMode1Config	8	static
stm32f30x_tim.c:3414:6:TIM_ETRClockMode2Config	8	static
stm32f30x_tim.c:3700:6:TIM_EncoderInterfaceConfig	20	static
stm32f30x_tim.c:3752:6:TIM_SelectHallSensor	0	static
stm32f30x_tim.c:3814:6:TIM_RemapConfig	0	static
