../Drivers/STM32G4xx_HAL_Driver/Src/stm32g4xx_hal_dac_ex.c:123:19:HAL_DACEx_DualStart	8	static
../Drivers/STM32G4xx_HAL_Driver/Src/stm32g4xx_hal_dac_ex.c:170:19:HAL_DACEx_DualStop	8	static
../Drivers/STM32G4xx_HAL_Driver/Src/stm32g4xx_hal_dac_ex.c:205:19:HAL_DACEx_DualStart_DMA	24	static
../Drivers/STM32G4xx_HAL_Driver/Src/stm32g4xx_hal_dac_ex.c:318:19:HAL_DACEx_DualStop_DMA	16	static
../Drivers/STM32G4xx_HAL_Driver/Src/stm32g4xx_hal_dac_ex.c:398:19:HAL_DACEx_TriangleWaveGenerate	4	static
../Drivers/STM32G4xx_HAL_Driver/Src/stm32g4xx_hal_dac_ex.c:451:19:HAL_DACEx_NoiseWaveGenerate	4	static
../Drivers/STM32G4xx_HAL_Driver/Src/stm32g4xx_hal_dac_ex.c:501:19:HAL_DACEx_SawtoothWaveGenerate	4	static
../Drivers/STM32G4xx_HAL_Driver/Src/stm32g4xx_hal_dac_ex.c:563:19:HAL_DACEx_SawtoothWaveDataReset	4	static
../Drivers/STM32G4xx_HAL_Driver/Src/stm32g4xx_hal_dac_ex.c:619:19:HAL_DACEx_SawtoothWaveDataStep	4	static
../Drivers/STM32G4xx_HAL_Driver/Src/stm32g4xx_hal_dac_ex.c:676:19:HAL_DACEx_DualSetValue	0	static
../Drivers/STM32G4xx_HAL_Driver/Src/stm32g4xx_hal_dac_ex.c:712:13:HAL_DACEx_ConvCpltCallbackCh2	0	static
../Drivers/STM32G4xx_HAL_Driver/Src/stm32g4xx_hal_dac_ex.c:1032:6:DAC_DMAConvCpltCh2	8	static
../Drivers/STM32G4xx_HAL_Driver/Src/stm32g4xx_hal_dac_ex.c:728:13:HAL_DACEx_ConvHalfCpltCallbackCh2	0	static
../Drivers/STM32G4xx_HAL_Driver/Src/stm32g4xx_hal_dac_ex.c:1051:6:DAC_DMAHalfConvCpltCh2	8	static
../Drivers/STM32G4xx_HAL_Driver/Src/stm32g4xx_hal_dac_ex.c:744:13:HAL_DACEx_ErrorCallbackCh2	0	static
../Drivers/STM32G4xx_HAL_Driver/Src/stm32g4xx_hal_dac_ex.c:1068:6:DAC_DMAErrorCh2	8	static
../Drivers/STM32G4xx_HAL_Driver/Src/stm32g4xx_hal_dac_ex.c:760:13:HAL_DACEx_DMAUnderrunCallbackCh2	0	static
../Drivers/STM32G4xx_HAL_Driver/Src/stm32g4xx_hal_dac_ex.c:787:19:HAL_DACEx_SelfCalibrate	56	static
../Drivers/STM32G4xx_HAL_Driver/Src/stm32g4xx_hal_dac_ex.c:920:19:HAL_DACEx_SetUserTrimming	8	static
../Drivers/STM32G4xx_HAL_Driver/Src/stm32g4xx_hal_dac_ex.c:965:10:HAL_DACEx_GetTrimOffset	0	static
../Drivers/STM32G4xx_HAL_Driver/Src/stm32g4xx_hal_dac_ex.c:999:10:HAL_DACEx_DualGetValue	0	static
