Archive member included to satisfy reference by file (symbol)

/Applications/STM32CubeIDE.app/Contents/Eclipse/plugins/com.st.stm32cube.ide.mcu.externaltools.gnu-tools-for-stm32.9-2020-q2-update.macos64_2.0.0.202105311346/tools/bin/../lib/gcc/arm-none-eabi/9.3.1/../../../../arm-none-eabi/lib/thumb/v7e-m+fp/hard/libc_nano.a(lib_a-errno.o)
                              ./Core/Src/syscalls.o (__errno)
/Applications/STM32CubeIDE.app/Contents/Eclipse/plugins/com.st.stm32cube.ide.mcu.externaltools.gnu-tools-for-stm32.9-2020-q2-update.macos64_2.0.0.202105311346/tools/bin/../lib/gcc/arm-none-eabi/9.3.1/../../../../arm-none-eabi/lib/thumb/v7e-m+fp/hard/libc_nano.a(lib_a-exit.o)
                              /Applications/STM32CubeIDE.app/Contents/Eclipse/plugins/com.st.stm32cube.ide.mcu.externaltools.gnu-tools-for-stm32.9-2020-q2-update.macos64_2.0.0.202105311346/tools/bin/../lib/gcc/arm-none-eabi/9.3.1/../../../../arm-none-eabi/lib/thumb/v7e-m+fp/hard/crt0.o (exit)
/Applications/STM32CubeIDE.app/Contents/Eclipse/plugins/com.st.stm32cube.ide.mcu.externaltools.gnu-tools-for-stm32.9-2020-q2-update.macos64_2.0.0.202105311346/tools/bin/../lib/gcc/arm-none-eabi/9.3.1/../../../../arm-none-eabi/lib/thumb/v7e-m+fp/hard/libc_nano.a(lib_a-impure.o)
                              /Applications/STM32CubeIDE.app/Contents/Eclipse/plugins/com.st.stm32cube.ide.mcu.externaltools.gnu-tools-for-stm32.9-2020-q2-update.macos64_2.0.0.202105311346/tools/bin/../lib/gcc/arm-none-eabi/9.3.1/../../../../arm-none-eabi/lib/thumb/v7e-m+fp/hard/libc_nano.a(lib_a-exit.o) (_global_impure_ptr)
/Applications/STM32CubeIDE.app/Contents/Eclipse/plugins/com.st.stm32cube.ide.mcu.externaltools.gnu-tools-for-stm32.9-2020-q2-update.macos64_2.0.0.202105311346/tools/bin/../lib/gcc/arm-none-eabi/9.3.1/../../../../arm-none-eabi/lib/thumb/v7e-m+fp/hard/libc_nano.a(lib_a-init.o)
                              /Applications/STM32CubeIDE.app/Contents/Eclipse/plugins/com.st.stm32cube.ide.mcu.externaltools.gnu-tools-for-stm32.9-2020-q2-update.macos64_2.0.0.202105311346/tools/bin/../lib/gcc/arm-none-eabi/9.3.1/../../../../arm-none-eabi/lib/thumb/v7e-m+fp/hard/crt0.o (__libc_init_array)
/Applications/STM32CubeIDE.app/Contents/Eclipse/plugins/com.st.stm32cube.ide.mcu.externaltools.gnu-tools-for-stm32.9-2020-q2-update.macos64_2.0.0.202105311346/tools/bin/../lib/gcc/arm-none-eabi/9.3.1/../../../../arm-none-eabi/lib/thumb/v7e-m+fp/hard/libc_nano.a(lib_a-memset.o)
                              /Applications/STM32CubeIDE.app/Contents/Eclipse/plugins/com.st.stm32cube.ide.mcu.externaltools.gnu-tools-for-stm32.9-2020-q2-update.macos64_2.0.0.202105311346/tools/bin/../lib/gcc/arm-none-eabi/9.3.1/../../../../arm-none-eabi/lib/thumb/v7e-m+fp/hard/crt0.o (memset)
/Applications/STM32CubeIDE.app/Contents/Eclipse/plugins/com.st.stm32cube.ide.mcu.externaltools.gnu-tools-for-stm32.9-2020-q2-update.macos64_2.0.0.202105311346/tools/bin/../lib/gcc/arm-none-eabi/9.3.1/../../../../arm-none-eabi/lib/thumb/v7e-m+fp/hard/libm.a(lib_a-w_pow.o)
                              ./Core/Src/main.o (pow)
/Applications/STM32CubeIDE.app/Contents/Eclipse/plugins/com.st.stm32cube.ide.mcu.externaltools.gnu-tools-for-stm32.9-2020-q2-update.macos64_2.0.0.202105311346/tools/bin/../lib/gcc/arm-none-eabi/9.3.1/../../../../arm-none-eabi/lib/thumb/v7e-m+fp/hard/libm.a(lib_a-e_pow.o)
                              /Applications/STM32CubeIDE.app/Contents/Eclipse/plugins/com.st.stm32cube.ide.mcu.externaltools.gnu-tools-for-stm32.9-2020-q2-update.macos64_2.0.0.202105311346/tools/bin/../lib/gcc/arm-none-eabi/9.3.1/../../../../arm-none-eabi/lib/thumb/v7e-m+fp/hard/libm.a(lib_a-w_pow.o) (__ieee754_pow)
/Applications/STM32CubeIDE.app/Contents/Eclipse/plugins/com.st.stm32cube.ide.mcu.externaltools.gnu-tools-for-stm32.9-2020-q2-update.macos64_2.0.0.202105311346/tools/bin/../lib/gcc/arm-none-eabi/9.3.1/../../../../arm-none-eabi/lib/thumb/v7e-m+fp/hard/libm.a(lib_a-e_sqrt.o)
                              /Applications/STM32CubeIDE.app/Contents/Eclipse/plugins/com.st.stm32cube.ide.mcu.externaltools.gnu-tools-for-stm32.9-2020-q2-update.macos64_2.0.0.202105311346/tools/bin/../lib/gcc/arm-none-eabi/9.3.1/../../../../arm-none-eabi/lib/thumb/v7e-m+fp/hard/libm.a(lib_a-e_pow.o) (__ieee754_sqrt)
/Applications/STM32CubeIDE.app/Contents/Eclipse/plugins/com.st.stm32cube.ide.mcu.externaltools.gnu-tools-for-stm32.9-2020-q2-update.macos64_2.0.0.202105311346/tools/bin/../lib/gcc/arm-none-eabi/9.3.1/../../../../arm-none-eabi/lib/thumb/v7e-m+fp/hard/libm.a(lib_a-s_fabs.o)
                              /Applications/STM32CubeIDE.app/Contents/Eclipse/plugins/com.st.stm32cube.ide.mcu.externaltools.gnu-tools-for-stm32.9-2020-q2-update.macos64_2.0.0.202105311346/tools/bin/../lib/gcc/arm-none-eabi/9.3.1/../../../../arm-none-eabi/lib/thumb/v7e-m+fp/hard/libm.a(lib_a-e_pow.o) (fabs)
[...]
Memory Configuration

Name             Origin             Length             Attributes
CCMRAM           0x0000000010000000 0x0000000000001000 xrw
RAM              0x0000000020000000 0x0000000000003000 xrw
FLASH            0x0000000008000000 0x0000000000004000 xr
*default*        0x0000000000000000 0xffffffffffffffff

Linker script and memory map

LOAD /Applications/STM32CubeIDE.app/Contents/Eclipse/plugins/com.st.stm32cube.ide.mcu.externaltools.gnu-tools-for-stm32.9-2020-q2-update.macos64_2.0.0.202105311346/tools/bin/../lib/gcc/arm-none-eabi/9.3.1/thumb/v7e-m+fp/hard/crti.o
LOAD /Applications/STM32CubeIDE.app/Contents/Eclipse/plugins/com.st.stm32cube.ide.mcu.externaltools.gnu-tools-for-stm32.9-2020-q2-update.macos64_2.0.0.202105311346/tools/bin/../lib/gcc/arm-none-eabi/9.3.1/thumb/v7e-m+fp/hard/crtbegin.o
LOAD /Applications/STM32CubeIDE.app/Contents/Eclipse/plugins/com.st.stm32cube.ide.mcu.externaltools.gnu-tools-for-stm32.9-2020-q2-update.macos64_2.0.0.202105311346/tools/bin/../lib/gcc/arm-none-eabi/9.3.1/../../../../arm-none-eabi/lib/thumb/v7e-m+fp/hard/crt0.o
LOAD ./Core/Src/main.o
LOAD ./Core/Src/syscalls.o
LOAD ./Core/Src/system_stm32f30x.o
LOAD ./Core/Startup/startup_stm32.o
LOAD ./Drivers/STM32F3xx_HAL_Driver/Src/stm32f30x_adc.o
LOAD ./Drivers/STM32F3xx_HAL_Driver/Src/stm32f30x_can.o
LOAD ./Drivers/STM32F3xx_HAL_Driver/Src/stm32f30x_comp.o
LOAD ./Drivers/STM32F3xx_HAL_Driver/Src/stm32f30x_crc.o
LOAD ./Drivers/STM32F3xx_HAL_Driver/Src/stm32f30x_dac.o
LOAD ./Drivers/STM32F3xx_HAL_Driver/Src/stm32f30x_dbgmcu.o
LOAD ./Drivers/STM32F3xx_HAL_Driver/Src/stm32f30x_dma.o
LOAD ./Drivers/STM32F3xx_HAL_Driver/Src/stm32f30x_exti.o
LOAD ./Drivers/STM32F3xx_HAL_Driver/Src/stm32f30x_flash.o
LOAD ./Drivers/STM32F3xx_HAL_Driver/Src/stm32f30x_fmc.o
LOAD ./Drivers/STM32F3xx_HAL_Driver/Src/stm32f30x_gpio.o
LOAD ./Drivers/STM32F3xx_HAL_Driver/Src/stm32f30x_hrtim.o
LOAD ./Drivers/STM32F3xx_HAL_Driver/Src/stm32f30x_i2c.o
LOAD ./Drivers/STM32F3xx_HAL_Driver/Src/stm32f30x_iwdg.o
LOAD ./Drivers/STM32F3xx_HAL_Driver/Src/stm32f30x_misc.o
LOAD ./Drivers/STM32F3xx_HAL_Driver/Src/stm32f30x_opamp.o
LOAD ./Drivers/STM32F3xx_HAL_Driver/Src/stm32f30x_pwr.o
LOAD ./Drivers/STM32F3xx_HAL_Driver/Src/stm32f30x_rcc.o
LOAD ./Drivers/STM32F3xx_HAL_Driver/Src/stm32f30x_rtc.o
LOAD ./Drivers/STM32F3xx_HAL_Driver/Src/stm32f30x_spi.o
LOAD ./Drivers/STM32F3xx_HAL_Driver/Src/stm32f30x_syscfg.o
LOAD ./Drivers/STM32F3xx_HAL_Driver/Src/stm32f30x_tim.o
LOAD ./Drivers/STM32F3xx_HAL_Driver/Src/stm32f30x_usart.o
LOAD ./Drivers/STM32F3xx_HAL_Driver/Src/stm32f30x_wwdg.o
START GROUP
LOAD /Applications/STM32CubeIDE.app/Contents/Eclipse/plugins/com.st.stm32cube.ide.mcu.externaltools.gnu-tools-for-stm32.9-2020-q2-update.macos64_2.0.0.202105311346/tools/bin/../lib/gcc/arm-none-eabi/9.3.1/../../../../arm-none-eabi/lib/thumb/v7e-m+fp/hard/libc_nano.a
LOAD /Applications/STM32CubeIDE.app/Contents/Eclipse/plugins/com.st.stm32cube.ide.mcu.externaltools.gnu-tools-for-stm32.9-2020-q2-update.macos64_2.0.0.202105311346/tools/bin/../lib/gcc/arm-none-eabi/9.3.1/../../../../arm-none-eabi/lib/thumb/v7e-m+fp/hard/libm.a
END GROUP
START GROUP
LOAD /Applications/STM32CubeIDE.app/Contents/Eclipse/plugins/com.st.stm32cube.ide.mcu.externaltools.gnu-tools-for-stm32.9-2020-q2-update.macos64_2.0.0.202105311346/tools/bin/../lib/gcc/arm-none-eabi/9.3.1/thumb/v7e-m+fp/hard/libgcc.a
LOAD /Applications/STM32CubeIDE.app/Contents/Eclipse/plugins/com.st.stm32cube.ide.mcu.externaltools.gnu-tools-for-stm32.9-2020-q2-update.macos64_2.0.0.202105311346/tools/bin/../lib/gcc/arm-none-eabi/9.3.1/../../../../arm-none-eabi/lib/thumb/v7e-m+fp/hard/libc_nano.a
END GROUP
START GROUP
LOAD /Applications/STM32CubeIDE.app/Contents/Eclipse/plugins/com.st.stm32cube.ide.mcu.externaltools.gnu-tools-for-stm32.9-2020-q2-update.macos64_2.0.0.202105311346/tools/bin/../lib/gcc/arm-none-eabi/9.3.1/thumb/v7e-m+fp/hard/libgcc.a
LOAD /Applications/STM32CubeIDE.app/Contents/Eclipse/plugins/com.st.stm32cube.ide.mcu.externaltools.gnu-tools-for-stm32.9-2020-q2-update.macos64_2.0.0.202105311346/tools/bin/../lib/gcc/arm-none-eabi/9.3.1/../../../../arm-none-eabi/lib/thumb/v7e-m+fp/hard/libc_nano.a
LOAD /Applications/STM32CubeIDE.app/Contents/Eclipse/plugins/com.st.stm32cube.ide.mcu.externaltools.gnu-tools-for-stm32.9-2020-q2-update.macos64_2.0.0.202105311346/tools/bin/../lib/gcc/arm-none-eabi/9.3.1/../../../../arm-none-eabi/lib/thumb/v7e-m+fp/hard/libnosys.a
END GROUP
START GROUP
LOAD /Applications/STM32CubeIDE.app/Contents/Eclipse/plugins/com.st.stm32cube.ide.mcu.externaltools.gnu-tools-for-stm32.9-2020-q2-update.macos64_2.0.0.202105311346/tools/bin/../lib/gcc/arm-none-eabi/9.3.1/thumb/v7e-m+fp/hard/libgcc.a
LOAD /Applications/STM32CubeIDE.app/Contents/Eclipse/plugins/com.st.stm32cube.ide.mcu.externaltools.gnu-tools-for-stm32.9-2020-q2-update.macos64_2.0.0.202105311346/tools/bin/../lib/gcc/arm-none-eabi/9.3.1/../../../../arm-none-eabi/lib/thumb/v7e-m+fp/hard/libc_nano.a
LOAD /Applications/STM32CubeIDE.app/Contents/Eclipse/plugins/com.st.stm32cube.ide.mcu.externaltools.gnu-tools-for-stm32.9-2020-q2-update.macos64_2.0.0.202105311346/tools/bin/../lib/gcc/arm-none-eabi/9.3.1/../../../../arm-none-eabi/lib/thumb/v7e-m+fp/hard/libnosys.a
END GROUP
LOAD /Applications/STM32CubeIDE.app/Contents/Eclipse/plugins/com.st.stm32cube.ide.mcu.externaltools.gnu-tools-for-stm32.9-2020-q2-update.macos64_2.0.0.202105311346/tools/bin/../lib/gcc/arm-none-eabi/9.3.1/thumb/v7e-m+fp/hard/crtend.o
LOAD /Applications/STM32CubeIDE.app/Contents/Eclipse/plugins/com.st.stm32cube.ide.mcu.externaltools.gnu-tools-for-stm32.9-2020-q2-update.macos64_2.0.0.202105311346/tools/bin/../lib/gcc/arm-none-eabi/9.3.1/thumb/v7e-m+fp/hard/crtn.o
                0x0000000020003000                _estack = (ORIGIN (RAM) + LENGTH (RAM))
                0x0000000000000200                _Min_Heap_Size = 0x200
                0x0000000000000400                _Min_Stack_Size = 0x400

.isr_vector     0x0000000008000000      0x188
                0x0000000008000000                . = ALIGN (0x4)
 *(.isr_vector)
 .isr_vector    0x0000000008000000      0x188 ./Core/Startup/startup_stm32.o
                0x0000000008000000                g_pfnVectors
                0x0000000008000188                . = ALIGN (0x4)

.text           0x0000000008000188     0x281c
                0x0000000008000188                . = ALIGN (0x4)
 *(.text)
 .text          0x0000000008000188       0x40 /Applications/STM32CubeIDE.app/Contents/Eclipse/plugins/com.st.stm32cube.ide.mcu.externaltools.gnu-tools-for-stm32.9-2020-q2-update.macos64_2.0.0.202105311346/tools/bin/../lib/gcc/arm-none-eabi/9.3.1/thumb/v7e-m+fp/hard/crtbegin.o
 .text          0x00000000080001c8      0x378 /Applications/STM32CubeIDE.app/Contents/Eclipse/plugins/com.st.stm32cube.ide.mcu.externaltools.gnu-tools-for-stm32.9-2020-q2-update.macos64_2.0.0.202105311346/tools/bin/../lib/gcc/arm-none-eabi/9.3.1/thumb/v7e-m+fp/hard/libgcc.a(_arm_addsubdf3.o)
                0x00000000080001c8                __aeabi_drsub
                0x00000000080001d0                __subdf3
                0x00000000080001d0                __aeabi_dsub
                0x00000000080001d4                __aeabi_dadd
                0x00000000080001d4                __adddf3
                0x000000000800044c                __aeabi_ui2d
                0x000000000800044c                __floatunsidf
                0x000000000800046c                __floatsidf
                0x000000000800046c                __aeabi_i2d
                0x0000000008000490                __extendsfdf2
                0x0000000008000490                __aeabi_f2d
                0x00000000080004d4                __aeabi_ul2d
                0x00000000080004d4                __floatundidf
                0x00000000080004e4                __aeabi_l2d
                0x00000000080004e4                __floatdidf
 .text          0x0000000008000540      0x424 /Applications/STM32CubeIDE.app/Contents/Eclipse/plugins/com.st.stm32cube.ide.mcu.externaltools.gnu-tools-for-stm32.9-2020-q2-update.macos64_2.0.0.202105311346/tools/bin/../lib/gcc/arm-none-eabi/9.3.1/thumb/v7e-m+fp/hard/libgcc.a(_arm_muldivdf3.o)
                0x0000000008000540                __aeabi_dmul
                0x0000000008000540                __muldf3
                0x0000000008000794                __aeabi_ddiv
                0x0000000008000794                __divdf3
 .text          0x0000000008000964      0x110 /Applications/STM32CubeIDE.app/Contents/Eclipse/plugins/com.st.stm32cube.ide.mcu.externaltools.gnu-tools-for-stm32.9-2020-q2-update.macos64_2.0.0.202105311346/tools/bin/../lib/gcc/arm-none-eabi/9.3.1/thumb/v7e-m+fp/hard/libgcc.a(_arm_cmpdf2.o)
                0x0000000008000964                __gedf2
                0x0000000008000964                __gtdf2
                0x000000000800096c                __ledf2
                0x000000000800096c                __ltdf2
                0x0000000008000974                __cmpdf2
                0x0000000008000974                __eqdf2
                0x0000000008000974                __nedf2
                0x00000000080009f0                __aeabi_cdrcmple
                0x0000000008000a00                __aeabi_cdcmple
                0x0000000008000a00                __aeabi_cdcmpeq
                0x0000000008000a10                __aeabi_dcmpeq
                0x0000000008000a24                __aeabi_dcmplt
                0x0000000008000a38                __aeabi_dcmple
                0x0000000008000a4c                __aeabi_dcmpge
                0x0000000008000a60                __aeabi_dcmpgt
 .text          0x0000000008000a74       0x2c /Applications/STM32CubeIDE.app/Contents/Eclipse/plugins/com.st.stm32cube.ide.mcu.externaltools.gnu-tools-for-stm32.9-2020-q2-update.macos64_2.0.0.202105311346/tools/bin/../lib/gcc/arm-none-eabi/9.3.1/thumb/v7e-m+fp/hard/libgcc.a(_arm_unorddf2.o)
                0x0000000008000a74                __aeabi_dcmpun
                0x0000000008000a74                __unorddf2
 .text          0x0000000008000aa0       0x40 /Applications/STM32CubeIDE.app/Contents/Eclipse/plugins/com.st.stm32cube.ide.mcu.externaltools.gnu-tools-for-stm32.9-2020-q2-update.macos64_2.0.0.202105311346/tools/bin/../lib/gcc/arm-none-eabi/9.3.1/thumb/v7e-m+fp/hard/libgcc.a(_arm_fixunsdfsi.o)
                0x0000000008000aa0                __fixunsdfsi
                0x0000000008000aa0                __aeabi_d2uiz
 *(.text*)
 .text.NVIC_Config
                0x0000000008000ae0       0x3c ./Core/Src/main.o
                0x0000000008000ae0                NVIC_Config
 .text.GPIO_Config
                0x0000000008000b1c       0x74 ./Core/Src/main.o
                0x0000000008000b1c                GPIO_Config
 .text.delay    0x0000000008000b90       0x1c ./Core/Src/main.o
                0x0000000008000b90                delay
 .text.DAC_Config
                0x0000000008000bac       0xb0 ./Core/Src/main.o
                0x0000000008000bac                DAC_Config
 .text.TIM_Config
                0x0000000008000c5c       0x50 ./Core/Src/main.o
                0x0000000008000c5c                TIM_Config
 .text.SysTick_Handler
                0x0000000008000cac        0x2 ./Core/Src/main.o
                0x0000000008000cac                SysTick_Handler
 *fill*         0x0000000008000cae        0x2 
 .text.setup    0x0000000008000cb0      0x1c4 ./Core/Src/main.o
                0x0000000008000cb0                setup
 .text.startup.main
                0x0000000008000e74        0x8 ./Core/Src/main.o
                0x0000000008000e74                main
 .text.DMA1_Channel1_IRQHandler
                0x0000000008000e7c       0x16 ./Core/Src/main.o
                0x0000000008000e7c                DMA1_Channel1_IRQHandler
 *fill*         0x0000000008000e92        0x2 
 .text.step_increment
                0x0000000008000e94      0x184 ./Core/Src/main.o
                0x0000000008000e94                step_increment
 .text.TIM3_IRQHandler
                0x0000000008001018      0x314 ./Core/Src/main.o
                0x0000000008001018                TIM3_IRQHandler
 .text.SystemInit
                0x000000000800132c       0xc0 ./Core/Src/system_stm32f30x.o
                0x000000000800132c                SystemInit
 .text.Reset_Handler
                0x00000000080013ec       0x48 ./Core/Startup/startup_stm32.o
                0x00000000080013ec                Reset_Handler
 .text.Default_Handler
                0x0000000008001434        0x2 ./Core/Startup/startup_stm32.o
                0x0000000008001434                TIM1_BRK_TIM15_IRQHandler
                0x0000000008001434                TIM8_TRG_COM_IRQHandler
                0x0000000008001434                TIM8_CC_IRQHandler
                0x0000000008001434                DebugMon_Handler
                0x0000000008001434                TIM1_CC_IRQHandler
                0x0000000008001434                HardFault_Handler
                0x0000000008001434                USB_HP_IRQHandler
                0x0000000008001434                PVD_IRQHandler
                0x0000000008001434                PendSV_Handler
                0x0000000008001434                NMI_Handler
                0x0000000008001434                EXTI3_IRQHandler
                0x0000000008001434                EXTI0_IRQHandler
                0x0000000008001434                I2C2_EV_IRQHandler
                0x0000000008001434                FPU_IRQHandler
                0x0000000008001434                EXTI2_TS_IRQHandler
                0x0000000008001434                TIM1_UP_TIM16_IRQHandler
                0x0000000008001434                UsageFault_Handler
                0x0000000008001434                ADC1_2_IRQHandler
                0x0000000008001434                SPI1_IRQHandler
                0x0000000008001434                TIM6_DAC_IRQHandler
                0x0000000008001434                TIM8_UP_IRQHandler
                0x0000000008001434                DMA2_Channel2_IRQHandler
                0x0000000008001434                DMA1_Channel4_IRQHandler
                0x0000000008001434                USART3_IRQHandler
                0x0000000008001434                DMA1_Channel7_IRQHandler
                0x0000000008001434                CAN1_RX1_IRQHandler
                0x0000000008001434                UART5_IRQHandler
                0x0000000008001434                ADC3_IRQHandler
                0x0000000008001434                TIM4_IRQHandler
                0x0000000008001434                DMA2_Channel1_IRQHandler
                0x0000000008001434                I2C1_EV_IRQHandler
                0x0000000008001434                DMA1_Channel6_IRQHandler
                0x0000000008001434                UART4_IRQHandler
                0x0000000008001434                DMA2_Channel4_IRQHandler
                0x0000000008001434                RCC_IRQHandler
                0x0000000008001434                Default_Handler
                0x0000000008001434                USBWakeUp_RMP_IRQHandler
                0x0000000008001434                EXTI15_10_IRQHandler
                0x0000000008001434                TIM7_IRQHandler
                0x0000000008001434                EXTI9_5_IRQHandler
                0x0000000008001434                TAMPER_STAMP_IRQHandler
                0x0000000008001434                RTC_WKUP_IRQHandler
                0x0000000008001434                SPI2_IRQHandler
                0x0000000008001434                MemManage_Handler
                0x0000000008001434                SVC_Handler
                0x0000000008001434                DMA2_Channel5_IRQHandler
                0x0000000008001434                DMA1_Channel5_IRQHandler
                0x0000000008001434                USB_LP_IRQHandler
                0x0000000008001434                EXTI4_IRQHandler
                0x0000000008001434                USB_LP_CAN1_RX0_IRQHandler
                0x0000000008001434                TIM1_TRG_COM_TIM17_IRQHandler
                0x0000000008001434                USB_HP_CAN1_TX_IRQHandler
                0x0000000008001434                DMA1_Channel3_IRQHandler
                0x0000000008001434                ADC4_IRQHandler
                0x0000000008001434                WWDG_IRQHandler
                0x0000000008001434                TIM2_IRQHandler
                0x0000000008001434                COMP7_IRQHandler
                0x0000000008001434                COMP1_2_3_IRQHandler
                0x0000000008001434                EXTI1_IRQHandler
                0x0000000008001434                USART2_IRQHandler
                0x0000000008001434                COMP4_5_6_IRQHandler
                0x0000000008001434                I2C2_ER_IRQHandler
                0x0000000008001434                DMA1_Channel2_IRQHandler
                0x0000000008001434                TIM8_BRK_IRQHandler
                0x0000000008001434                CAN1_SCE_IRQHandler
                0x0000000008001434                FLASH_IRQHandler
                0x0000000008001434                BusFault_Handler
                0x0000000008001434                USART1_IRQHandler
                0x0000000008001434                SPI3_IRQHandler
                0x0000000008001434                I2C1_ER_IRQHandler
                0x0000000008001434                USBWakeUp_IRQHandler
                0x0000000008001434                DMA2_Channel3_IRQHandler
                0x0000000008001434                RTC_Alarm_IRQHandler
 *fill*         0x0000000008001436        0x2 
 .text.ADC_Init
                0x0000000008001438       0x3c ./Drivers/STM32F3xx_HAL_Driver/Src/stm32f30x_adc.o
                0x0000000008001438                ADC_Init
 .text.ADC_StructInit
                0x0000000008001474       0x16 ./Drivers/STM32F3xx_HAL_Driver/Src/stm32f30x_adc.o
                0x0000000008001474                ADC_StructInit
 *fill*         0x000000000800148a        0x2 
 .text.ADC_CommonInit
                0x000000000800148c       0x5c ./Drivers/STM32F3xx_HAL_Driver/Src/stm32f30x_adc.o
                0x000000000800148c                ADC_CommonInit
 .text.ADC_CommonStructInit
                0x00000000080014e8        0xe ./Drivers/STM32F3xx_HAL_Driver/Src/stm32f30x_adc.o
                0x00000000080014e8                ADC_CommonStructInit
 .text.ADC_Cmd  0x00000000080014f6       0x12 ./Drivers/STM32F3xx_HAL_Driver/Src/stm32f30x_adc.o
                0x00000000080014f6                ADC_Cmd
 .text.ADC_StartCalibration
                0x0000000008001508        0xa ./Drivers/STM32F3xx_HAL_Driver/Src/stm32f30x_adc.o
                0x0000000008001508                ADC_StartCalibration
 .text.ADC_GetCalibrationValue
                0x0000000008001512        0x6 ./Drivers/STM32F3xx_HAL_Driver/Src/stm32f30x_adc.o
                0x0000000008001512                ADC_GetCalibrationValue
 .text.ADC_SelectCalibrationMode
                0x0000000008001518       0x10 ./Drivers/STM32F3xx_HAL_Driver/Src/stm32f30x_adc.o
                0x0000000008001518                ADC_SelectCalibrationMode
 .text.ADC_GetCalibrationStatus
                0x0000000008001528        0x6 ./Drivers/STM32F3xx_HAL_Driver/Src/stm32f30x_adc.o
                0x0000000008001528                ADC_GetCalibrationStatus
 .text.ADC_VoltageRegulatorCmd
                0x000000000800152e       0x1a ./Drivers/STM32F3xx_HAL_Driver/Src/stm32f30x_adc.o
                0x000000000800152e                ADC_VoltageRegulatorCmd
 .text.ADC_RegularChannelConfig
                0x0000000008001548       0xb8 ./Drivers/STM32F3xx_HAL_Driver/Src/stm32f30x_adc.o
                0x0000000008001548                ADC_RegularChannelConfig
 .text.ADC_StartConversion
                0x0000000008001600        0xa ./Drivers/STM32F3xx_HAL_Driver/Src/stm32f30x_adc.o
                0x0000000008001600                ADC_StartConversion
 .text.ADC_GetConversionValue
                0x000000000800160a        0x6 ./Drivers/STM32F3xx_HAL_Driver/Src/stm32f30x_adc.o
                0x000000000800160a                ADC_GetConversionValue
 .text.ADC_DMACmd
                0x0000000008001610       0x12 ./Drivers/STM32F3xx_HAL_Driver/Src/stm32f30x_adc.o
                0x0000000008001610                ADC_DMACmd
 .text.ADC_DMAConfig
                0x0000000008001622       0x10 ./Drivers/STM32F3xx_HAL_Driver/Src/stm32f30x_adc.o
                0x0000000008001622                ADC_DMAConfig
 .text.ADC_GetFlagStatus
                0x0000000008001632        0xc ./Drivers/STM32F3xx_HAL_Driver/Src/stm32f30x_adc.o
                0x0000000008001632                ADC_GetFlagStatus
 .text.DAC_Init
                0x000000000800163e       0x26 ./Drivers/STM32F3xx_HAL_Driver/Src/stm32f30x_dac.o
                0x000000000800163e                DAC_Init
 .text.DAC_StructInit
                0x0000000008001664        0xe ./Drivers/STM32F3xx_HAL_Driver/Src/stm32f30x_dac.o
                0x0000000008001664                DAC_StructInit
 .text.DAC_Cmd  0x0000000008001672       0x16 ./Drivers/STM32F3xx_HAL_Driver/Src/stm32f30x_dac.o
                0x0000000008001672                DAC_Cmd
 .text.DAC_SetChannel1Data
                0x0000000008001688       0x18 ./Drivers/STM32F3xx_HAL_Driver/Src/stm32f30x_dac.o
                0x0000000008001688                DAC_SetChannel1Data
 .text.DAC_SetChannel2Data
                0x00000000080016a0       0x18 ./Drivers/STM32F3xx_HAL_Driver/Src/stm32f30x_dac.o
                0x00000000080016a0                DAC_SetChannel2Data
 .text.DMA_Init
                0x00000000080016b8       0x3c ./Drivers/STM32F3xx_HAL_Driver/Src/stm32f30x_dma.o
                0x00000000080016b8                DMA_Init
 .text.DMA_StructInit
                0x00000000080016f4       0x1a ./Drivers/STM32F3xx_HAL_Driver/Src/stm32f30x_dma.o
                0x00000000080016f4                DMA_StructInit
 .text.DMA_Cmd  0x000000000800170e       0x16 ./Drivers/STM32F3xx_HAL_Driver/Src/stm32f30x_dma.o
                0x000000000800170e                DMA_Cmd
 .text.DMA_ITConfig
                0x0000000008001724       0x10 ./Drivers/STM32F3xx_HAL_Driver/Src/stm32f30x_dma.o
                0x0000000008001724                DMA_ITConfig
 .text.DMA_GetFlagStatus
                0x0000000008001734       0x1c ./Drivers/STM32F3xx_HAL_Driver/Src/stm32f30x_dma.o
                0x0000000008001734                DMA_GetFlagStatus
 .text.DMA_ClearFlag
                0x0000000008001750       0x14 ./Drivers/STM32F3xx_HAL_Driver/Src/stm32f30x_dma.o
                0x0000000008001750                DMA_ClearFlag
 .text.DMA_GetITStatus
                0x0000000008001764        0x4 ./Drivers/STM32F3xx_HAL_Driver/Src/stm32f30x_dma.o
                0x0000000008001764                DMA_GetITStatus
 .text.DMA_ClearITPendingBit
                0x0000000008001768        0x4 ./Drivers/STM32F3xx_HAL_Driver/Src/stm32f30x_dma.o
                0x0000000008001768                DMA_ClearITPendingBit
 .text.GPIO_Init
                0x000000000800176c       0x84 ./Drivers/STM32F3xx_HAL_Driver/Src/stm32f30x_gpio.o
                0x000000000800176c                GPIO_Init
 .text.GPIO_StructInit
                0x00000000080017f0        0xe ./Drivers/STM32F3xx_HAL_Driver/Src/stm32f30x_gpio.o
                0x00000000080017f0                GPIO_StructInit
 .text.GPIO_ReadInputDataBit
                0x00000000080017fe        0xc ./Drivers/STM32F3xx_HAL_Driver/Src/stm32f30x_gpio.o
                0x00000000080017fe                GPIO_ReadInputDataBit
 *fill*         0x000000000800180a        0x2 
 .text.NVIC_PriorityGroupConfig
                0x000000000800180c       0x14 ./Drivers/STM32F3xx_HAL_Driver/Src/stm32f30x_misc.o
                0x000000000800180c                NVIC_PriorityGroupConfig
 .text.NVIC_Init
                0x0000000008001820       0x58 ./Drivers/STM32F3xx_HAL_Driver/Src/stm32f30x_misc.o
                0x0000000008001820                NVIC_Init
 .text.RCC_ADCCLKConfig
                0x0000000008001878       0x20 ./Drivers/STM32F3xx_HAL_Driver/Src/stm32f30x_rcc.o
                0x0000000008001878                RCC_ADCCLKConfig
 .text.RCC_AHBPeriphClockCmd
                0x0000000008001898       0x18 ./Drivers/STM32F3xx_HAL_Driver/Src/stm32f30x_rcc.o
                0x0000000008001898                RCC_AHBPeriphClockCmd
 .text.RCC_APB1PeriphClockCmd
                0x00000000080018b0       0x18 ./Drivers/STM32F3xx_HAL_Driver/Src/stm32f30x_rcc.o
                0x00000000080018b0                RCC_APB1PeriphClockCmd
 .text.TIM_TimeBaseInit
                0x00000000080018c8       0x9c ./Drivers/STM32F3xx_HAL_Driver/Src/stm32f30x_tim.o
                0x00000000080018c8                TIM_TimeBaseInit
 .text.TIM_TimeBaseStructInit
                0x0000000008001964        0xe ./Drivers/STM32F3xx_HAL_Driver/Src/stm32f30x_tim.o
                0x0000000008001964                TIM_TimeBaseStructInit
 .text.TIM_ARRPreloadConfig
                0x0000000008001972       0x18 ./Drivers/STM32F3xx_HAL_Driver/Src/stm32f30x_tim.o
                0x0000000008001972                TIM_ARRPreloadConfig
 .text.TIM_Cmd  0x000000000800198a       0x18 ./Drivers/STM32F3xx_HAL_Driver/Src/stm32f30x_tim.o
                0x000000000800198a                TIM_Cmd
 .text.TIM_ITConfig
                0x00000000080019a2       0x12 ./Drivers/STM32F3xx_HAL_Driver/Src/stm32f30x_tim.o
                0x00000000080019a2                TIM_ITConfig
 .text.TIM_GetITStatus
                0x00000000080019b4       0x14 ./Drivers/STM32F3xx_HAL_Driver/Src/stm32f30x_tim.o
                0x00000000080019b4                TIM_GetITStatus
 .text.TIM_ClearITPendingBit
                0x00000000080019c8        0x8 ./Drivers/STM32F3xx_HAL_Driver/Src/stm32f30x_tim.o
                0x00000000080019c8                TIM_ClearITPendingBit
 .text.__errno  0x00000000080019d0        0xc /Applications/STM32CubeIDE.app/Contents/Eclipse/plugins/com.st.stm32cube.ide.mcu.externaltools.gnu-tools-for-stm32.9-2020-q2-update.macos64_2.0.0.202105311346/tools/bin/../lib/gcc/arm-none-eabi/9.3.1/../../../../arm-none-eabi/lib/thumb/v7e-m+fp/hard/libc_nano.a(lib_a-errno.o)
                0x00000000080019d0                __errno
 .text.__libc_init_array
                0x00000000080019dc       0x48 /Applications/STM32CubeIDE.app/Contents/Eclipse/plugins/com.st.stm32cube.ide.mcu.externaltools.gnu-tools-for-stm32.9-2020-q2-update.macos64_2.0.0.202105311346/tools/bin/../lib/gcc/arm-none-eabi/9.3.1/../../../../arm-none-eabi/lib/thumb/v7e-m+fp/hard/libc_nano.a(lib_a-init.o)
                0x00000000080019dc                __libc_init_array
 .text.pow      0x0000000008001a24      0x15c /Applications/STM32CubeIDE.app/Contents/Eclipse/plugins/com.st.stm32cube.ide.mcu.externaltools.gnu-tools-for-stm32.9-2020-q2-update.macos64_2.0.0.202105311346/tools/bin/../lib/gcc/arm-none-eabi/9.3.1/../../../../arm-none-eabi/lib/thumb/v7e-m+fp/hard/libm.a(lib_a-w_pow.o)
                0x0000000008001a24                pow
 .text.__ieee754_pow
                0x0000000008001b80      0xa44 /Applications/STM32CubeIDE.app/Contents/Eclipse/plugins/com.st.stm32cube.ide.mcu.externaltools.gnu-tools-for-stm32.9-2020-q2-update.macos64_2.0.0.202105311346/tools/bin/../lib/gcc/arm-none-eabi/9.3.1/../../../../arm-none-eabi/lib/thumb/v7e-m+fp/hard/libm.a(lib_a-e_pow.o)
                0x0000000008001b80                __ieee754_pow
 .text.__ieee754_sqrt
                0x00000000080025c4      0x168 /Applications/STM32CubeIDE.app/Contents/Eclipse/plugins/com.st.stm32cube.ide.mcu.externaltools.gnu-tools-for-stm32.9-2020-q2-update.macos64_2.0.0.202105311346/tools/bin/../lib/gcc/arm-none-eabi/9.3.1/../../../../arm-none-eabi/lib/thumb/v7e-m+fp/hard/libm.a(lib_a-e_sqrt.o)
                0x00000000080025c4                __ieee754_sqrt
 .text.fabs     0x000000000800272c       0x12 /Applications/STM32CubeIDE.app/Contents/Eclipse/plugins/com.st.stm32cube.ide.mcu.externaltools.gnu-tools-for-stm32.9-2020-q2-update.macos64_2.0.0.202105311346/tools/bin/../lib/gcc/arm-none-eabi/9.3.1/../../../../arm-none-eabi/lib/thumb/v7e-m+fp/hard/libm.a(lib_a-s_fabs.o)
                0x000000000800272c                fabs
 .text.finite   0x000000000800273e       0x16 /Applications/STM32CubeIDE.app/Contents/Eclipse/plugins/com.st.stm32cube.ide.mcu.externaltools.gnu-tools-for-stm32.9-2020-q2-update.macos64_2.0.0.202105311346/tools/bin/../lib/gcc/arm-none-eabi/9.3.1/../../../../arm-none-eabi/lib/thumb/v7e-m+fp/hard/libm.a(lib_a-s_finite.o)
                0x000000000800273e                finite
 *fill*         0x0000000008002754        0x4 
 .text.nan      0x0000000008002758       0x10 /Applications/STM32CubeIDE.app/Contents/Eclipse/plugins/com.st.stm32cube.ide.mcu.externaltools.gnu-tools-for-stm32.9-2020-q2-update.macos64_2.0.0.202105311346/tools/bin/../lib/gcc/arm-none-eabi/9.3.1/../../../../arm-none-eabi/lib/thumb/v7e-m+fp/hard/libm.a(lib_a-s_nan.o)
                0x0000000008002758                nan
 .text.rint     0x0000000008002768      0x114 /Applications/STM32CubeIDE.app/Contents/Eclipse/plugins/com.st.stm32cube.ide.mcu.externaltools.gnu-tools-for-stm32.9-2020-q2-update.macos64_2.0.0.202105311346/tools/bin/../lib/gcc/arm-none-eabi/9.3.1/../../../../arm-none-eabi/lib/thumb/v7e-m+fp/hard/libm.a(lib_a-s_rint.o)
                0x0000000008002768                rint
 *fill*         0x000000000800287c        0x4 
 .text.scalbn   0x0000000008002880      0x10c /Applications/STM32CubeIDE.app/Contents/Eclipse/plugins/com.st.stm32cube.ide.mcu.externaltools.gnu-tools-for-stm32.9-2020-q2-update.macos64_2.0.0.202105311346/tools/bin/../lib/gcc/arm-none-eabi/9.3.1/../../../../arm-none-eabi/lib/thumb/v7e-m+fp/hard/libm.a(lib_a-s_scalbn.o)
                0x0000000008002880                scalbn
 *(.glue_7)
 .glue_7        0x000000000800298c        0x0 linker stubs
 *(.glue_7t)
 .glue_7t       0x000000000800298c        0x0 linker stubs
 *(.eh_frame)
 .eh_frame      0x000000000800298c        0x0 /Applications/STM32CubeIDE.app/Contents/Eclipse/plugins/com.st.stm32cube.ide.mcu.externaltools.gnu-tools-for-stm32.9-2020-q2-update.macos64_2.0.0.202105311346/tools/bin/../lib/gcc/arm-none-eabi/9.3.1/thumb/v7e-m+fp/hard/crtbegin.o
 *(.init)
 .init          0x000000000800298c        0x4 /Applications/STM32CubeIDE.app/Contents/Eclipse/plugins/com.st.stm32cube.ide.mcu.externaltools.gnu-tools-for-stm32.9-2020-q2-update.macos64_2.0.0.202105311346/tools/bin/../lib/gcc/arm-none-eabi/9.3.1/thumb/v7e-m+fp/hard/crti.o
                0x000000000800298c                _init
 .init          0x0000000008002990        0x8 /Applications/STM32CubeIDE.app/Contents/Eclipse/plugins/com.st.stm32cube.ide.mcu.externaltools.gnu-tools-for-stm32.9-2020-q2-update.macos64_2.0.0.202105311346/tools/bin/../lib/gcc/arm-none-eabi/9.3.1/thumb/v7e-m+fp/hard/crtn.o
 *(.fini)
 .fini          0x0000000008002998        0x4 /Applications/STM32CubeIDE.app/Contents/Eclipse/plugins/com.st.stm32cube.ide.mcu.externaltools.gnu-tools-for-stm32.9-2020-q2-update.macos64_2.0.0.202105311346/tools/bin/../lib/gcc/arm-none-eabi/9.3.1/thumb/v7e-m+fp/hard/crti.o
                0x0000000008002998                _fini
 .fini          0x000000000800299c        0x8 /Applications/STM32CubeIDE.app/Contents/Eclipse/plugins/com.st.stm32cube.ide.mcu.externaltools.gnu-tools-for-stm32.9-2020-q2-update.macos64_2.0.0.202105311346/tools/bin/../lib/gcc/arm-none-eabi/9.3.1/thumb/v7e-m+fp/hard/crtn.o
                0x00000000080029a4                . = ALIGN (0x4)
                0x00000000080029a4                _etext = .

.vfp11_veneer   0x00000000080029a4        0x0
 .vfp11_veneer  0x00000000080029a4        0x0 linker stubs

.v4_bx          0x00000000080029a4        0x0
 .v4_bx         0x00000000080029a4        0x0 linker stubs

.iplt           0x00000000080029a4        0x0
 .iplt          0x00000000080029a4        0x0 /Applications/STM32CubeIDE.app/Contents/Eclipse/plugins/com.st.stm32cube.ide.mcu.externaltools.gnu-tools-for-stm32.9-2020-q2-update.macos64_2.0.0.202105311346/tools/bin/../lib/gcc/arm-none-eabi/9.3.1/thumb/v7e-m+fp/hard/crtbegin.o

.rodata         0x00000000080029a8       0x48
                0x00000000080029a8                . = ALIGN (0x4)
 *(.rodata)
 *(.rodata*)
 .rodata.__ieee754_pow.str1.1
                0x00000000080029a8        0x1 /Applications/STM32CubeIDE.app/Contents/Eclipse/plugins/com.st.stm32cube.ide.mcu.externaltools.gnu-tools-for-stm32.9-2020-q2-update.macos64_2.0.0.202105311346/tools/bin/../lib/gcc/arm-none-eabi/9.3.1/../../../../arm-none-eabi/lib/thumb/v7e-m+fp/hard/libm.a(lib_a-e_pow.o)
 *fill*         0x00000000080029a9        0x7 
 .rodata.bp     0x00000000080029b0       0x10 /Applications/STM32CubeIDE.app/Contents/Eclipse/plugins/com.st.stm32cube.ide.mcu.externaltools.gnu-tools-for-stm32.9-2020-q2-update.macos64_2.0.0.202105311346/tools/bin/../lib/gcc/arm-none-eabi/9.3.1/../../../../arm-none-eabi/lib/thumb/v7e-m+fp/hard/libm.a(lib_a-e_pow.o)
 .rodata.dp_h   0x00000000080029c0       0x10 /Applications/STM32CubeIDE.app/Contents/Eclipse/plugins/com.st.stm32cube.ide.mcu.externaltools.gnu-tools-for-stm32.9-2020-q2-update.macos64_2.0.0.202105311346/tools/bin/../lib/gcc/arm-none-eabi/9.3.1/../../../../arm-none-eabi/lib/thumb/v7e-m+fp/hard/libm.a(lib_a-e_pow.o)
 .rodata.dp_l   0x00000000080029d0       0x10 /Applications/STM32CubeIDE.app/Contents/Eclipse/plugins/com.st.stm32cube.ide.mcu.externaltools.gnu-tools-for-stm32.9-2020-q2-update.macos64_2.0.0.202105311346/tools/bin/../lib/gcc/arm-none-eabi/9.3.1/../../../../arm-none-eabi/lib/thumb/v7e-m+fp/hard/libm.a(lib_a-e_pow.o)
 .rodata.TWO52  0x00000000080029e0       0x10 /Applications/STM32CubeIDE.app/Contents/Eclipse/plugins/com.st.stm32cube.ide.mcu.externaltools.gnu-tools-for-stm32.9-2020-q2-update.macos64_2.0.0.202105311346/tools/bin/../lib/gcc/arm-none-eabi/9.3.1/../../../../arm-none-eabi/lib/thumb/v7e-m+fp/hard/libm.a(lib_a-s_rint.o)
                0x00000000080029f0                . = ALIGN (0x4)

.rel.dyn        0x00000000080029f0        0x0
 .rel.iplt      0x00000000080029f0        0x0 /Applications/STM32CubeIDE.app/Contents/Eclipse/plugins/com.st.stm32cube.ide.mcu.externaltools.gnu-tools-for-stm32.9-2020-q2-update.macos64_2.0.0.202105311346/tools/bin/../lib/gcc/arm-none-eabi/9.3.1/thumb/v7e-m+fp/hard/crtbegin.o

.ARM.extab      0x00000000080029f0        0x0
                0x00000000080029f0                . = ALIGN (0x4)
 *(.ARM.extab* .gnu.linkonce.armextab.*)
                0x00000000080029f0                . = ALIGN (0x4)

.ARM            0x00000000080029f0        0x0
                0x00000000080029f0                . = ALIGN (0x4)
                0x00000000080029f0                __exidx_start = .
 *(.ARM.exidx*)
                0x00000000080029f0                __exidx_end = .
                0x00000000080029f0                . = ALIGN (0x4)

.preinit_array  0x00000000080029f0        0x0
                0x00000000080029f0                . = ALIGN (0x4)
                0x00000000080029f0                PROVIDE (__preinit_array_start = .)
 *(.preinit_array*)
                0x00000000080029f0                PROVIDE (__preinit_array_end = .)
                0x00000000080029f0                . = ALIGN (0x4)

.init_array     0x00000000080029f0        0x4
                0x00000000080029f0                . = ALIGN (0x4)
                0x00000000080029f0                PROVIDE (__init_array_start = .)
 *(SORT_BY_NAME(.init_array.*))
 *(.init_array*)
 .init_array    0x00000000080029f0        0x4 /Applications/STM32CubeIDE.app/Contents/Eclipse/plugins/com.st.stm32cube.ide.mcu.externaltools.gnu-tools-for-stm32.9-2020-q2-update.macos64_2.0.0.202105311346/tools/bin/../lib/gcc/arm-none-eabi/9.3.1/thumb/v7e-m+fp/hard/crtbegin.o
                0x00000000080029f4                PROVIDE (__init_array_end = .)
                0x00000000080029f4                . = ALIGN (0x4)

.fini_array     0x00000000080029f4        0x4
                0x00000000080029f4                . = ALIGN (0x4)
                [!provide]                        PROVIDE (__fini_array_start = .)
 *(SORT_BY_NAME(.fini_array.*))
 *(.fini_array*)
 .fini_array    0x00000000080029f4        0x4 /Applications/STM32CubeIDE.app/Contents/Eclipse/plugins/com.st.stm32cube.ide.mcu.externaltools.gnu-tools-for-stm32.9-2020-q2-update.macos64_2.0.0.202105311346/tools/bin/../lib/gcc/arm-none-eabi/9.3.1/thumb/v7e-m+fp/hard/crtbegin.o
                [!provide]                        PROVIDE (__fini_array_end = .)
                0x00000000080029f8                . = ALIGN (0x4)
                0x00000000080029f8                _sidata = LOADADDR (.data)

.data           0x0000000020000000       0x70 load address 0x00000000080029f8
                0x0000000020000000                . = ALIGN (0x4)
                0x0000000020000000                _sdata = .
 *(.data)
 *(.data*)
 .data.seq_a_length
                0x0000000020000000        0x2 ./Core/Src/main.o
                0x0000000020000000                seq_a_length
 .data.seq_b_length
                0x0000000020000002        0x2 ./Core/Src/main.o
                0x0000000020000002                seq_b_length
 .data.SystemCoreClock
                0x0000000020000004        0x4 ./Core/Src/system_stm32f30x.o
                0x0000000020000004                SystemCoreClock
 .data._impure_ptr
                0x0000000020000008        0x4 /Applications/STM32CubeIDE.app/Contents/Eclipse/plugins/com.st.stm32cube.ide.mcu.externaltools.gnu-tools-for-stm32.9-2020-q2-update.macos64_2.0.0.202105311346/tools/bin/../lib/gcc/arm-none-eabi/9.3.1/../../../../arm-none-eabi/lib/thumb/v7e-m+fp/hard/libc_nano.a(lib_a-impure.o)
                0x0000000020000008                _impure_ptr
 .data.impure_data
                0x000000002000000c       0x60 /Applications/STM32CubeIDE.app/Contents/Eclipse/plugins/com.st.stm32cube.ide.mcu.externaltools.gnu-tools-for-stm32.9-2020-q2-update.macos64_2.0.0.202105311346/tools/bin/../lib/gcc/arm-none-eabi/9.3.1/../../../../arm-none-eabi/lib/thumb/v7e-m+fp/hard/libc_nano.a(lib_a-impure.o)
 .data.__fdlib_version
                0x000000002000006c        0x1 /Applications/STM32CubeIDE.app/Contents/Eclipse/plugins/com.st.stm32cube.ide.mcu.externaltools.gnu-tools-for-stm32.9-2020-q2-update.macos64_2.0.0.202105311346/tools/bin/../lib/gcc/arm-none-eabi/9.3.1/../../../../arm-none-eabi/lib/thumb/v7e-m+fp/hard/libm.a(lib_a-s_lib_ver.o)
                0x000000002000006c                __fdlib_version
 *(.RamFunc)
 *(.RamFunc*)
                0x0000000020000070                . = ALIGN (0x4)
 *fill*         0x000000002000006d        0x3 
                0x0000000020000070                _edata = .

.igot.plt       0x0000000020000070        0x0 load address 0x0000000008002a68
 .igot.plt      0x0000000020000070        0x0 /Applications/STM32CubeIDE.app/Contents/Eclipse/plugins/com.st.stm32cube.ide.mcu.externaltools.gnu-tools-for-stm32.9-2020-q2-update.macos64_2.0.0.202105311346/tools/bin/../lib/gcc/arm-none-eabi/9.3.1/thumb/v7e-m+fp/hard/crtbegin.o
                0x0000000020000070                . = ALIGN (0x4)

.bss            0x0000000020000070      0x2a8 load address 0x0000000008002a68
                0x0000000020000070                _sbss = .
                0x0000000020000070                __bss_start__ = _sbss
 *(.bss)
 .bss           0x0000000020000070       0x1c /Applications/STM32CubeIDE.app/Contents/Eclipse/plugins/com.st.stm32cube.ide.mcu.externaltools.gnu-tools-for-stm32.9-2020-q2-update.macos64_2.0.0.202105311346/tools/bin/../lib/gcc/arm-none-eabi/9.3.1/thumb/v7e-m+fp/hard/crtbegin.o
 *(.bss*)
 .bss.steps_a_flag
                0x000000002000008c        0x1 ./Core/Src/main.o
                0x000000002000008c                steps_a_flag
 .bss.steps_b_flag
                0x000000002000008d        0x1 ./Core/Src/main.o
                0x000000002000008d                steps_b_flag
 *(COMMON)
 *fill*         0x000000002000008e        0x2 
 COMMON         0x0000000020000090      0x287 ./Core/Src/main.o
                0x0000000020000090                last_clk_in_state
                0x0000000020000092                clk_width_count
                0x0000000020000094                last_steps_button_state
                0x0000000020000096                ADC
                0x000000002000009a                clk_in_state
                0x000000002000009b                last_left_button_state
                0x000000002000009c                steps_button_state
                0x000000002000009e                seq_a_index
                0x00000000200000a0                right_button_state
                0x00000000200000a4                period_max
                0x00000000200000a8                last_right_button_state
                0x00000000200000aa                seq_a_start
                0x00000000200000ac                seq_index
                0x00000000200000ae                calibration_value
                0x00000000200000b0                clk_out
                0x00000000200000b2                this_time
                0x00000000200000b4                width_count
                0x00000000200000b6                seq_a
                0x00000000200000d6                left_button_state
                0x00000000200000d8                last_time
                0x00000000200000da                tanh_table
                0x00000000200002da                seq_b
                0x00000000200002fc                seq_phase_accumulator
                0x0000000020000300                seq_b_index
                0x0000000020000304                seq_phase_increment
                0x0000000020000308                rate_pot_val
                0x000000002000030a                seq_a_count
                0x000000002000030c                DC_pot_val
                0x000000002000030e                period_width
                0x0000000020000310                last_clk_out
                0x0000000020000312                seq_b_count
                0x0000000020000314                seq_b_start
                0x0000000020000316                delayed_clk
                0x0000000020000318                . = ALIGN (0x4)
 *fill*         0x0000000020000317        0x1 
                0x0000000020000318                _ebss = .
                0x0000000020000318                __bss_end__ = _ebss

._user_heap_stack
                0x0000000020000318      0x600 load address 0x0000000008002a68
                0x0000000020000318                . = ALIGN (0x8)
                0x0000000020000318                PROVIDE (end = .)
                [!provide]                        PROVIDE (_end = .)
                0x0000000020000518                . = (. + _Min_Heap_Size)
 *fill*         0x0000000020000318      0x200 
                0x0000000020000918                . = (. + _Min_Stack_Size)
 *fill*         0x0000000020000518      0x400 
                0x0000000020000918                . = ALIGN (0x8)

/DISCARD/
 libc.a(*)
 libm.a(*)
 libgcc.a(*)

.ARM.attributes
                0x0000000000000000       0x30
 *(.ARM.attributes)
 .ARM.attributes
                0x0000000000000000       0x1e /Applications/STM32CubeIDE.app/Contents/Eclipse/plugins/com.st.stm32cube.ide.mcu.externaltools.gnu-tools-for-stm32.9-2020-q2-update.macos64_2.0.0.202105311346/tools/bin/../lib/gcc/arm-none-eabi/9.3.1/thumb/v7e-m+fp/hard/crti.o
 .ARM.attributes
                0x000000000000001e       0x34 /Applications/STM32CubeIDE.app/Contents/Eclipse/plugins/com.st.stm32cube.ide.mcu.externaltools.gnu-tools-for-stm32.9-2020-q2-update.macos64_2.0.0.202105311346/tools/bin/../lib/gcc/arm-none-eabi/9.3.1/thumb/v7e-m+fp/hard/crtbegin.o
 .ARM.attributes
                0x0000000000000052       0x34 ./Core/Src/main.o
 .ARM.attributes
                0x0000000000000086       0x34 ./Core/Src/system_stm32f30x.o
 .ARM.attributes
                0x00000000000000ba       0x21 ./Core/Startup/startup_stm32.o
 .ARM.attributes
                0x00000000000000db       0x34 ./Drivers/STM32F3xx_HAL_Driver/Src/stm32f30x_adc.o
 .ARM.attributes
                0x000000000000010f       0x34 ./Drivers/STM32F3xx_HAL_Driver/Src/stm32f30x_dac.o
 .ARM.attributes
                0x0000000000000143       0x34 ./Drivers/STM32F3xx_HAL_Driver/Src/stm32f30x_dma.o
 .ARM.attributes
                0x0000000000000177       0x34 ./Drivers/STM32F3xx_HAL_Driver/Src/stm32f30x_gpio.o
 .ARM.attributes
                0x00000000000001ab       0x34 ./Drivers/STM32F3xx_HAL_Driver/Src/stm32f30x_misc.o
 .ARM.attributes
                0x00000000000001df       0x34 ./Drivers/STM32F3xx_HAL_Driver/Src/stm32f30x_rcc.o
 .ARM.attributes
                0x0000000000000213       0x34 ./Drivers/STM32F3xx_HAL_Driver/Src/stm32f30x_tim.o
 .ARM.attributes
                0x0000000000000247       0x34 /Applications/STM32CubeIDE.app/Contents/Eclipse/plugins/com.st.stm32cube.ide.mcu.externaltools.gnu-tools-for-stm32.9-2020-q2-update.macos64_2.0.0.202105311346/tools/bin/../lib/gcc/arm-none-eabi/9.3.1/../../../../arm-none-eabi/lib/thumb/v7e-m+fp/hard/libc_nano.a(lib_a-errno.o)
 .ARM.attributes
                0x000000000000027b       0x32 /Applications/STM32CubeIDE.app/Contents/Eclipse/plugins/com.st.stm32cube.ide.mcu.externaltools.gnu-tools-for-stm32.9-2020-q2-update.macos64_2.0.0.202105311346/tools/bin/../lib/gcc/arm-none-eabi/9.3.1/../../../../arm-none-eabi/lib/thumb/v7e-m+fp/hard/libc_nano.a(lib_a-impure.o)
 .ARM.attributes
                0x00000000000002ad       0x34 /Applications/STM32CubeIDE.app/Contents/Eclipse/plugins/com.st.stm32cube.ide.mcu.externaltools.gnu-tools-for-stm32.9-2020-q2-update.macos64_2.0.0.202105311346/tools/bin/../lib/gcc/arm-none-eabi/9.3.1/../../../../arm-none-eabi/lib/thumb/v7e-m+fp/hard/libc_nano.a(lib_a-init.o)
 .ARM.attributes
                0x00000000000002e1       0x34 /Applications/STM32CubeIDE.app/Contents/Eclipse/plugins/com.st.stm32cube.ide.mcu.externaltools.gnu-tools-for-stm32.9-2020-q2-update.macos64_2.0.0.202105311346/tools/bin/../lib/gcc/arm-none-eabi/9.3.1/../../../../arm-none-eabi/lib/thumb/v7e-m+fp/hard/libm.a(lib_a-w_pow.o)
 .ARM.attributes
                0x0000000000000315       0x34 /Applications/STM32CubeIDE.app/Contents/Eclipse/plugins/com.st.stm32cube.ide.mcu.externaltools.gnu-tools-for-stm32.9-2020-q2-update.macos64_2.0.0.202105311346/tools/bin/../lib/gcc/arm-none-eabi/9.3.1/../../../../arm-none-eabi/lib/thumb/v7e-m+fp/hard/libm.a(lib_a-e_pow.o)
 .ARM.attributes
                0x0000000000000349       0x34 /Applications/STM32CubeIDE.app/Contents/Eclipse/plugins/com.st.stm32cube.ide.mcu.externaltools.gnu-tools-for-stm32.9-2020-q2-update.macos64_2.0.0.202105311346/tools/bin/../lib/gcc/arm-none-eabi/9.3.1/../../../../arm-none-eabi/lib/thumb/v7e-m+fp/hard/libm.a(lib_a-e_sqrt.o)
 .ARM.attributes
                0x000000000000037d       0x34 /Applications/STM32CubeIDE.app/Contents/Eclipse/plugins/com.st.stm32cube.ide.mcu.externaltools.gnu-tools-for-stm32.9-2020-q2-update.macos64_2.0.0.202105311346/tools/bin/../lib/gcc/arm-none-eabi/9.3.1/../../../../arm-none-eabi/lib/thumb/v7e-m+fp/hard/libm.a(lib_a-s_fabs.o)
 .ARM.attributes
                0x00000000000003b1       0x34 /Applications/STM32CubeIDE.app/Contents/Eclipse/plugins/com.st.stm32cube.ide.mcu.externaltools.gnu-tools-for-stm32.9-2020-q2-update.macos64_2.0.0.202105311346/tools/bin/../lib/gcc/arm-none-eabi/9.3.1/../../../../arm-none-eabi/lib/thumb/v7e-m+fp/hard/libm.a(lib_a-s_finite.o)
 .ARM.attributes
                0x00000000000003e5       0x32 /Applications/STM32CubeIDE.app/Contents/Eclipse/plugins/com.st.stm32cube.ide.mcu.externaltools.gnu-tools-for-stm32.9-2020-q2-update.macos64_2.0.0.202105311346/tools/bin/../lib/gcc/arm-none-eabi/9.3.1/../../../../arm-none-eabi/lib/thumb/v7e-m+fp/hard/libm.a(lib_a-s_lib_ver.o)
 .ARM.attributes
                0x0000000000000417       0x34 /Applications/STM32CubeIDE.app/Contents/Eclipse/plugins/com.st.stm32cube.ide.mcu.externaltools.gnu-tools-for-stm32.9-2020-q2-update.macos64_2.0.0.202105311346/tools/bin/../lib/gcc/arm-none-eabi/9.3.1/../../../../arm-none-eabi/lib/thumb/v7e-m+fp/hard/libm.a(lib_a-s_nan.o)
 .ARM.attributes
                0x000000000000044b       0x34 /Applications/STM32CubeIDE.app/Contents/Eclipse/plugins/com.st.stm32cube.ide.mcu.externaltools.gnu-tools-for-stm32.9-2020-q2-update.macos64_2.0.0.202105311346/tools/bin/../lib/gcc/arm-none-eabi/9.3.1/../../../../arm-none-eabi/lib/thumb/v7e-m+fp/hard/libm.a(lib_a-s_rint.o)
 .ARM.attributes
                0x000000000000047f       0x34 /Applications/STM32CubeIDE.app/Contents/Eclipse/plugins/com.st.stm32cube.ide.mcu.externaltools.gnu-tools-for-stm32.9-2020-q2-update.macos64_2.0.0.202105311346/tools/bin/../lib/gcc/arm-none-eabi/9.3.1/../../../../arm-none-eabi/lib/thumb/v7e-m+fp/hard/libm.a(lib_a-s_scalbn.o)
 .ARM.attributes
                0x00000000000004b3       0x1e /Applications/STM32CubeIDE.app/Contents/Eclipse/plugins/com.st.stm32cube.ide.mcu.externaltools.gnu-tools-for-stm32.9-2020-q2-update.macos64_2.0.0.202105311346/tools/bin/../lib/gcc/arm-none-eabi/9.3.1/thumb/v7e-m+fp/hard/libgcc.a(_arm_addsubdf3.o)
 .ARM.attributes
                0x00000000000004d1       0x1e /Applications/STM32CubeIDE.app/Contents/Eclipse/plugins/com.st.stm32cube.ide.mcu.externaltools.gnu-tools-for-stm32.9-2020-q2-update.macos64_2.0.0.202105311346/tools/bin/../lib/gcc/arm-none-eabi/9.3.1/thumb/v7e-m+fp/hard/libgcc.a(_arm_muldivdf3.o)
 .ARM.attributes
                0x00000000000004ef       0x1e /Applications/STM32CubeIDE.app/Contents/Eclipse/plugins/com.st.stm32cube.ide.mcu.externaltools.gnu-tools-for-stm32.9-2020-q2-update.macos64_2.0.0.202105311346/tools/bin/../lib/gcc/arm-none-eabi/9.3.1/thumb/v7e-m+fp/hard/libgcc.a(_arm_cmpdf2.o)
 .ARM.attributes
                0x000000000000050d       0x1e /Applications/STM32CubeIDE.app/Contents/Eclipse/plugins/com.st.stm32cube.ide.mcu.externaltools.gnu-tools-for-stm32.9-2020-q2-update.macos64_2.0.0.202105311346/tools/bin/../lib/gcc/arm-none-eabi/9.3.1/thumb/v7e-m+fp/hard/libgcc.a(_arm_unorddf2.o)
 .ARM.attributes
                0x000000000000052b       0x1e /Applications/STM32CubeIDE.app/Contents/Eclipse/plugins/com.st.stm32cube.ide.mcu.externaltools.gnu-tools-for-stm32.9-2020-q2-update.macos64_2.0.0.202105311346/tools/bin/../lib/gcc/arm-none-eabi/9.3.1/thumb/v7e-m+fp/hard/libgcc.a(_arm_fixunsdfsi.o)
 .ARM.attributes
                0x0000000000000549       0x1e /Applications/STM32CubeIDE.app/Contents/Eclipse/plugins/com.st.stm32cube.ide.mcu.externaltools.gnu-tools-for-stm32.9-2020-q2-update.macos64_2.0.0.202105311346/tools/bin/../lib/gcc/arm-none-eabi/9.3.1/thumb/v7e-m+fp/hard/crtn.o
OUTPUT(PHRSR_V4.elf elf32-littlearm)
LOAD linker stubs
LOAD /Applications/STM32CubeIDE.app/Contents/Eclipse/plugins/com.st.stm32cube.ide.mcu.externaltools.gnu-tools-for-stm32.9-2020-q2-update.macos64_2.0.0.202105311346/tools/bin/../lib/gcc/arm-none-eabi/9.3.1/../../../../arm-none-eabi/lib/thumb/v7e-m+fp/hard/libc.a
LOAD /Applications/STM32CubeIDE.app/Contents/Eclipse/plugins/com.st.stm32cube.ide.mcu.externaltools.gnu-tools-for-stm32.9-2020-q2-update.macos64_2.0.0.202105311346/tools/bin/../lib/gcc/arm-none-eabi/9.3.1/../../../../arm-none-eabi/lib/thumb/v7e-m+fp/hard/libm.a
LOAD /Applications/STM32CubeIDE.app/Contents/Eclipse/plugins/com.st.stm32cube.ide.mcu.externaltools.gnu-tools-for-stm32.9-2020-q2-update.macos64_2.0.0.202105311346/tools/bin/../lib/gcc/arm-none-eabi/9.3.1/thumb/v7e-m+fp/hard/libgcc.a

.debug_info     0x0000000000000000     0x93f3
 .debug_info    0x0000000000000000     0x27ad ./Core/Src/main.o
 .debug_info    0x00000000000027ad      0x4fe ./Core/Src/system_stm32f30x.o
 .debug_info    0x0000000000002cab       0x22 ./Core/Startup/startup_stm32.o
 .debug_info    0x0000000000002ccd     0x15a8 ./Drivers/STM32F3xx_HAL_Driver/Src/stm32f30x_adc.o
 .debug_info    0x0000000000004275      0x85a ./Drivers/STM32F3xx_HAL_Driver/Src/stm32f30x_dac.o
 .debug_info    0x0000000000004acf      0x4bc ./Drivers/STM32F3xx_HAL_Driver/Src/stm32f30x_dma.o
 .debug_info    0x0000000000004f8b      0x7b7 ./Drivers/STM32F3xx_HAL_Driver/Src/stm32f30x_gpio.o
 .debug_info    0x0000000000005742      0x5bc ./Drivers/STM32F3xx_HAL_Driver/Src/stm32f30x_misc.o
 .debug_info    0x0000000000005cfe      0xd3d ./Drivers/STM32F3xx_HAL_Driver/Src/stm32f30x_rcc.o
 .debug_info    0x0000000000006a3b     0x29b8 ./Drivers/STM32F3xx_HAL_Driver/Src/stm32f30x_tim.o

.debug_abbrev   0x0000000000000000     0x15fe
 .debug_abbrev  0x0000000000000000      0x3f0 ./Core/Src/main.o
 .debug_abbrev  0x00000000000003f0      0x183 ./Core/Src/system_stm32f30x.o
 .debug_abbrev  0x0000000000000573       0x12 ./Core/Startup/startup_stm32.o
 .debug_abbrev  0x0000000000000585      0x279 ./Drivers/STM32F3xx_HAL_Driver/Src/stm32f30x_adc.o
 .debug_abbrev  0x00000000000007fe      0x287 ./Drivers/STM32F3xx_HAL_Driver/Src/stm32f30x_dac.o
 .debug_abbrev  0x0000000000000a85      0x20b ./Drivers/STM32F3xx_HAL_Driver/Src/stm32f30x_dma.o
 .debug_abbrev  0x0000000000000c90      0x248 ./Drivers/STM32F3xx_HAL_Driver/Src/stm32f30x_gpio.o
 .debug_abbrev  0x0000000000000ed8      0x1b0 ./Drivers/STM32F3xx_HAL_Driver/Src/stm32f30x_misc.o
 .debug_abbrev  0x0000000000001088      0x25a ./Drivers/STM32F3xx_HAL_Driver/Src/stm32f30x_rcc.o
 .debug_abbrev  0x00000000000012e2      0x31c ./Drivers/STM32F3xx_HAL_Driver/Src/stm32f30x_tim.o

.debug_loc      0x0000000000000000     0x494a
 .debug_loc     0x0000000000000000       0x9a ./Core/Src/main.o
 .debug_loc     0x000000000000009a       0xed ./Core/Src/system_stm32f30x.o
 .debug_loc     0x0000000000000187      0xe53 ./Drivers/STM32F3xx_HAL_Driver/Src/stm32f30x_adc.o
 .debug_loc     0x0000000000000fda      0x436 ./Drivers/STM32F3xx_HAL_Driver/Src/stm32f30x_dac.o
 .debug_loc     0x0000000000001410      0x167 ./Drivers/STM32F3xx_HAL_Driver/Src/stm32f30x_dma.o
 .debug_loc     0x0000000000001577      0x3e3 ./Drivers/STM32F3xx_HAL_Driver/Src/stm32f30x_gpio.o
 .debug_loc     0x000000000000195a      0x1d0 ./Drivers/STM32F3xx_HAL_Driver/Src/stm32f30x_misc.o
 .debug_loc     0x0000000000001b2a      0xcf0 ./Drivers/STM32F3xx_HAL_Driver/Src/stm32f30x_rcc.o
 .debug_loc     0x000000000000281a     0x2130 ./Drivers/STM32F3xx_HAL_Driver/Src/stm32f30x_tim.o

.debug_aranges  0x0000000000000000      0x958
 .debug_aranges
                0x0000000000000000       0x70 ./Core/Src/main.o
 .debug_aranges
                0x0000000000000070       0x28 ./Core/Src/system_stm32f30x.o
 .debug_aranges
                0x0000000000000098       0x28 ./Core/Startup/startup_stm32.o
 .debug_aranges
                0x00000000000000c0      0x208 ./Drivers/STM32F3xx_HAL_Driver/Src/stm32f30x_adc.o
 .debug_aranges
                0x00000000000002c8       0x90 ./Drivers/STM32F3xx_HAL_Driver/Src/stm32f30x_dac.o
 .debug_aranges
                0x0000000000000358       0x60 ./Drivers/STM32F3xx_HAL_Driver/Src/stm32f30x_dma.o
 .debug_aranges
                0x00000000000003b8       0x80 ./Drivers/STM32F3xx_HAL_Driver/Src/stm32f30x_gpio.o
 .debug_aranges
                0x0000000000000438       0x40 ./Drivers/STM32F3xx_HAL_Driver/Src/stm32f30x_misc.o
 .debug_aranges
                0x0000000000000478      0x158 ./Drivers/STM32F3xx_HAL_Driver/Src/stm32f30x_rcc.o
 .debug_aranges
                0x00000000000005d0      0x388 ./Drivers/STM32F3xx_HAL_Driver/Src/stm32f30x_tim.o

.debug_ranges   0x0000000000000000      0x908
 .debug_ranges  0x0000000000000000       0x90 ./Core/Src/main.o
 .debug_ranges  0x0000000000000090       0x18 ./Core/Src/system_stm32f30x.o
 .debug_ranges  0x00000000000000a8       0x20 ./Core/Startup/startup_stm32.o
 .debug_ranges  0x00000000000000c8      0x1f8 ./Drivers/STM32F3xx_HAL_Driver/Src/stm32f30x_adc.o
 .debug_ranges  0x00000000000002c0       0x80 ./Drivers/STM32F3xx_HAL_Driver/Src/stm32f30x_dac.o
 .debug_ranges  0x0000000000000340       0x50 ./Drivers/STM32F3xx_HAL_Driver/Src/stm32f30x_dma.o
 .debug_ranges  0x0000000000000390       0x70 ./Drivers/STM32F3xx_HAL_Driver/Src/stm32f30x_gpio.o
 .debug_ranges  0x0000000000000400       0x30 ./Drivers/STM32F3xx_HAL_Driver/Src/stm32f30x_misc.o
 .debug_ranges  0x0000000000000430      0x148 ./Drivers/STM32F3xx_HAL_Driver/Src/stm32f30x_rcc.o
 .debug_ranges  0x0000000000000578      0x390 ./Drivers/STM32F3xx_HAL_Driver/Src/stm32f30x_tim.o

.debug_macro    0x0000000000000000    0x14123
 .debug_macro   0x0000000000000000      0x1e8 ./Core/Src/main.o
 .debug_macro   0x00000000000001e8      0xaae ./Core/Src/main.o
 .debug_macro   0x0000000000000c96       0x78 ./Core/Src/main.o
 .debug_macro   0x0000000000000d0e       0x3b ./Core/Src/main.o
 .debug_macro   0x0000000000000d49       0x22 ./Core/Src/main.o
 .debug_macro   0x0000000000000d6b       0x8e ./Core/Src/main.o
 .debug_macro   0x0000000000000df9       0x51 ./Core/Src/main.o
 .debug_macro   0x0000000000000e4a      0x103 ./Core/Src/main.o
 .debug_macro   0x0000000000000f4d       0x6a ./Core/Src/main.o
 .debug_macro   0x0000000000000fb7      0x1df ./Core/Src/main.o
 .debug_macro   0x0000000000001196       0x2d ./Core/Src/main.o
 .debug_macro   0x00000000000011c3       0x26 ./Core/Src/main.o
 .debug_macro   0x00000000000011e9      0xd39 ./Core/Src/main.o
 .debug_macro   0x0000000000001f22     0xade5 ./Core/Src/main.o
 .debug_macro   0x000000000000cd07      0x5a6 ./Core/Src/main.o
 .debug_macro   0x000000000000d2ad      0x3cf ./Core/Src/main.o
 .debug_macro   0x000000000000d67c      0x293 ./Core/Src/main.o
 .debug_macro   0x000000000000d90f       0x46 ./Core/Src/main.o
 .debug_macro   0x000000000000d955      0x1b6 ./Core/Src/main.o
 .debug_macro   0x000000000000db0b       0x9a ./Core/Src/main.o
 .debug_macro   0x000000000000dba5      0x3a8 ./Core/Src/main.o
 .debug_macro   0x000000000000df4d      0x114 ./Core/Src/main.o
 .debug_macro   0x000000000000e061      0x1e4 ./Core/Src/main.o
 .debug_macro   0x000000000000e245      0x2a3 ./Core/Src/main.o
 .debug_macro   0x000000000000e4e8      0x1bd ./Core/Src/main.o
 .debug_macro   0x000000000000e6a5     0x13d6 ./Core/Src/main.o
 .debug_macro   0x000000000000fa7b      0x29a ./Core/Src/main.o
 .debug_macro   0x000000000000fd15       0x70 ./Core/Src/main.o
 .debug_macro   0x000000000000fd85       0x89 ./Core/Src/main.o
 .debug_macro   0x000000000000fe0e      0x10c ./Core/Src/main.o
 .debug_macro   0x000000000000ff1a       0xb8 ./Core/Src/main.o
 .debug_macro   0x000000000000ffd2      0x70b ./Core/Src/main.o
 .debug_macro   0x00000000000106dd      0x551 ./Core/Src/main.o
 .debug_macro   0x0000000000010c2e      0x3ab ./Core/Src/main.o
 .debug_macro   0x0000000000010fd9      0x31f ./Core/Src/main.o
 .debug_macro   0x00000000000112f8      0x902 ./Core/Src/main.o
 .debug_macro   0x0000000000011bfa      0x364 ./Core/Src/main.o
 .debug_macro   0x0000000000011f5e       0x34 ./Core/Src/main.o
 .debug_macro   0x0000000000011f92       0x35 ./Core/Src/main.o
 .debug_macro   0x0000000000011fc7       0x2e ./Core/Src/main.o
 .debug_macro   0x0000000000011ff5      0x1af ./Core/Src/system_stm32f30x.o
 .debug_macro   0x00000000000121a4      0x1c5 ./Drivers/STM32F3xx_HAL_Driver/Src/stm32f30x_adc.o
 .debug_macro   0x0000000000012369      0x3c9 ./Drivers/STM32F3xx_HAL_Driver/Src/stm32f30x_adc.o
 .debug_macro   0x0000000000012732      0x1de ./Drivers/STM32F3xx_HAL_Driver/Src/stm32f30x_dac.o
 .debug_macro   0x0000000000012910      0x1b0 ./Drivers/STM32F3xx_HAL_Driver/Src/stm32f30x_dac.o
 .debug_macro   0x0000000000012ac0      0x201 ./Drivers/STM32F3xx_HAL_Driver/Src/stm32f30x_dma.o
 .debug_macro   0x0000000000012cc1      0x3a2 ./Drivers/STM32F3xx_HAL_Driver/Src/stm32f30x_dma.o
 .debug_macro   0x0000000000013063      0x1ad ./Drivers/STM32F3xx_HAL_Driver/Src/stm32f30x_gpio.o
 .debug_macro   0x0000000000013210      0x1b7 ./Drivers/STM32F3xx_HAL_Driver/Src/stm32f30x_gpio.o
 .debug_macro   0x00000000000133c7      0x1b3 ./Drivers/STM32F3xx_HAL_Driver/Src/stm32f30x_misc.o
 .debug_macro   0x000000000001357a       0x83 ./Drivers/STM32F3xx_HAL_Driver/Src/stm32f30x_misc.o
 .debug_macro   0x00000000000135fd      0x24a ./Drivers/STM32F3xx_HAL_Driver/Src/stm32f30x_rcc.o
 .debug_macro   0x0000000000013847      0x705 ./Drivers/STM32F3xx_HAL_Driver/Src/stm32f30x_rcc.o
 .debug_macro   0x0000000000013f4c      0x1d7 ./Drivers/STM32F3xx_HAL_Driver/Src/stm32f30x_tim.o

.debug_line     0x0000000000000000     0x8519
 .debug_line    0x0000000000000000      0xec6 ./Core/Src/main.o
 .debug_line    0x0000000000000ec6      0x7d2 ./Core/Src/system_stm32f30x.o
 .debug_line    0x0000000000001698       0x7c ./Core/Startup/startup_stm32.o
 .debug_line    0x0000000000001714     0x14b1 ./Drivers/STM32F3xx_HAL_Driver/Src/stm32f30x_adc.o
 .debug_line    0x0000000000002bc5      0x9af ./Drivers/STM32F3xx_HAL_Driver/Src/stm32f30x_dac.o
 .debug_line    0x0000000000003574      0x95c ./Drivers/STM32F3xx_HAL_Driver/Src/stm32f30x_dma.o
 .debug_line    0x0000000000003ed0      0x9b5 ./Drivers/STM32F3xx_HAL_Driver/Src/stm32f30x_gpio.o
 .debug_line    0x0000000000004885      0x793 ./Drivers/STM32F3xx_HAL_Driver/Src/stm32f30x_misc.o
 .debug_line    0x0000000000005018     0x1288 ./Drivers/STM32F3xx_HAL_Driver/Src/stm32f30x_rcc.o
 .debug_line    0x00000000000062a0     0x2279 ./Drivers/STM32F3xx_HAL_Driver/Src/stm32f30x_tim.o

.debug_str      0x0000000000000000    0x7f955
 .debug_str     0x0000000000000000    0x7cf27 ./Core/Src/main.o
                                      0x7d1da (size before relaxing)
 .debug_str     0x000000000007cf27      0x11b ./Core/Src/system_stm32f30x.o
                                      0x7c138 (size before relaxing)
 .debug_str     0x000000000007d042       0x2e ./Core/Startup/startup_stm32.o
                                         0x6e (size before relaxing)
 .debug_str     0x000000000007d070      0x764 ./Drivers/STM32F3xx_HAL_Driver/Src/stm32f30x_adc.o
                                      0x7ca83 (size before relaxing)
 .debug_str     0x000000000007d7d4      0x294 ./Drivers/STM32F3xx_HAL_Driver/Src/stm32f30x_dac.o
                                      0x7c3bd (size before relaxing)
 .debug_str     0x000000000007da68      0x5b2 ./Drivers/STM32F3xx_HAL_Driver/Src/stm32f30x_dma.o
                                      0x7c6de (size before relaxing)
 .debug_str     0x000000000007e01a      0x14e ./Drivers/STM32F3xx_HAL_Driver/Src/stm32f30x_gpio.o
                                      0x7c30a (size before relaxing)
 .debug_str     0x000000000007e168      0x108 ./Drivers/STM32F3xx_HAL_Driver/Src/stm32f30x_misc.o
                                      0x7c246 (size before relaxing)
 .debug_str     0x000000000007e270      0xa31 ./Drivers/STM32F3xx_HAL_Driver/Src/stm32f30x_rcc.o
                                      0x7cb69 (size before relaxing)
 .debug_str     0x000000000007eca1      0xcb4 ./Drivers/STM32F3xx_HAL_Driver/Src/stm32f30x_tim.o
                                      0x7cec2 (size before relaxing)

.comment        0x0000000000000000       0x53
 .comment       0x0000000000000000       0x53 ./Core/Src/main.o
                                         0x54 (size before relaxing)
 .comment       0x0000000000000053       0x54 ./Core/Src/system_stm32f30x.o
 .comment       0x0000000000000053       0x54 ./Drivers/STM32F3xx_HAL_Driver/Src/stm32f30x_adc.o
 .comment       0x0000000000000053       0x54 ./Drivers/STM32F3xx_HAL_Driver/Src/stm32f30x_dac.o
 .comment       0x0000000000000053       0x54 ./Drivers/STM32F3xx_HAL_Driver/Src/stm32f30x_dma.o
 .comment       0x0000000000000053       0x54 ./Drivers/STM32F3xx_HAL_Driver/Src/stm32f30x_gpio.o
 .comment       0x0000000000000053       0x54 ./Drivers/STM32F3xx_HAL_Driver/Src/stm32f30x_misc.o
 .comment       0x0000000000000053       0x54 ./Drivers/STM32F3xx_HAL_Driver/Src/stm32f30x_rcc.o
 .comment       0x0000000000000053       0x54 ./Drivers/STM32F3xx_HAL_Driver/Src/stm32f30x_tim.o

.debug_frame    0x0000000000000000     0x18d0
 .debug_frame   0x0000000000000000      0x168 ./Core/Src/main.o
 .debug_frame   0x0000000000000168       0x40 ./Core/Src/system_stm32f30x.o
 .debug_frame   0x00000000000001a8      0x47c ./Drivers/STM32F3xx_HAL_Driver/Src/stm32f30x_adc.o
 .debug_frame   0x0000000000000624      0x154 ./Drivers/STM32F3xx_HAL_Driver/Src/stm32f30x_dac.o
 .debug_frame   0x0000000000000778       0xc8 ./Drivers/STM32F3xx_HAL_Driver/Src/stm32f30x_dma.o
 .debug_frame   0x0000000000000840      0x108 ./Drivers/STM32F3xx_HAL_Driver/Src/stm32f30x_gpio.o
 .debug_frame   0x0000000000000948       0x6c ./Drivers/STM32F3xx_HAL_Driver/Src/stm32f30x_misc.o
 .debug_frame   0x00000000000009b4      0x2b0 ./Drivers/STM32F3xx_HAL_Driver/Src/stm32f30x_rcc.o
 .debug_frame   0x0000000000000c64      0x848 ./Drivers/STM32F3xx_HAL_Driver/Src/stm32f30x_tim.o
 .debug_frame   0x00000000000014ac       0x20 /Applications/STM32CubeIDE.app/Contents/Eclipse/plugins/com.st.stm32cube.ide.mcu.externaltools.gnu-tools-for-stm32.9-2020-q2-update.macos64_2.0.0.202105311346/tools/bin/../lib/gcc/arm-none-eabi/9.3.1/../../../../arm-none-eabi/lib/thumb/v7e-m+fp/hard/libc_nano.a(lib_a-errno.o)
 .debug_frame   0x00000000000014cc       0x2c /Applications/STM32CubeIDE.app/Contents/Eclipse/plugins/com.st.stm32cube.ide.mcu.externaltools.gnu-tools-for-stm32.9-2020-q2-update.macos64_2.0.0.202105311346/tools/bin/../lib/gcc/arm-none-eabi/9.3.1/../../../../arm-none-eabi/lib/thumb/v7e-m+fp/hard/libc_nano.a(lib_a-init.o)
 .debug_frame   0x00000000000014f8       0x34 /Applications/STM32CubeIDE.app/Contents/Eclipse/plugins/com.st.stm32cube.ide.mcu.externaltools.gnu-tools-for-stm32.9-2020-q2-update.macos64_2.0.0.202105311346/tools/bin/../lib/gcc/arm-none-eabi/9.3.1/../../../../arm-none-eabi/lib/thumb/v7e-m+fp/hard/libm.a(lib_a-w_pow.o)
 .debug_frame   0x000000000000152c       0xa8 /Applications/STM32CubeIDE.app/Contents/Eclipse/plugins/com.st.stm32cube.ide.mcu.externaltools.gnu-tools-for-stm32.9-2020-q2-update.macos64_2.0.0.202105311346/tools/bin/../lib/gcc/arm-none-eabi/9.3.1/../../../../arm-none-eabi/lib/thumb/v7e-m+fp/hard/libm.a(lib_a-e_pow.o)
 .debug_frame   0x00000000000015d4       0x30 /Applications/STM32CubeIDE.app/Contents/Eclipse/plugins/com.st.stm32cube.ide.mcu.externaltools.gnu-tools-for-stm32.9-2020-q2-update.macos64_2.0.0.202105311346/tools/bin/../lib/gcc/arm-none-eabi/9.3.1/../../../../arm-none-eabi/lib/thumb/v7e-m+fp/hard/libm.a(lib_a-e_sqrt.o)
 .debug_frame   0x0000000000001604       0x20 /Applications/STM32CubeIDE.app/Contents/Eclipse/plugins/com.st.stm32cube.ide.mcu.externaltools.gnu-tools-for-stm32.9-2020-q2-update.macos64_2.0.0.202105311346/tools/bin/../lib/gcc/arm-none-eabi/9.3.1/../../../../arm-none-eabi/lib/thumb/v7e-m+fp/hard/libm.a(lib_a-s_fabs.o)
 .debug_frame   0x0000000000001624       0x28 /Applications/STM32CubeIDE.app/Contents/Eclipse/plugins/com.st.stm32cube.ide.mcu.externaltools.gnu-tools-for-stm32.9-2020-q2-update.macos64_2.0.0.202105311346/tools/bin/../lib/gcc/arm-none-eabi/9.3.1/../../../../arm-none-eabi/lib/thumb/v7e-m+fp/hard/libm.a(lib_a-s_finite.o)
 .debug_frame   0x000000000000164c       0x20 /Applications/STM32CubeIDE.app/Contents/Eclipse/plugins/com.st.stm32cube.ide.mcu.externaltools.gnu-tools-for-stm32.9-2020-q2-update.macos64_2.0.0.202105311346/tools/bin/../lib/gcc/arm-none-eabi/9.3.1/../../../../arm-none-eabi/lib/thumb/v7e-m+fp/hard/libm.a(lib_a-s_nan.o)
 .debug_frame   0x000000000000166c       0x34 /Applications/STM32CubeIDE.app/Contents/Eclipse/plugins/com.st.stm32cube.ide.mcu.externaltools.gnu-tools-for-stm32.9-2020-q2-update.macos64_2.0.0.202105311346/tools/bin/../lib/gcc/arm-none-eabi/9.3.1/../../../../arm-none-eabi/lib/thumb/v7e-m+fp/hard/libm.a(lib_a-s_rint.o)
 .debug_frame   0x00000000000016a0       0x2c /Applications/STM32CubeIDE.app/Contents/Eclipse/plugins/com.st.stm32cube.ide.mcu.externaltools.gnu-tools-for-stm32.9-2020-q2-update.macos64_2.0.0.202105311346/tools/bin/../lib/gcc/arm-none-eabi/9.3.1/../../../../arm-none-eabi/lib/thumb/v7e-m+fp/hard/libm.a(lib_a-s_scalbn.o)
 .debug_frame   0x00000000000016cc       0xac /Applications/STM32CubeIDE.app/Contents/Eclipse/plugins/com.st.stm32cube.ide.mcu.externaltools.gnu-tools-for-stm32.9-2020-q2-update.macos64_2.0.0.202105311346/tools/bin/../lib/gcc/arm-none-eabi/9.3.1/thumb/v7e-m+fp/hard/libgcc.a(_arm_addsubdf3.o)
 .debug_frame   0x0000000000001778       0x50 /Applications/STM32CubeIDE.app/Contents/Eclipse/plugins/com.st.stm32cube.ide.mcu.externaltools.gnu-tools-for-stm32.9-2020-q2-update.macos64_2.0.0.202105311346/tools/bin/../lib/gcc/arm-none-eabi/9.3.1/thumb/v7e-m+fp/hard/libgcc.a(_arm_muldivdf3.o)
 .debug_frame   0x00000000000017c8       0xc4 /Applications/STM32CubeIDE.app/Contents/Eclipse/plugins/com.st.stm32cube.ide.mcu.externaltools.gnu-tools-for-stm32.9-2020-q2-update.macos64_2.0.0.202105311346/tools/bin/../lib/gcc/arm-none-eabi/9.3.1/thumb/v7e-m+fp/hard/libgcc.a(_arm_cmpdf2.o)
 .debug_frame   0x000000000000188c       0x20 /Applications/STM32CubeIDE.app/Contents/Eclipse/plugins/com.st.stm32cube.ide.mcu.externaltools.gnu-tools-for-stm32.9-2020-q2-update.macos64_2.0.0.202105311346/tools/bin/../lib/gcc/arm-none-eabi/9.3.1/thumb/v7e-m+fp/hard/libgcc.a(_arm_unorddf2.o)
 .debug_frame   0x00000000000018ac       0x24 /Applications/STM32CubeIDE.app/Contents/Eclipse/plugins/com.st.stm32cube.ide.mcu.externaltools.gnu-tools-for-stm32.9-2020-q2-update.macos64_2.0.0.202105311346/tools/bin/../lib/gcc/arm-none-eabi/9.3.1/thumb/v7e-m+fp/hard/libgcc.a(_arm_fixunsdfsi.o)
