stm32f3xx_ll_tim.c:236:13:LL_TIM_DeInit	0	static
stm32f3xx_ll_tim.c:376:6:LL_TIM_StructInit	0	static
stm32f3xx_ll_tim.c:394:13:LL_TIM_Init	8	static
stm32f3xx_ll_tim.c:445:6:LL_TIM_OC_StructInit	0	static
stm32f3xx_ll_tim.c:474:13:LL_TIM_OC_Init	16	static
stm32f3xx_ll_tim.c:513:6:LL_TIM_IC_StructInit	0	static
stm32f3xx_ll_tim.c:535:13:LL_TIM_IC_Init	12	static
stm32f3xx_ll_tim.c:565:6:LL_TIM_ENCODER_StructInit	0	static
stm32f3xx_ll_tim.c:587:13:LL_TIM_ENCODER_Init	20	static
stm32f3xx_ll_tim.c:650:6:LL_TIM_HALLSENSOR_StructInit	0	static
stm32f3xx_ll_tim.c:679:13:LL_TIM_HALLSENSOR_Init	20	static
stm32f3xx_ll_tim.c:758:6:LL_TIM_BDTR_StructInit	0	static
stm32f3xx_ll_tim.c:794:13:LL_TIM_BDTR_Init	12	static
