Archive member included to satisfy reference by file (symbol)

/Applications/STM32CubeIDE.app/Contents/Eclipse/plugins/com.st.stm32cube.ide.mcu.externaltools.gnu-tools-for-stm32.9-2020-q2-update.macos64_2.0.0.202105311346/tools/bin/../lib/gcc/arm-none-eabi/9.3.1/../../../../arm-none-eabi/lib/thumb/v7e-m+fp/hard/libc_nano.a(lib_a-errno.o)
                              ./Core/Src/syscalls.o (__errno)
/Applications/STM32CubeIDE.app/Contents/Eclipse/plugins/com.st.stm32cube.ide.mcu.externaltools.gnu-tools-for-stm32.9-2020-q2-update.macos64_2.0.0.202105311346/tools/bin/../lib/gcc/arm-none-eabi/9.3.1/../../../../arm-none-eabi/lib/thumb/v7e-m+fp/hard/libc_nano.a(lib_a-exit.o)
                              /Applications/STM32CubeIDE.app/Contents/Eclipse/plugins/com.st.stm32cube.ide.mcu.externaltools.gnu-tools-for-stm32.9-2020-q2-update.macos64_2.0.0.202105311346/tools/bin/../lib/gcc/arm-none-eabi/9.3.1/../../../../arm-none-eabi/lib/thumb/v7e-m+fp/hard/crt0.o (exit)
/Applications/STM32CubeIDE.app/Contents/Eclipse/plugins/com.st.stm32cube.ide.mcu.externaltools.gnu-tools-for-stm32.9-2020-q2-update.macos64_2.0.0.202105311346/tools/bin/../lib/gcc/arm-none-eabi/9.3.1/../../../../arm-none-eabi/lib/thumb/v7e-m+fp/hard/libc_nano.a(lib_a-impure.o)
                              /Applications/STM32CubeIDE.app/Contents/Eclipse/plugins/com.st.stm32cube.ide.mcu.externaltools.gnu-tools-for-stm32.9-2020-q2-update.macos64_2.0.0.202105311346/tools/bin/../lib/gcc/arm-none-eabi/9.3.1/../../../../arm-none-eabi/lib/thumb/v7e-m+fp/hard/libc_nano.a(lib_a-exit.o) (_global_impure_ptr)
/Applications/STM32CubeIDE.app/Contents/Eclipse/plugins/com.st.stm32cube.ide.mcu.externaltools.gnu-tools-for-stm32.9-2020-q2-update.macos64_2.0.0.202105311346/tools/bin/../lib/gcc/arm-none-eabi/9.3.1/../../../../arm-none-eabi/lib/thumb/v7e-m+fp/hard/libc_nano.a(lib_a-init.o)
                              /Applications/STM32CubeIDE.app/Contents/Eclipse/plugins/com.st.stm32cube.ide.mcu.externaltools.gnu-tools-for-stm32.9-2020-q2-update.macos64_2.0.0.202105311346/tools/bin/../lib/gcc/arm-none-eabi/9.3.1/../../../../arm-none-eabi/lib/thumb/v7e-m+fp/hard/crt0.o (__libc_init_array)
/Applications/STM32CubeIDE.app/Contents/Eclipse/plugins/com.st.stm32cube.ide.mcu.externaltools.gnu-tools-for-stm32.9-2020-q2-update.macos64_2.0.0.202105311346/tools/bin/../lib/gcc/arm-none-eabi/9.3.1/../../../../arm-none-eabi/lib/thumb/v7e-m+fp/hard/libc_nano.a(lib_a-memset.o)
                              /Applications/STM32CubeIDE.app/Contents/Eclipse/plugins/com.st.stm32cube.ide.mcu.externaltools.gnu-tools-for-stm32.9-2020-q2-update.macos64_2.0.0.202105311346/tools/bin/../lib/gcc/arm-none-eabi/9.3.1/../../../../arm-none-eabi/lib/thumb/v7e-m+fp/hard/crt0.o (memset)
/Applications/STM32CubeIDE.app/Contents/Eclipse/plugins/com.st.stm32cube.ide.mcu.externaltools.gnu-tools-for-stm32.9-2020-q2-update.macos64_2.0.0.202105311346/tools/bin/../lib/gcc/arm-none-eabi/9.3.1/thumb/v7e-m+fp/hard/libgcc.a(_arm_addsubdf3.o)
                              ./Core/Src/2op_main.o (__aeabi_f2d)
/Applications/STM32CubeIDE.app/Contents/Eclipse/plugins/com.st.stm32cube.ide.mcu.externaltools.gnu-tools-for-stm32.9-2020-q2-update.macos64_2.0.0.202105311346/tools/bin/../lib/gcc/arm-none-eabi/9.3.1/thumb/v7e-m+fp/hard/libgcc.a(_arm_cmpdf2.o)
                              ./Core/Src/2op_main.o (__aeabi_dcmpgt)

Allocating common symbols
Common symbol       size              file

khz_in              0x4               ./Core/Src/2op_main.o
khz_in_mv           0x2               ./Core/Src/2op_main.o
ENV_OFFSET          0x4               ./Core/Src/2op_main.o
ENV_AMT             0x4               ./Core/Src/2op_main.o
OP1                 0x4c              ./Core/Src/2op_main.o
env_lowpass         0x4               ./Core/Src/2op_main.o
gate                0x1               ./Core/Src/2op_main.o
vdd_mv              0x2               ./Core/Src/2op_main.o
filtered_decay_jack
                    0x4               ./Core/Src/2op_main.o
khz_pot             0x4               ./Core/Src/2op_main.o
hadc2               0x50              ./Core/Src/main.o
output              0x4               ./Core/Src/2op_main.o
last_trig           0x1               ./Core/Src/2op_main.o
freqSum             0x4               ./Core/Src/2op_main.o
khz_correction      0x4               ./Core/Src/2op_main.o
ramp                0x2               ./Core/Src/2op_main.o
trig                0x1               ./Core/Src/2op_main.o
uwTick              0x4               ./Drivers/STM32F3xx_HAL_Driver/Src/stm32f3xx_hal.o
pFlash              0x20              ./Drivers/STM32F3xx_HAL_Driver/Src/stm32f3xx_hal_flash.o
last_gate           0x1               ./Core/Src/2op_main.o
decay_sum           0x4               ./Core/Src/2op_main.o
noise_offset        0x4               ./Core/Src/2op_main.o
hadc1               0x50              ./Core/Src/main.o
adc_data_10b        0xc               ./Core/Src/2op_main.o
[...]
Memory Configuration

Name             Origin             Length             Attributes
CCMRAM           0x0000000010000000 0x0000000000001000 xrw
RAM              0x0000000020000000 0x0000000000003000 xrw
FLASH            0x0000000008000000 0x0000000000010000 xr
*default*        0x0000000000000000 0xffffffffffffffff

Linker script and memory map

LOAD /Applications/STM32CubeIDE.app/Contents/Eclipse/plugins/com.st.stm32cube.ide.mcu.externaltools.gnu-tools-for-stm32.9-2020-q2-update.macos64_2.0.0.202105311346/tools/bin/../lib/gcc/arm-none-eabi/9.3.1/thumb/v7e-m+fp/hard/crti.o
LOAD /Applications/STM32CubeIDE.app/Contents/Eclipse/plugins/com.st.stm32cube.ide.mcu.externaltools.gnu-tools-for-stm32.9-2020-q2-update.macos64_2.0.0.202105311346/tools/bin/../lib/gcc/arm-none-eabi/9.3.1/thumb/v7e-m+fp/hard/crtbegin.o
LOAD /Applications/STM32CubeIDE.app/Contents/Eclipse/plugins/com.st.stm32cube.ide.mcu.externaltools.gnu-tools-for-stm32.9-2020-q2-update.macos64_2.0.0.202105311346/tools/bin/../lib/gcc/arm-none-eabi/9.3.1/../../../../arm-none-eabi/lib/thumb/v7e-m+fp/hard/crt0.o
LOAD ./Core/Src/2op_main.o
LOAD ./Core/Src/dac.o
LOAD ./Core/Src/dynamic_smooth.o
LOAD ./Core/Src/loop.o
LOAD ./Core/Src/main.o
LOAD ./Core/Src/noise.o
LOAD ./Core/Src/stm32f3xx_hal_msp.o
LOAD ./Core/Src/stm32f3xx_it.o
LOAD ./Core/Src/syscalls.o
LOAD ./Core/Src/sysmem.o
LOAD ./Core/Src/system_stm32f3xx.o
LOAD ./Core/Startup/startup_stm32f334k8tx.o
LOAD ./Drivers/STM32F3xx_HAL_Driver/Src/stm32f3xx_hal.o
LOAD ./Drivers/STM32F3xx_HAL_Driver/Src/stm32f3xx_hal_adc.o
LOAD ./Drivers/STM32F3xx_HAL_Driver/Src/stm32f3xx_hal_adc_ex.o
LOAD ./Drivers/STM32F3xx_HAL_Driver/Src/stm32f3xx_hal_cortex.o
LOAD ./Drivers/STM32F3xx_HAL_Driver/Src/stm32f3xx_hal_dma.o
LOAD ./Drivers/STM32F3xx_HAL_Driver/Src/stm32f3xx_hal_exti.o
LOAD ./Drivers/STM32F3xx_HAL_Driver/Src/stm32f3xx_hal_flash.o
LOAD ./Drivers/STM32F3xx_HAL_Driver/Src/stm32f3xx_hal_flash_ex.o
LOAD ./Drivers/STM32F3xx_HAL_Driver/Src/stm32f3xx_hal_gpio.o
LOAD ./Drivers/STM32F3xx_HAL_Driver/Src/stm32f3xx_hal_i2c.o
LOAD ./Drivers/STM32F3xx_HAL_Driver/Src/stm32f3xx_hal_i2c_ex.o
LOAD ./Drivers/STM32F3xx_HAL_Driver/Src/stm32f3xx_hal_pwr.o
LOAD ./Drivers/STM32F3xx_HAL_Driver/Src/stm32f3xx_hal_pwr_ex.o
LOAD ./Drivers/STM32F3xx_HAL_Driver/Src/stm32f3xx_hal_rcc.o
LOAD ./Drivers/STM32F3xx_HAL_Driver/Src/stm32f3xx_hal_rcc_ex.o
LOAD ./Drivers/STM32F3xx_HAL_Driver/Src/stm32f3xx_hal_tim.o
LOAD ./Drivers/STM32F3xx_HAL_Driver/Src/stm32f3xx_hal_tim_ex.o
LOAD ./Drivers/STM32F3xx_HAL_Driver/Src/stm32f3xx_ll_dac.o
LOAD ./Drivers/STM32F3xx_HAL_Driver/Src/stm32f3xx_ll_dma.o
LOAD ./Drivers/STM32F3xx_HAL_Driver/Src/stm32f3xx_ll_exti.o
LOAD ./Drivers/STM32F3xx_HAL_Driver/Src/stm32f3xx_ll_gpio.o
LOAD ./Drivers/STM32F3xx_HAL_Driver/Src/stm32f3xx_ll_rcc.o
LOAD ./Drivers/STM32F3xx_HAL_Driver/Src/stm32f3xx_ll_tim.o
LOAD ./Drivers/STM32F3xx_HAL_Driver/Src/stm32f3xx_ll_utils.o
START GROUP
LOAD /Applications/STM32CubeIDE.app/Contents/Eclipse/plugins/com.st.stm32cube.ide.mcu.externaltools.gnu-tools-for-stm32.9-2020-q2-update.macos64_2.0.0.202105311346/tools/bin/../lib/gcc/arm-none-eabi/9.3.1/../../../../arm-none-eabi/lib/thumb/v7e-m+fp/hard/libc_nano.a
LOAD /Applications/STM32CubeIDE.app/Contents/Eclipse/plugins/com.st.stm32cube.ide.mcu.externaltools.gnu-tools-for-stm32.9-2020-q2-update.macos64_2.0.0.202105311346/tools/bin/../lib/gcc/arm-none-eabi/9.3.1/../../../../arm-none-eabi/lib/thumb/v7e-m+fp/hard/libm.a
END GROUP
START GROUP
LOAD /Applications/STM32CubeIDE.app/Contents/Eclipse/plugins/com.st.stm32cube.ide.mcu.externaltools.gnu-tools-for-stm32.9-2020-q2-update.macos64_2.0.0.202105311346/tools/bin/../lib/gcc/arm-none-eabi/9.3.1/thumb/v7e-m+fp/hard/libgcc.a
LOAD /Applications/STM32CubeIDE.app/Contents/Eclipse/plugins/com.st.stm32cube.ide.mcu.externaltools.gnu-tools-for-stm32.9-2020-q2-update.macos64_2.0.0.202105311346/tools/bin/../lib/gcc/arm-none-eabi/9.3.1/../../../../arm-none-eabi/lib/thumb/v7e-m+fp/hard/libc_nano.a
END GROUP
START GROUP
LOAD /Applications/STM32CubeIDE.app/Contents/Eclipse/plugins/com.st.stm32cube.ide.mcu.externaltools.gnu-tools-for-stm32.9-2020-q2-update.macos64_2.0.0.202105311346/tools/bin/../lib/gcc/arm-none-eabi/9.3.1/thumb/v7e-m+fp/hard/libgcc.a
LOAD /Applications/STM32CubeIDE.app/Contents/Eclipse/plugins/com.st.stm32cube.ide.mcu.externaltools.gnu-tools-for-stm32.9-2020-q2-update.macos64_2.0.0.202105311346/tools/bin/../lib/gcc/arm-none-eabi/9.3.1/../../../../arm-none-eabi/lib/thumb/v7e-m+fp/hard/libc_nano.a
LOAD /Applications/STM32CubeIDE.app/Contents/Eclipse/plugins/com.st.stm32cube.ide.mcu.externaltools.gnu-tools-for-stm32.9-2020-q2-update.macos64_2.0.0.202105311346/tools/bin/../lib/gcc/arm-none-eabi/9.3.1/../../../../arm-none-eabi/lib/thumb/v7e-m+fp/hard/libnosys.a
END GROUP
START GROUP
LOAD /Applications/STM32CubeIDE.app/Contents/Eclipse/plugins/com.st.stm32cube.ide.mcu.externaltools.gnu-tools-for-stm32.9-2020-q2-update.macos64_2.0.0.202105311346/tools/bin/../lib/gcc/arm-none-eabi/9.3.1/thumb/v7e-m+fp/hard/libgcc.a
LOAD /Applications/STM32CubeIDE.app/Contents/Eclipse/plugins/com.st.stm32cube.ide.mcu.externaltools.gnu-tools-for-stm32.9-2020-q2-update.macos64_2.0.0.202105311346/tools/bin/../lib/gcc/arm-none-eabi/9.3.1/../../../../arm-none-eabi/lib/thumb/v7e-m+fp/hard/libc_nano.a
LOAD /Applications/STM32CubeIDE.app/Contents/Eclipse/plugins/com.st.stm32cube.ide.mcu.externaltools.gnu-tools-for-stm32.9-2020-q2-update.macos64_2.0.0.202105311346/tools/bin/../lib/gcc/arm-none-eabi/9.3.1/../../../../arm-none-eabi/lib/thumb/v7e-m+fp/hard/libnosys.a
END GROUP
LOAD /Applications/STM32CubeIDE.app/Contents/Eclipse/plugins/com.st.stm32cube.ide.mcu.externaltools.gnu-tools-for-stm32.9-2020-q2-update.macos64_2.0.0.202105311346/tools/bin/../lib/gcc/arm-none-eabi/9.3.1/thumb/v7e-m+fp/hard/crtend.o
LOAD /Applications/STM32CubeIDE.app/Contents/Eclipse/plugins/com.st.stm32cube.ide.mcu.externaltools.gnu-tools-for-stm32.9-2020-q2-update.macos64_2.0.0.202105311346/tools/bin/../lib/gcc/arm-none-eabi/9.3.1/thumb/v7e-m+fp/hard/crtn.o
                0x0000000020003000                _estack = (ORIGIN (RAM) + LENGTH (RAM))
                0x0000000000000200                _Min_Heap_Size = 0x200
                0x0000000000000400                _Min_Stack_Size = 0x400

.isr_vector     0x0000000008000000      0x188
                0x0000000008000000                . = ALIGN (0x4)
 *(.isr_vector)
 .isr_vector    0x0000000008000000      0x188 ./Core/Startup/startup_stm32f334k8tx.o
                0x0000000008000000                g_pfnVectors
                0x0000000008000188                . = ALIGN (0x4)

.text           0x0000000008000188     0x2348
                0x0000000008000188                . = ALIGN (0x4)
 *(.text)
 .text          0x0000000008000188       0x40 /Applications/STM32CubeIDE.app/Contents/Eclipse/plugins/com.st.stm32cube.ide.mcu.externaltools.gnu-tools-for-stm32.9-2020-q2-update.macos64_2.0.0.202105311346/tools/bin/../lib/gcc/arm-none-eabi/9.3.1/thumb/v7e-m+fp/hard/crtbegin.o
 .text          0x00000000080001c8      0x378 /Applications/STM32CubeIDE.app/Contents/Eclipse/plugins/com.st.stm32cube.ide.mcu.externaltools.gnu-tools-for-stm32.9-2020-q2-update.macos64_2.0.0.202105311346/tools/bin/../lib/gcc/arm-none-eabi/9.3.1/thumb/v7e-m+fp/hard/libgcc.a(_arm_addsubdf3.o)
                0x00000000080001c8                __aeabi_drsub
                0x00000000080001d0                __subdf3
                0x00000000080001d0                __aeabi_dsub
                0x00000000080001d4                __aeabi_dadd
                0x00000000080001d4                __adddf3
                0x000000000800044c                __aeabi_ui2d
                0x000000000800044c                __floatunsidf
                0x000000000800046c                __floatsidf
                0x000000000800046c                __aeabi_i2d
                0x0000000008000490                __extendsfdf2
                0x0000000008000490                __aeabi_f2d
                0x00000000080004d4                __aeabi_ul2d
                0x00000000080004d4                __floatundidf
                0x00000000080004e4                __aeabi_l2d
                0x00000000080004e4                __floatdidf
 .text          0x0000000008000540      0x110 /Applications/STM32CubeIDE.app/Contents/Eclipse/plugins/com.st.stm32cube.ide.mcu.externaltools.gnu-tools-for-stm32.9-2020-q2-update.macos64_2.0.0.202105311346/tools/bin/../lib/gcc/arm-none-eabi/9.3.1/thumb/v7e-m+fp/hard/libgcc.a(_arm_cmpdf2.o)
                0x0000000008000540                __gedf2
                0x0000000008000540                __gtdf2
                0x0000000008000548                __ledf2
                0x0000000008000548                __ltdf2
                0x0000000008000550                __cmpdf2
                0x0000000008000550                __eqdf2
                0x0000000008000550                __nedf2
                0x00000000080005cc                __aeabi_cdrcmple
                0x00000000080005dc                __aeabi_cdcmple
                0x00000000080005dc                __aeabi_cdcmpeq
                0x00000000080005ec                __aeabi_dcmpeq
                0x0000000008000600                __aeabi_dcmplt
                0x0000000008000614                __aeabi_dcmple
                0x0000000008000628                __aeabi_dcmpge
                0x000000000800063c                __aeabi_dcmpgt
 *(.text*)
 .text.adsr_structinit
                0x0000000008000650       0x2c ./Core/Src/2op_main.o
                0x0000000008000650                adsr_structinit
 *fill*         0x000000000800067c        0x4 
 .text.run_linear_a_expo_r
                0x0000000008000680       0xf0 ./Core/Src/2op_main.o
                0x0000000008000680                run_linear_a_expo_r
 .text.check_gate
                0x0000000008000770       0x3c ./Core/Src/2op_main.o
                0x0000000008000770                check_gate
 .text.set_adsr_parameters
                0x00000000080007ac       0x90 ./Core/Src/2op_main.o
                0x00000000080007ac                set_adsr_parameters
 .text.main_2OP_loop
                0x000000000800083c      0x2c0 ./Core/Src/2op_main.o
                0x000000000800083c                main_2OP_loop
 .text.dac2_ch1
                0x0000000008000afc       0x20 ./Core/Src/dac.o
                0x0000000008000afc                dac2_ch1
 .text.dac1_ch1
                0x0000000008000b1c       0x20 ./Core/Src/dac.o
                0x0000000008000b1c                dac1_ch1
 .text.dynamic_smooth_init
                0x0000000008000b3c       0x24 ./Core/Src/dynamic_smooth.o
                0x0000000008000b3c                dynamic_smooth_init
 .text.dynamic_smooth_tick
                0x0000000008000b60       0x58 ./Core/Src/dynamic_smooth.o
                0x0000000008000b60                dynamic_smooth_tick
 .text.loop     0x0000000008000bb8       0x70 ./Core/Src/loop.o
                0x0000000008000bb8                loop
 .text.SystemClock_Config
                0x0000000008000c28       0xb4 ./Core/Src/main.o
                0x0000000008000c28                SystemClock_Config
 .text.startup.main
                0x0000000008000cdc      0x564 ./Core/Src/main.o
                0x0000000008000cdc                main
 .text.Error_Handler
                0x0000000008001240        0x4 ./Core/Src/main.o
                0x0000000008001240                Error_Handler
 .text.HAL_MspInit
                0x0000000008001244       0x30 ./Core/Src/stm32f3xx_hal_msp.o
                0x0000000008001244                HAL_MspInit
 .text.HAL_ADC_MspInit
                0x0000000008001274      0x140 ./Core/Src/stm32f3xx_hal_msp.o
                0x0000000008001274                HAL_ADC_MspInit
 .text.NMI_Handler
                0x00000000080013b4        0x4 ./Core/Src/stm32f3xx_it.o
                0x00000000080013b4                NMI_Handler
 .text.HardFault_Handler
                0x00000000080013b8        0x4 ./Core/Src/stm32f3xx_it.o
                0x00000000080013b8                HardFault_Handler
 .text.MemManage_Handler
                0x00000000080013bc        0x4 ./Core/Src/stm32f3xx_it.o
                0x00000000080013bc                MemManage_Handler
 .text.BusFault_Handler
                0x00000000080013c0        0x4 ./Core/Src/stm32f3xx_it.o
                0x00000000080013c0                BusFault_Handler
 .text.UsageFault_Handler
                0x00000000080013c4        0x4 ./Core/Src/stm32f3xx_it.o
                0x00000000080013c4                UsageFault_Handler
 .text.SVC_Handler
                0x00000000080013c8        0x4 ./Core/Src/stm32f3xx_it.o
                0x00000000080013c8                SVC_Handler
 .text.DebugMon_Handler
                0x00000000080013cc        0x4 ./Core/Src/stm32f3xx_it.o
                0x00000000080013cc                DebugMon_Handler
 .text.PendSV_Handler
                0x00000000080013d0        0x4 ./Core/Src/stm32f3xx_it.o
                0x00000000080013d0                PendSV_Handler
 .text.SysTick_Handler
                0x00000000080013d4        0x4 ./Core/Src/stm32f3xx_it.o
                0x00000000080013d4                SysTick_Handler
 .text.DMA1_Channel1_IRQHandler
                0x00000000080013d8        0xc ./Core/Src/stm32f3xx_it.o
                0x00000000080013d8                DMA1_Channel1_IRQHandler
 .text.DMA1_Channel2_IRQHandler
                0x00000000080013e4        0xc ./Core/Src/stm32f3xx_it.o
                0x00000000080013e4                DMA1_Channel2_IRQHandler
 .text.TIM1_UP_TIM16_IRQHandler
                0x00000000080013f0       0x14 ./Core/Src/stm32f3xx_it.o
                0x00000000080013f0                TIM1_UP_TIM16_IRQHandler
 .text.TIM2_IRQHandler
                0x0000000008001404       0x18 ./Core/Src/stm32f3xx_it.o
                0x0000000008001404                TIM2_IRQHandler
 .text.TIM3_IRQHandler
                0x000000000800141c       0x60 ./Core/Src/stm32f3xx_it.o
                0x000000000800141c                TIM3_IRQHandler
 .text.SystemInit
                0x000000000800147c       0x1c ./Core/Src/system_stm32f3xx.o
                0x000000000800147c                SystemInit
 .text.Reset_Handler
                0x0000000008001498       0x50 ./Core/Startup/startup_stm32f334k8tx.o
                0x0000000008001498                Reset_Handler
 .text.Default_Handler
                0x00000000080014e8        0x2 ./Core/Startup/startup_stm32f334k8tx.o
                0x00000000080014e8                TIM1_BRK_TIM15_IRQHandler
                0x00000000080014e8                HRTIM1_Master_IRQHandler
                0x00000000080014e8                TIM1_CC_IRQHandler
                0x00000000080014e8                HRTIM1_FLT_IRQHandler
                0x00000000080014e8                PVD_IRQHandler
                0x00000000080014e8                HRTIM1_TIMD_IRQHandler
                0x00000000080014e8                TAMP_STAMP_IRQHandler
                0x00000000080014e8                EXTI3_IRQHandler
                0x00000000080014e8                EXTI0_IRQHandler
                0x00000000080014e8                FPU_IRQHandler
                0x00000000080014e8                CAN_TX_IRQHandler
                0x00000000080014e8                ADC1_2_IRQHandler
                0x00000000080014e8                HRTIM1_TIME_IRQHandler
                0x00000000080014e8                SPI1_IRQHandler
                0x00000000080014e8                CAN_SCE_IRQHandler
                0x00000000080014e8                HRTIM1_TIMC_IRQHandler
                0x00000000080014e8                DMA1_Channel4_IRQHandler
                0x00000000080014e8                USART3_IRQHandler
                0x00000000080014e8                DMA1_Channel7_IRQHandler
                0x00000000080014e8                TIM7_DAC2_IRQHandler
                0x00000000080014e8                CAN_RX1_IRQHandler
                0x00000000080014e8                I2C1_EV_IRQHandler
                0x00000000080014e8                DMA1_Channel6_IRQHandler
                0x00000000080014e8                RCC_IRQHandler
                0x00000000080014e8                Default_Handler
                0x00000000080014e8                EXTI15_10_IRQHandler
                0x00000000080014e8                COMP2_IRQHandler
                0x00000000080014e8                HRTIM1_TIMA_IRQHandler
                0x00000000080014e8                TIM6_DAC1_IRQHandler
                0x00000000080014e8                EXTI9_5_IRQHandler
                0x00000000080014e8                RTC_WKUP_IRQHandler
                0x00000000080014e8                DMA1_Channel5_IRQHandler
                0x00000000080014e8                EXTI4_IRQHandler
                0x00000000080014e8                HRTIM1_TIMB_IRQHandler
                0x00000000080014e8                TIM1_TRG_COM_TIM17_IRQHandler
                0x00000000080014e8                DMA1_Channel3_IRQHandler
                0x00000000080014e8                WWDG_IRQHandler
                0x00000000080014e8                EXTI1_IRQHandler
                0x00000000080014e8                COMP4_6_IRQHandler
                0x00000000080014e8                USART2_IRQHandler
                0x00000000080014e8                FLASH_IRQHandler
                0x00000000080014e8                USART1_IRQHandler
                0x00000000080014e8                CAN_RX0_IRQHandler
                0x00000000080014e8                I2C1_ER_IRQHandler
                0x00000000080014e8                EXTI2_TSC_IRQHandler
                0x00000000080014e8                RTC_Alarm_IRQHandler
 *fill*         0x00000000080014ea        0x2 
 .text.HAL_InitTick
                0x00000000080014ec       0x48 ./Drivers/STM32F3xx_HAL_Driver/Src/stm32f3xx_hal.o
                0x00000000080014ec                HAL_InitTick
 .text.HAL_Init
                0x0000000008001534       0x24 ./Drivers/STM32F3xx_HAL_Driver/Src/stm32f3xx_hal.o
                0x0000000008001534                HAL_Init
 .text.HAL_IncTick
                0x0000000008001558       0x18 ./Drivers/STM32F3xx_HAL_Driver/Src/stm32f3xx_hal.o
                0x0000000008001558                HAL_IncTick
 .text.HAL_GetTick
                0x0000000008001570        0xc ./Drivers/STM32F3xx_HAL_Driver/Src/stm32f3xx_hal.o
                0x0000000008001570                HAL_GetTick
 .text.HAL_ADC_ConvCpltCallback
                0x000000000800157c        0x4 ./Drivers/STM32F3xx_HAL_Driver/Src/stm32f3xx_hal_adc.o
                0x000000000800157c                HAL_ADC_ConvCpltCallback
 .text.HAL_ADC_ConvHalfCpltCallback
                0x0000000008001580        0x4 ./Drivers/STM32F3xx_HAL_Driver/Src/stm32f3xx_hal_adc.o
                0x0000000008001580                HAL_ADC_ConvHalfCpltCallback
 .text.HAL_ADC_ErrorCallback
                0x0000000008001584        0x4 ./Drivers/STM32F3xx_HAL_Driver/Src/stm32f3xx_hal_adc.o
                0x0000000008001584                HAL_ADC_ErrorCallback
 .text.ADC_DMAError
                0x0000000008001588       0x18 ./Drivers/STM32F3xx_HAL_Driver/Src/stm32f3xx_hal_adc_ex.o
 .text.ADC_DMAHalfConvCplt
                0x00000000080015a0        0x8 ./Drivers/STM32F3xx_HAL_Driver/Src/stm32f3xx_hal_adc_ex.o
 .text.ADC_DMAConvCplt
                0x00000000080015a8       0x44 ./Drivers/STM32F3xx_HAL_Driver/Src/stm32f3xx_hal_adc_ex.o
 .text.ADC_Disable
                0x00000000080015ec       0x70 ./Drivers/STM32F3xx_HAL_Driver/Src/stm32f3xx_hal_adc_ex.o
 .text.ADC_Enable
                0x000000000800165c       0x60 ./Drivers/STM32F3xx_HAL_Driver/Src/stm32f3xx_hal_adc_ex.o
 .text.HAL_ADC_Init
                0x00000000080016bc      0x20c ./Drivers/STM32F3xx_HAL_Driver/Src/stm32f3xx_hal_adc_ex.o
                0x00000000080016bc                HAL_ADC_Init
 .text.HAL_ADC_Start_DMA
                0x00000000080018c8      0x108 ./Drivers/STM32F3xx_HAL_Driver/Src/stm32f3xx_hal_adc_ex.o
                0x00000000080018c8                HAL_ADC_Start_DMA
 .text.HAL_ADC_ConfigChannel
                0x00000000080019d0      0x330 ./Drivers/STM32F3xx_HAL_Driver/Src/stm32f3xx_hal_adc_ex.o
                0x00000000080019d0                HAL_ADC_ConfigChannel
 .text.HAL_ADCEx_MultiModeConfigChannel
                0x0000000008001d00       0xe4 ./Drivers/STM32F3xx_HAL_Driver/Src/stm32f3xx_hal_adc_ex.o
                0x0000000008001d00                HAL_ADCEx_MultiModeConfigChannel
 .text.HAL_NVIC_SetPriorityGrouping
                0x0000000008001de4       0x28 ./Drivers/STM32F3xx_HAL_Driver/Src/stm32f3xx_hal_cortex.o
                0x0000000008001de4                HAL_NVIC_SetPriorityGrouping
 .text.HAL_NVIC_SetPriority
                0x0000000008001e0c       0x70 ./Drivers/STM32F3xx_HAL_Driver/Src/stm32f3xx_hal_cortex.o
                0x0000000008001e0c                HAL_NVIC_SetPriority
 .text.HAL_NVIC_EnableIRQ
                0x0000000008001e7c       0x1c ./Drivers/STM32F3xx_HAL_Driver/Src/stm32f3xx_hal_cortex.o
                0x0000000008001e7c                HAL_NVIC_EnableIRQ
 .text.HAL_SYSTICK_Config
                0x0000000008001e98       0x34 ./Drivers/STM32F3xx_HAL_Driver/Src/stm32f3xx_hal_cortex.o
                0x0000000008001e98                HAL_SYSTICK_Config
 .text.HAL_DMA_Init
                0x0000000008001ecc       0x64 ./Drivers/STM32F3xx_HAL_Driver/Src/stm32f3xx_hal_dma.o
                0x0000000008001ecc                HAL_DMA_Init
 .text.HAL_DMA_Start_IT
                0x0000000008001f30       0x84 ./Drivers/STM32F3xx_HAL_Driver/Src/stm32f3xx_hal_dma.o
                0x0000000008001f30                HAL_DMA_Start_IT
 .text.HAL_DMA_IRQHandler
                0x0000000008001fb4       0x94 ./Drivers/STM32F3xx_HAL_Driver/Src/stm32f3xx_hal_dma.o
                0x0000000008001fb4                HAL_DMA_IRQHandler
 .text.HAL_GPIO_Init
                0x0000000008002048      0x1c0 ./Drivers/STM32F3xx_HAL_Driver/Src/stm32f3xx_hal_gpio.o
                0x0000000008002048                HAL_GPIO_Init
 .text.HAL_GPIO_ReadPin
                0x0000000008002208        0xc ./Drivers/STM32F3xx_HAL_Driver/Src/stm32f3xx_hal_gpio.o
                0x0000000008002208                HAL_GPIO_ReadPin
 .text.LL_DAC_Init
                0x0000000008002214       0x60 ./Drivers/STM32F3xx_HAL_Driver/Src/stm32f3xx_ll_dac.o
                0x0000000008002214                LL_DAC_Init
 .text.LL_GPIO_Init
                0x0000000008002274      0x160 ./Drivers/STM32F3xx_HAL_Driver/Src/stm32f3xx_ll_gpio.o
                0x0000000008002274                LL_GPIO_Init
 .text.LL_TIM_Init
                0x00000000080023d4       0x90 ./Drivers/STM32F3xx_HAL_Driver/Src/stm32f3xx_ll_tim.o
                0x00000000080023d4                LL_TIM_Init
 .text.LL_SetSystemCoreClock
                0x0000000008002464        0xc ./Drivers/STM32F3xx_HAL_Driver/Src/stm32f3xx_ll_utils.o
                0x0000000008002464                LL_SetSystemCoreClock
 .text.__libc_init_array
                0x0000000008002470       0x48 /Applications/STM32CubeIDE.app/Contents/Eclipse/plugins/com.st.stm32cube.ide.mcu.externaltools.gnu-tools-for-stm32.9-2020-q2-update.macos64_2.0.0.202105311346/tools/bin/../lib/gcc/arm-none-eabi/9.3.1/../../../../arm-none-eabi/lib/thumb/v7e-m+fp/hard/libc_nano.a(lib_a-init.o)
                0x0000000008002470                __libc_init_array
 *(.glue_7)
 .glue_7        0x00000000080024b8        0x0 linker stubs
 *(.glue_7t)
 .glue_7t       0x00000000080024b8        0x0 linker stubs
 *(.eh_frame)
 .eh_frame      0x00000000080024b8        0x0 /Applications/STM32CubeIDE.app/Contents/Eclipse/plugins/com.st.stm32cube.ide.mcu.externaltools.gnu-tools-for-stm32.9-2020-q2-update.macos64_2.0.0.202105311346/tools/bin/../lib/gcc/arm-none-eabi/9.3.1/thumb/v7e-m+fp/hard/crtbegin.o
 *(.init)
 .init          0x00000000080024b8        0x4 /Applications/STM32CubeIDE.app/Contents/Eclipse/plugins/com.st.stm32cube.ide.mcu.externaltools.gnu-tools-for-stm32.9-2020-q2-update.macos64_2.0.0.202105311346/tools/bin/../lib/gcc/arm-none-eabi/9.3.1/thumb/v7e-m+fp/hard/crti.o
                0x00000000080024b8                _init
 .init          0x00000000080024bc        0x8 /Applications/STM32CubeIDE.app/Contents/Eclipse/plugins/com.st.stm32cube.ide.mcu.externaltools.gnu-tools-for-stm32.9-2020-q2-update.macos64_2.0.0.202105311346/tools/bin/../lib/gcc/arm-none-eabi/9.3.1/thumb/v7e-m+fp/hard/crtn.o
 *(.fini)
 .fini          0x00000000080024c4        0x4 /Applications/STM32CubeIDE.app/Contents/Eclipse/plugins/com.st.stm32cube.ide.mcu.externaltools.gnu-tools-for-stm32.9-2020-q2-update.macos64_2.0.0.202105311346/tools/bin/../lib/gcc/arm-none-eabi/9.3.1/thumb/v7e-m+fp/hard/crti.o
                0x00000000080024c4                _fini
 .fini          0x00000000080024c8        0x8 /Applications/STM32CubeIDE.app/Contents/Eclipse/plugins/com.st.stm32cube.ide.mcu.externaltools.gnu-tools-for-stm32.9-2020-q2-update.macos64_2.0.0.202105311346/tools/bin/../lib/gcc/arm-none-eabi/9.3.1/thumb/v7e-m+fp/hard/crtn.o
                0x00000000080024d0                . = ALIGN (0x4)
                0x00000000080024d0                _etext = .

.vfp11_veneer   0x00000000080024d0        0x0
 .vfp11_veneer  0x00000000080024d0        0x0 linker stubs

.v4_bx          0x00000000080024d0        0x0
 .v4_bx         0x00000000080024d0        0x0 linker stubs

.iplt           0x00000000080024d0        0x0
 .iplt          0x00000000080024d0        0x0 /Applications/STM32CubeIDE.app/Contents/Eclipse/plugins/com.st.stm32cube.ide.mcu.externaltools.gnu-tools-for-stm32.9-2020-q2-update.macos64_2.0.0.202105311346/tools/bin/../lib/gcc/arm-none-eabi/9.3.1/thumb/v7e-m+fp/hard/crtbegin.o

.rodata         0x00000000080024d0      0x800
                0x00000000080024d0                . = ALIGN (0x4)
 *(.rodata)
 *(.rodata*)
 .rodata.big_sine_wave
                0x00000000080024d0      0x800 ./Core/Src/2op_main.o
                0x0000000008002cd0                . = ALIGN (0x4)

.rel.dyn        0x0000000008002cd0        0x0
 .rel.iplt      0x0000000008002cd0        0x0 /Applications/STM32CubeIDE.app/Contents/Eclipse/plugins/com.st.stm32cube.ide.mcu.externaltools.gnu-tools-for-stm32.9-2020-q2-update.macos64_2.0.0.202105311346/tools/bin/../lib/gcc/arm-none-eabi/9.3.1/thumb/v7e-m+fp/hard/crtbegin.o

.ARM.extab      0x0000000008002cd0        0x0
                0x0000000008002cd0                . = ALIGN (0x4)
 *(.ARM.extab* .gnu.linkonce.armextab.*)
                0x0000000008002cd0                . = ALIGN (0x4)

.ARM            0x0000000008002cd0        0x0
                0x0000000008002cd0                . = ALIGN (0x4)
                0x0000000008002cd0                __exidx_start = .
 *(.ARM.exidx*)
                0x0000000008002cd0                __exidx_end = .
                0x0000000008002cd0                . = ALIGN (0x4)

.preinit_array  0x0000000008002cd0        0x0
                0x0000000008002cd0                . = ALIGN (0x4)
                0x0000000008002cd0                PROVIDE (__preinit_array_start = .)
 *(.preinit_array*)
                0x0000000008002cd0                PROVIDE (__preinit_array_end = .)
                0x0000000008002cd0                . = ALIGN (0x4)

.init_array     0x0000000008002cd0        0x4
                0x0000000008002cd0                . = ALIGN (0x4)
                0x0000000008002cd0                PROVIDE (__init_array_start = .)
 *(SORT_BY_NAME(.init_array.*))
 *(.init_array*)
 .init_array    0x0000000008002cd0        0x4 /Applications/STM32CubeIDE.app/Contents/Eclipse/plugins/com.st.stm32cube.ide.mcu.externaltools.gnu-tools-for-stm32.9-2020-q2-update.macos64_2.0.0.202105311346/tools/bin/../lib/gcc/arm-none-eabi/9.3.1/thumb/v7e-m+fp/hard/crtbegin.o
                0x0000000008002cd4                PROVIDE (__init_array_end = .)
                0x0000000008002cd4                . = ALIGN (0x4)

.fini_array     0x0000000008002cd4        0x4
                0x0000000008002cd4                . = ALIGN (0x4)
                [!provide]                        PROVIDE (__fini_array_start = .)
 *(SORT_BY_NAME(.fini_array.*))
 *(.fini_array*)
 .fini_array    0x0000000008002cd4        0x4 /Applications/STM32CubeIDE.app/Contents/Eclipse/plugins/com.st.stm32cube.ide.mcu.externaltools.gnu-tools-for-stm32.9-2020-q2-update.macos64_2.0.0.202105311346/tools/bin/../lib/gcc/arm-none-eabi/9.3.1/thumb/v7e-m+fp/hard/crtbegin.o
                [!provide]                        PROVIDE (__fini_array_end = .)
                0x0000000008002cd8                . = ALIGN (0x4)
                0x0000000008002cd8                _sidata = LOADADDR (.data)

.data           0x0000000020000000      0x80c load address 0x0000000008002cd8
                0x0000000020000000                . = ALIGN (0x4)
                0x0000000020000000                _sdata = .
 *(.data)
 *(.data*)
 .data.expo_lut
                0x0000000020000000      0x800 ./Core/Src/2op_main.o
                0x0000000020000000                expo_lut
 .data.SystemCoreClock
                0x0000000020000800        0x4 ./Core/Src/system_stm32f3xx.o
                0x0000000020000800                SystemCoreClock
 .data.uwTickFreq
                0x0000000020000804        0x1 ./Drivers/STM32F3xx_HAL_Driver/Src/stm32f3xx_hal.o
                0x0000000020000804                uwTickFreq
 *fill*         0x0000000020000805        0x3 
 .data.uwTickPrio
                0x0000000020000808        0x4 ./Drivers/STM32F3xx_HAL_Driver/Src/stm32f3xx_hal.o
                0x0000000020000808                uwTickPrio
                0x000000002000080c                . = ALIGN (0x4)
                0x000000002000080c                _edata = .

.igot.plt       0x000000002000080c        0x0 load address 0x00000000080034e4
 .igot.plt      0x000000002000080c        0x0 /Applications/STM32CubeIDE.app/Contents/Eclipse/plugins/com.st.stm32cube.ide.mcu.externaltools.gnu-tools-for-stm32.9-2020-q2-update.macos64_2.0.0.202105311346/tools/bin/../lib/gcc/arm-none-eabi/9.3.1/thumb/v7e-m+fp/hard/crtbegin.o
                0x000000002000080c                . = ALIGN (0x4)

.bss            0x000000002000080c      0x480 load address 0x00000000080034e4
                0x000000002000080c                _sbss = .
                0x000000002000080c                __bss_start__ = _sbss
 *(.bss)
 .bss           0x000000002000080c       0x1c /Applications/STM32CubeIDE.app/Contents/Eclipse/plugins/com.st.stm32cube.ide.mcu.externaltools.gnu-tools-for-stm32.9-2020-q2-update.macos64_2.0.0.202105311346/tools/bin/../lib/gcc/arm-none-eabi/9.3.1/thumb/v7e-m+fp/hard/crtbegin.o
 *(.bss*)
 .bss.HAL_RCC_ADC12_CLK_ENABLED
                0x0000000020000828        0x4 ./Core/Src/stm32f3xx_hal_msp.o
 *(COMMON)
 COMMON         0x000000002000082c      0x332 ./Core/Src/2op_main.o
                0x000000002000082c                khz_in
                0x0000000020000830                khz_in_mv
                0x0000000020000834                ENV_OFFSET
                0x0000000020000838                ENV_AMT
                0x000000002000083c                OP1
                0x0000000020000888                env_lowpass
                0x000000002000088c                gate
                0x000000002000088e                vdd_mv
                0x0000000020000890                filtered_decay_jack
                0x0000000020000894                khz_pot
                0x0000000020000898                output
                0x000000002000089c                last_trig
                0x00000000200008a0                freqSum
                0x00000000200008a4                khz_correction
                0x00000000200008a8                ramp
                0x00000000200008aa                trig
                0x00000000200008ab                last_gate
                0x00000000200008ac                decay_sum
                0x00000000200008b0                noise_offset
                0x00000000200008b4                adc_data_10b
                0x00000000200008c0                fm_ratio
                0x00000000200008c4                adc_data
                0x00000000200008d4                voice2
                0x00000000200008d8                tanh_table
                0x0000000020000ad8                note
                0x0000000020000adc                dynamic_smooth_a
                0x0000000020000afc                vdd_cal
                0x0000000020000b00                voice1
                0x0000000020000b04                filtered_khz_in
                0x0000000020000b08                dummy
                0x0000000020000b0c                OP2
                0x0000000020000b58                env_lp
                0x0000000020000b5c                voct_data
 *fill*         0x0000000020000b5e        0x2 
 COMMON         0x0000000020000b60      0x128 ./Core/Src/main.o
                0x0000000020000b60                hadc2
                0x0000000020000bb0                hadc1
                0x0000000020000c00                hdma_adc1
                0x0000000020000c44                hdma_adc2
 COMMON         0x0000000020000c88        0x4 ./Drivers/STM32F3xx_HAL_Driver/Src/stm32f3xx_hal.o
                0x0000000020000c88                uwTick
                0x0000000020000c8c                . = ALIGN (0x4)
                0x0000000020000c8c                _ebss = .
                0x0000000020000c8c                __bss_end__ = _ebss

._user_heap_stack
                0x0000000020000c8c      0x604 load address 0x00000000080034e4
                0x0000000020000c90                . = ALIGN (0x8)
 *fill*         0x0000000020000c8c        0x4 
                0x0000000020000c90                PROVIDE (end = .)
                [!provide]                        PROVIDE (_end = .)
                0x0000000020000e90                . = (. + _Min_Heap_Size)
 *fill*         0x0000000020000c90      0x200 
                0x0000000020001290                . = (. + _Min_Stack_Size)
 *fill*         0x0000000020000e90      0x400 
                0x0000000020001290                . = ALIGN (0x8)

/DISCARD/
 libc.a(*)
 libm.a(*)
 libgcc.a(*)

.ARM.attributes
                0x0000000000000000       0x30
 *(.ARM.attributes)
 .ARM.attributes
                0x0000000000000000       0x1e /Applications/STM32CubeIDE.app/Contents/Eclipse/plugins/com.st.stm32cube.ide.mcu.externaltools.gnu-tools-for-stm32.9-2020-q2-update.macos64_2.0.0.202105311346/tools/bin/../lib/gcc/arm-none-eabi/9.3.1/thumb/v7e-m+fp/hard/crti.o
 .ARM.attributes
                0x000000000000001e       0x34 /Applications/STM32CubeIDE.app/Contents/Eclipse/plugins/com.st.stm32cube.ide.mcu.externaltools.gnu-tools-for-stm32.9-2020-q2-update.macos64_2.0.0.202105311346/tools/bin/../lib/gcc/arm-none-eabi/9.3.1/thumb/v7e-m+fp/hard/crtbegin.o
 .ARM.attributes
                0x0000000000000052       0x30 ./Core/Src/2op_main.o
 .ARM.attributes
                0x0000000000000082       0x30 ./Core/Src/dac.o
 .ARM.attributes
                0x00000000000000b2       0x30 ./Core/Src/dynamic_smooth.o
 .ARM.attributes
                0x00000000000000e2       0x30 ./Core/Src/loop.o
 .ARM.attributes
                0x0000000000000112       0x30 ./Core/Src/main.o
 .ARM.attributes
                0x0000000000000142       0x30 ./Core/Src/stm32f3xx_hal_msp.o
 .ARM.attributes
                0x0000000000000172       0x30 ./Core/Src/stm32f3xx_it.o
 .ARM.attributes
                0x00000000000001a2       0x30 ./Core/Src/system_stm32f3xx.o
 .ARM.attributes
                0x00000000000001d2       0x21 ./Core/Startup/startup_stm32f334k8tx.o
 .ARM.attributes
                0x00000000000001f3       0x30 ./Drivers/STM32F3xx_HAL_Driver/Src/stm32f3xx_hal.o
 .ARM.attributes
                0x0000000000000223       0x30 ./Drivers/STM32F3xx_HAL_Driver/Src/stm32f3xx_hal_adc.o
 .ARM.attributes
                0x0000000000000253       0x30 ./Drivers/STM32F3xx_HAL_Driver/Src/stm32f3xx_hal_adc_ex.o
 .ARM.attributes
                0x0000000000000283       0x30 ./Drivers/STM32F3xx_HAL_Driver/Src/stm32f3xx_hal_cortex.o
 .ARM.attributes
                0x00000000000002b3       0x30 ./Drivers/STM32F3xx_HAL_Driver/Src/stm32f3xx_hal_dma.o
 .ARM.attributes
                0x00000000000002e3       0x30 ./Drivers/STM32F3xx_HAL_Driver/Src/stm32f3xx_hal_gpio.o
 .ARM.attributes
                0x0000000000000313       0x30 ./Drivers/STM32F3xx_HAL_Driver/Src/stm32f3xx_ll_dac.o
 .ARM.attributes
                0x0000000000000343       0x30 ./Drivers/STM32F3xx_HAL_Driver/Src/stm32f3xx_ll_gpio.o
 .ARM.attributes
                0x0000000000000373       0x30 ./Drivers/STM32F3xx_HAL_Driver/Src/stm32f3xx_ll_tim.o
 .ARM.attributes
                0x00000000000003a3       0x30 ./Drivers/STM32F3xx_HAL_Driver/Src/stm32f3xx_ll_utils.o
 .ARM.attributes
                0x00000000000003d3       0x34 /Applications/STM32CubeIDE.app/Contents/Eclipse/plugins/com.st.stm32cube.ide.mcu.externaltools.gnu-tools-for-stm32.9-2020-q2-update.macos64_2.0.0.202105311346/tools/bin/../lib/gcc/arm-none-eabi/9.3.1/../../../../arm-none-eabi/lib/thumb/v7e-m+fp/hard/libc_nano.a(lib_a-init.o)
 .ARM.attributes
                0x0000000000000407       0x1e /Applications/STM32CubeIDE.app/Contents/Eclipse/plugins/com.st.stm32cube.ide.mcu.externaltools.gnu-tools-for-stm32.9-2020-q2-update.macos64_2.0.0.202105311346/tools/bin/../lib/gcc/arm-none-eabi/9.3.1/thumb/v7e-m+fp/hard/libgcc.a(_arm_addsubdf3.o)
 .ARM.attributes
                0x0000000000000425       0x1e /Applications/STM32CubeIDE.app/Contents/Eclipse/plugins/com.st.stm32cube.ide.mcu.externaltools.gnu-tools-for-stm32.9-2020-q2-update.macos64_2.0.0.202105311346/tools/bin/../lib/gcc/arm-none-eabi/9.3.1/thumb/v7e-m+fp/hard/libgcc.a(_arm_cmpdf2.o)
 .ARM.attributes
                0x0000000000000443       0x1e /Applications/STM32CubeIDE.app/Contents/Eclipse/plugins/com.st.stm32cube.ide.mcu.externaltools.gnu-tools-for-stm32.9-2020-q2-update.macos64_2.0.0.202105311346/tools/bin/../lib/gcc/arm-none-eabi/9.3.1/thumb/v7e-m+fp/hard/crtn.o
OUTPUT(2OPFM_2020.elf elf32-littlearm)
LOAD linker stubs
LOAD /Applications/STM32CubeIDE.app/Contents/Eclipse/plugins/com.st.stm32cube.ide.mcu.externaltools.gnu-tools-for-stm32.9-2020-q2-update.macos64_2.0.0.202105311346/tools/bin/../lib/gcc/arm-none-eabi/9.3.1/../../../../arm-none-eabi/lib/thumb/v7e-m+fp/hard/libc.a
LOAD /Applications/STM32CubeIDE.app/Contents/Eclipse/plugins/com.st.stm32cube.ide.mcu.externaltools.gnu-tools-for-stm32.9-2020-q2-update.macos64_2.0.0.202105311346/tools/bin/../lib/gcc/arm-none-eabi/9.3.1/../../../../arm-none-eabi/lib/thumb/v7e-m+fp/hard/libm.a
LOAD /Applications/STM32CubeIDE.app/Contents/Eclipse/plugins/com.st.stm32cube.ide.mcu.externaltools.gnu-tools-for-stm32.9-2020-q2-update.macos64_2.0.0.202105311346/tools/bin/../lib/gcc/arm-none-eabi/9.3.1/thumb/v7e-m+fp/hard/libgcc.a

.debug_info     0x0000000000000000    0x17454
 .debug_info    0x0000000000000000     0x4b9e ./Core/Src/2op_main.o
 .debug_info    0x0000000000004b9e     0x11ed ./Core/Src/dac.o
 .debug_info    0x0000000000005d8b     0x10f2 ./Core/Src/dynamic_smooth.o
 .debug_info    0x0000000000006e7d      0xf93 ./Core/Src/loop.o
 .debug_info    0x0000000000007e10     0x37a4 ./Core/Src/main.o
 .debug_info    0x000000000000b5b4     0x19af ./Core/Src/stm32f3xx_hal_msp.o
 .debug_info    0x000000000000cf63     0x1609 ./Core/Src/stm32f3xx_it.o
 .debug_info    0x000000000000e56c      0x4ae ./Core/Src/system_stm32f3xx.o
 .debug_info    0x000000000000ea1a       0x22 ./Core/Startup/startup_stm32f334k8tx.o
 .debug_info    0x000000000000ea3c      0x8dc ./Drivers/STM32F3xx_HAL_Driver/Src/stm32f3xx_hal.o
 .debug_info    0x000000000000f318      0xc37 ./Drivers/STM32F3xx_HAL_Driver/Src/stm32f3xx_hal_adc.o
 .debug_info    0x000000000000ff4f     0x1ed5 ./Drivers/STM32F3xx_HAL_Driver/Src/stm32f3xx_hal_adc_ex.o
 .debug_info    0x0000000000011e24      0xe70 ./Drivers/STM32F3xx_HAL_Driver/Src/stm32f3xx_hal_cortex.o
 .debug_info    0x0000000000012c94      0x9a2 ./Drivers/STM32F3xx_HAL_Driver/Src/stm32f3xx_hal_dma.o
 .debug_info    0x0000000000013636      0x85e ./Drivers/STM32F3xx_HAL_Driver/Src/stm32f3xx_hal_gpio.o
 .debug_info    0x0000000000013e94      0x581 ./Drivers/STM32F3xx_HAL_Driver/Src/stm32f3xx_ll_dac.o
 .debug_info    0x0000000000014415      0xb4d ./Drivers/STM32F3xx_HAL_Driver/Src/stm32f3xx_ll_gpio.o
 .debug_info    0x0000000000014f62     0x1779 ./Drivers/STM32F3xx_HAL_Driver/Src/stm32f3xx_ll_tim.o
 .debug_info    0x00000000000166db      0xd79 ./Drivers/STM32F3xx_HAL_Driver/Src/stm32f3xx_ll_utils.o

.debug_abbrev   0x0000000000000000     0x300d
 .debug_abbrev  0x0000000000000000      0x33f ./Core/Src/2op_main.o
 .debug_abbrev  0x000000000000033f      0x231 ./Core/Src/dac.o
 .debug_abbrev  0x0000000000000570      0x256 ./Core/Src/dynamic_smooth.o
 .debug_abbrev  0x00000000000007c6      0x16f ./Core/Src/loop.o
 .debug_abbrev  0x0000000000000935      0x433 ./Core/Src/main.o
 .debug_abbrev  0x0000000000000d68      0x250 ./Core/Src/stm32f3xx_hal_msp.o
 .debug_abbrev  0x0000000000000fb8      0x372 ./Core/Src/stm32f3xx_it.o
 .debug_abbrev  0x000000000000132a      0x14b ./Core/Src/system_stm32f3xx.o
 .debug_abbrev  0x0000000000001475       0x12 ./Core/Startup/startup_stm32f334k8tx.o
 .debug_abbrev  0x0000000000001487      0x27e ./Drivers/STM32F3xx_HAL_Driver/Src/stm32f3xx_hal.o
 .debug_abbrev  0x0000000000001705      0x21d ./Drivers/STM32F3xx_HAL_Driver/Src/stm32f3xx_hal_adc.o
 .debug_abbrev  0x0000000000001922      0x3c3 ./Drivers/STM32F3xx_HAL_Driver/Src/stm32f3xx_hal_adc_ex.o
 .debug_abbrev  0x0000000000001ce5      0x360 ./Drivers/STM32F3xx_HAL_Driver/Src/stm32f3xx_hal_cortex.o
 .debug_abbrev  0x0000000000002045      0x283 ./Drivers/STM32F3xx_HAL_Driver/Src/stm32f3xx_hal_dma.o
 .debug_abbrev  0x00000000000022c8      0x214 ./Drivers/STM32F3xx_HAL_Driver/Src/stm32f3xx_hal_gpio.o
 .debug_abbrev  0x00000000000024dc      0x21a ./Drivers/STM32F3xx_HAL_Driver/Src/stm32f3xx_ll_dac.o
 .debug_abbrev  0x00000000000026f6      0x2a6 ./Drivers/STM32F3xx_HAL_Driver/Src/stm32f3xx_ll_gpio.o
 .debug_abbrev  0x000000000000299c      0x2d6 ./Drivers/STM32F3xx_HAL_Driver/Src/stm32f3xx_ll_tim.o
 .debug_abbrev  0x0000000000002c72      0x39b ./Drivers/STM32F3xx_HAL_Driver/Src/stm32f3xx_ll_utils.o

.debug_loc      0x0000000000000000     0x6d03
 .debug_loc     0x0000000000000000      0x210 ./Core/Src/2op_main.o
 .debug_loc     0x0000000000000210      0x174 ./Core/Src/dac.o
 .debug_loc     0x0000000000000384      0x12e ./Core/Src/dynamic_smooth.o
 .debug_loc     0x00000000000004b2      0x86c ./Core/Src/main.o
 .debug_loc     0x0000000000000d1e       0xb2 ./Core/Src/stm32f3xx_hal_msp.o
 .debug_loc     0x0000000000000dd0      0x102 ./Core/Src/stm32f3xx_it.o
 .debug_loc     0x0000000000000ed2      0x12b ./Core/Src/system_stm32f3xx.o
 .debug_loc     0x0000000000000ffd      0x168 ./Drivers/STM32F3xx_HAL_Driver/Src/stm32f3xx_hal.o
 .debug_loc     0x0000000000001165      0x128 ./Drivers/STM32F3xx_HAL_Driver/Src/stm32f3xx_hal_adc.o
 .debug_loc     0x000000000000128d     0x212b ./Drivers/STM32F3xx_HAL_Driver/Src/stm32f3xx_hal_adc_ex.o
 .debug_loc     0x00000000000033b8      0x782 ./Drivers/STM32F3xx_HAL_Driver/Src/stm32f3xx_hal_cortex.o
 .debug_loc     0x0000000000003b3a      0x863 ./Drivers/STM32F3xx_HAL_Driver/Src/stm32f3xx_hal_dma.o
 .debug_loc     0x000000000000439d      0x3d2 ./Drivers/STM32F3xx_HAL_Driver/Src/stm32f3xx_hal_gpio.o
 .debug_loc     0x000000000000476f      0x1f0 ./Drivers/STM32F3xx_HAL_Driver/Src/stm32f3xx_ll_dac.o
 .debug_loc     0x000000000000495f      0x782 ./Drivers/STM32F3xx_HAL_Driver/Src/stm32f3xx_ll_gpio.o
 .debug_loc     0x00000000000050e1     0x149e ./Drivers/STM32F3xx_HAL_Driver/Src/stm32f3xx_ll_tim.o
 .debug_loc     0x000000000000657f      0x784 ./Drivers/STM32F3xx_HAL_Driver/Src/stm32f3xx_ll_utils.o

.debug_aranges  0x0000000000000000      0x720
 .debug_aranges
                0x0000000000000000       0x70 ./Core/Src/2op_main.o
 .debug_aranges
                0x0000000000000070       0x28 ./Core/Src/dac.o
 .debug_aranges
                0x0000000000000098       0x38 ./Core/Src/dynamic_smooth.o
 .debug_aranges
                0x00000000000000d0       0x20 ./Core/Src/loop.o
 .debug_aranges
                0x00000000000000f0       0x30 ./Core/Src/main.o
 .debug_aranges
                0x0000000000000120       0x30 ./Core/Src/stm32f3xx_hal_msp.o
 .debug_aranges
                0x0000000000000150       0x70 ./Core/Src/stm32f3xx_it.o
 .debug_aranges
                0x00000000000001c0       0x28 ./Core/Src/system_stm32f3xx.o
 .debug_aranges
                0x00000000000001e8       0x28 ./Core/Startup/startup_stm32f334k8tx.o
 .debug_aranges
                0x0000000000000210       0xd8 ./Drivers/STM32F3xx_HAL_Driver/Src/stm32f3xx_hal.o
 .debug_aranges
                0x00000000000002e8       0x60 ./Drivers/STM32F3xx_HAL_Driver/Src/stm32f3xx_hal_adc.o
 .debug_aranges
                0x0000000000000348      0x150 ./Drivers/STM32F3xx_HAL_Driver/Src/stm32f3xx_hal_adc_ex.o
 .debug_aranges
                0x0000000000000498       0x90 ./Drivers/STM32F3xx_HAL_Driver/Src/stm32f3xx_hal_cortex.o
 .debug_aranges
                0x0000000000000528       0x78 ./Drivers/STM32F3xx_HAL_Driver/Src/stm32f3xx_hal_dma.o
 .debug_aranges
                0x00000000000005a0       0x58 ./Drivers/STM32F3xx_HAL_Driver/Src/stm32f3xx_hal_gpio.o
 .debug_aranges
                0x00000000000005f8       0x30 ./Drivers/STM32F3xx_HAL_Driver/Src/stm32f3xx_ll_dac.o
 .debug_aranges
                0x0000000000000628       0x30 ./Drivers/STM32F3xx_HAL_Driver/Src/stm32f3xx_ll_gpio.o
 .debug_aranges
                0x0000000000000658       0x80 ./Drivers/STM32F3xx_HAL_Driver/Src/stm32f3xx_ll_tim.o
 .debug_aranges
                0x00000000000006d8       0x48 ./Drivers/STM32F3xx_HAL_Driver/Src/stm32f3xx_ll_utils.o

.debug_ranges   0x0000000000000000     0x1550
 .debug_ranges  0x0000000000000000      0x1e0 ./Core/Src/2op_main.o
 .debug_ranges  0x00000000000001e0       0x18 ./Core/Src/dac.o
 .debug_ranges  0x00000000000001f8       0x48 ./Core/Src/dynamic_smooth.o
 .debug_ranges  0x0000000000000240       0x10 ./Core/Src/loop.o
 .debug_ranges  0x0000000000000250      0x628 ./Core/Src/main.o
 .debug_ranges  0x0000000000000878       0x80 ./Core/Src/stm32f3xx_hal_msp.o
 .debug_ranges  0x00000000000008f8       0xc0 ./Core/Src/stm32f3xx_it.o
 .debug_ranges  0x00000000000009b8       0x18 ./Core/Src/system_stm32f3xx.o
 .debug_ranges  0x00000000000009d0       0x20 ./Core/Startup/startup_stm32f334k8tx.o
 .debug_ranges  0x00000000000009f0       0xc8 ./Drivers/STM32F3xx_HAL_Driver/Src/stm32f3xx_hal.o
 .debug_ranges  0x0000000000000ab8       0x50 ./Drivers/STM32F3xx_HAL_Driver/Src/stm32f3xx_hal_adc.o
 .debug_ranges  0x0000000000000b08      0x140 ./Drivers/STM32F3xx_HAL_Driver/Src/stm32f3xx_hal_adc_ex.o
 .debug_ranges  0x0000000000000c48      0x1a8 ./Drivers/STM32F3xx_HAL_Driver/Src/stm32f3xx_hal_cortex.o
 .debug_ranges  0x0000000000000df0      0x128 ./Drivers/STM32F3xx_HAL_Driver/Src/stm32f3xx_hal_dma.o
 .debug_ranges  0x0000000000000f18       0x60 ./Drivers/STM32F3xx_HAL_Driver/Src/stm32f3xx_hal_gpio.o
 .debug_ranges  0x0000000000000f78       0x50 ./Drivers/STM32F3xx_HAL_Driver/Src/stm32f3xx_ll_dac.o
 .debug_ranges  0x0000000000000fc8      0x160 ./Drivers/STM32F3xx_HAL_Driver/Src/stm32f3xx_ll_gpio.o
 .debug_ranges  0x0000000000001128      0x248 ./Drivers/STM32F3xx_HAL_Driver/Src/stm32f3xx_ll_tim.o
 .debug_ranges  0x0000000000001370      0x1e0 ./Drivers/STM32F3xx_HAL_Driver/Src/stm32f3xx_ll_utils.o

.debug_macro    0x0000000000000000    0x1e745
 .debug_macro   0x0000000000000000      0x285 ./Core/Src/2op_main.o
 .debug_macro   0x0000000000000285      0xaba ./Core/Src/2op_main.o
 .debug_macro   0x0000000000000d3f      0x151 ./Core/Src/2op_main.o
 .debug_macro   0x0000000000000e90       0x2e ./Core/Src/2op_main.o
 .debug_macro   0x0000000000000ebe       0x28 ./Core/Src/2op_main.o
 .debug_macro   0x0000000000000ee6       0x22 ./Core/Src/2op_main.o
 .debug_macro   0x0000000000000f08       0x8e ./Core/Src/2op_main.o
 .debug_macro   0x0000000000000f96       0x51 ./Core/Src/2op_main.o
 .debug_macro   0x0000000000000fe7      0x103 ./Core/Src/2op_main.o
 .debug_macro   0x00000000000010ea       0x6a ./Core/Src/2op_main.o
 .debug_macro   0x0000000000001154      0x1df ./Core/Src/2op_main.o
 .debug_macro   0x0000000000001333       0x1c ./Core/Src/2op_main.o
 .debug_macro   0x000000000000134f       0x22 ./Core/Src/2op_main.o
 .debug_macro   0x0000000000001371       0xdf ./Core/Src/2op_main.o
 .debug_macro   0x0000000000001450      0xf07 ./Core/Src/2op_main.o
 .debug_macro   0x0000000000002357    0x15464 ./Core/Src/2op_main.o
 .debug_macro   0x00000000000177bb       0x43 ./Core/Src/2op_main.o
 .debug_macro   0x00000000000177fe      0x174 ./Core/Src/2op_main.o
 .debug_macro   0x0000000000017972       0x53 ./Core/Src/2op_main.o
 .debug_macro   0x00000000000179c5      0x8f9 ./Core/Src/2op_main.o
 .debug_macro   0x00000000000182be      0x358 ./Core/Src/2op_main.o
 .debug_macro   0x0000000000018616      0x12f ./Core/Src/2op_main.o
 .debug_macro   0x0000000000018745      0x130 ./Core/Src/2op_main.o
 .debug_macro   0x0000000000018875      0x1d5 ./Core/Src/2op_main.o
 .debug_macro   0x0000000000018a4a      0x1bc ./Core/Src/2op_main.o
 .debug_macro   0x0000000000018c06       0x34 ./Core/Src/2op_main.o
 .debug_macro   0x0000000000018c3a       0x3c ./Core/Src/2op_main.o
 .debug_macro   0x0000000000018c76       0x57 ./Core/Src/2op_main.o
 .debug_macro   0x0000000000018ccd      0x845 ./Core/Src/2op_main.o
 .debug_macro   0x0000000000019512       0x77 ./Core/Src/2op_main.o
 .debug_macro   0x0000000000019589       0xc5 ./Core/Src/2op_main.o
 .debug_macro   0x000000000001964e      0x19f ./Core/Src/2op_main.o
 .debug_macro   0x00000000000197ed      0x22c ./Core/Src/2op_main.o
 .debug_macro   0x0000000000019a19       0x58 ./Core/Src/2op_main.o
 .debug_macro   0x0000000000019a71       0xa5 ./Core/Src/2op_main.o
 .debug_macro   0x0000000000019b16       0x81 ./Core/Src/2op_main.o
 .debug_macro   0x0000000000019b97       0xd3 ./Core/Src/2op_main.o
 .debug_macro   0x0000000000019c6a      0x2a1 ./Core/Src/2op_main.o
 .debug_macro   0x0000000000019f0b      0x244 ./Core/Src/2op_main.o
 .debug_macro   0x000000000001a14f      0x4d7 ./Core/Src/2op_main.o
 .debug_macro   0x000000000001a626       0xe8 ./Core/Src/2op_main.o
 .debug_macro   0x000000000001a70e      0x2c2 ./Core/Src/2op_main.o
 .debug_macro   0x000000000001a9d0       0xfe ./Core/Src/2op_main.o
 .debug_macro   0x000000000001aace       0x28 ./Core/Src/2op_main.o
 .debug_macro   0x000000000001aaf6       0x30 ./Core/Src/2op_main.o
 .debug_macro   0x000000000001ab26       0xa8 ./Core/Src/2op_main.o
 .debug_macro   0x000000000001abce      0x287 ./Core/Src/2op_main.o
 .debug_macro   0x000000000001ae55      0x803 ./Core/Src/2op_main.o
 .debug_macro   0x000000000001b658      0x142 ./Core/Src/2op_main.o
 .debug_macro   0x000000000001b79a       0x46 ./Core/Src/2op_main.o
 .debug_macro   0x000000000001b7e0       0x10 ./Core/Src/2op_main.o
 .debug_macro   0x000000000001b7f0       0x22 ./Core/Src/2op_main.o
 .debug_macro   0x000000000001b812       0x22 ./Core/Src/2op_main.o
 .debug_macro   0x000000000001b834      0x279 ./Core/Src/dac.o
 .debug_macro   0x000000000001baad       0x28 ./Core/Src/dac.o
 .debug_macro   0x000000000001bad5      0x275 ./Core/Src/dynamic_smooth.o
 .debug_macro   0x000000000001bd4a      0x275 ./Core/Src/loop.o
 .debug_macro   0x000000000001bfbf      0x271 ./Core/Src/main.o
 .debug_macro   0x000000000001c230      0x271 ./Core/Src/stm32f3xx_hal_msp.o
 .debug_macro   0x000000000001c4a1      0x27b ./Core/Src/stm32f3xx_it.o
 .debug_macro   0x000000000001c71c      0x1b4 ./Core/Src/system_stm32f3xx.o
 .debug_macro   0x000000000001c8d0      0x1d2 ./Drivers/STM32F3xx_HAL_Driver/Src/stm32f3xx_hal.o
 .debug_macro   0x000000000001caa2      0x1af ./Drivers/STM32F3xx_HAL_Driver/Src/stm32f3xx_hal_adc.o
 .debug_macro   0x000000000001cc51      0x1d8 ./Drivers/STM32F3xx_HAL_Driver/Src/stm32f3xx_hal_adc_ex.o
 .debug_macro   0x000000000001ce29      0x1ae ./Drivers/STM32F3xx_HAL_Driver/Src/stm32f3xx_hal_cortex.o
 .debug_macro   0x000000000001cfd7      0x1ae ./Drivers/STM32F3xx_HAL_Driver/Src/stm32f3xx_hal_dma.o
 .debug_macro   0x000000000001d185      0x1e6 ./Drivers/STM32F3xx_HAL_Driver/Src/stm32f3xx_hal_gpio.o
 .debug_macro   0x000000000001d36b      0x1ed ./Drivers/STM32F3xx_HAL_Driver/Src/stm32f3xx_ll_dac.o
 .debug_macro   0x000000000001d558      0x23e ./Drivers/STM32F3xx_HAL_Driver/Src/stm32f3xx_ll_dac.o
 .debug_macro   0x000000000001d796      0x1f0 ./Drivers/STM32F3xx_HAL_Driver/Src/stm32f3xx_ll_gpio.o
 .debug_macro   0x000000000001d986      0x13c ./Drivers/STM32F3xx_HAL_Driver/Src/stm32f3xx_ll_gpio.o
 .debug_macro   0x000000000001dac2      0x25a ./Drivers/STM32F3xx_HAL_Driver/Src/stm32f3xx_ll_tim.o
 .debug_macro   0x000000000001dd1c      0x7fd ./Drivers/STM32F3xx_HAL_Driver/Src/stm32f3xx_ll_tim.o
 .debug_macro   0x000000000001e519      0x22c ./Drivers/STM32F3xx_HAL_Driver/Src/stm32f3xx_ll_utils.o

.debug_line     0x0000000000000000     0xf814
 .debug_line    0x0000000000000000     0x1192 ./Core/Src/2op_main.o
 .debug_line    0x0000000000001192      0x876 ./Core/Src/dac.o
 .debug_line    0x0000000000001a08      0x902 ./Core/Src/dynamic_smooth.o
 .debug_line    0x000000000000230a      0x853 ./Core/Src/loop.o
 .debug_line    0x0000000000002b5d     0x14e6 ./Core/Src/main.o
 .debug_line    0x0000000000004043      0xb51 ./Core/Src/stm32f3xx_hal_msp.o
 .debug_line    0x0000000000004b94      0xa42 ./Core/Src/stm32f3xx_it.o
 .debug_line    0x00000000000055d6      0x742 ./Core/Src/system_stm32f3xx.o
 .debug_line    0x0000000000005d18       0x85 ./Core/Startup/startup_stm32f334k8tx.o
 .debug_line    0x0000000000005d9d      0x9f3 ./Drivers/STM32F3xx_HAL_Driver/Src/stm32f3xx_hal.o
 .debug_line    0x0000000000006790      0x792 ./Drivers/STM32F3xx_HAL_Driver/Src/stm32f3xx_hal_adc.o
 .debug_line    0x0000000000006f22     0x2d34 ./Drivers/STM32F3xx_HAL_Driver/Src/stm32f3xx_hal_adc_ex.o
 .debug_line    0x0000000000009c56      0xbbb ./Drivers/STM32F3xx_HAL_Driver/Src/stm32f3xx_hal_cortex.o
 .debug_line    0x000000000000a811     0x100d ./Drivers/STM32F3xx_HAL_Driver/Src/stm32f3xx_hal_dma.o
 .debug_line    0x000000000000b81e      0xbdd ./Drivers/STM32F3xx_HAL_Driver/Src/stm32f3xx_hal_gpio.o
 .debug_line    0x000000000000c3fb      0x80c ./Drivers/STM32F3xx_HAL_Driver/Src/stm32f3xx_ll_dac.o
 .debug_line    0x000000000000cc07      0xb59 ./Drivers/STM32F3xx_HAL_Driver/Src/stm32f3xx_ll_gpio.o
 .debug_line    0x000000000000d760     0x13a3 ./Drivers/STM32F3xx_HAL_Driver/Src/stm32f3xx_ll_tim.o
 .debug_line    0x000000000000eb03      0xd11 ./Drivers/STM32F3xx_HAL_Driver/Src/stm32f3xx_ll_utils.o

.debug_str      0x0000000000000000    0xadbe0
 .debug_str     0x0000000000000000    0xa7c67 ./Core/Src/2op_main.o
                                      0xa8095 (size before relaxing)
 .debug_str     0x00000000000a7c67       0xc7 ./Core/Src/dac.o
                                      0xa8026 (size before relaxing)
 .debug_str     0x00000000000a7d2e       0x5b ./Core/Src/dynamic_smooth.o
                                      0xa7fc9 (size before relaxing)
 .debug_str     0x00000000000a7d89       0x13 ./Core/Src/loop.o
                                      0xa7f67 (size before relaxing)
 .debug_str     0x00000000000a7d9c      0xe2f ./Core/Src/main.o
                                      0xa9077 (size before relaxing)
 .debug_str     0x00000000000a8bcb       0xa7 ./Core/Src/stm32f3xx_hal_msp.o
                                      0xa852d (size before relaxing)
 .debug_str     0x00000000000a8c72      0x161 ./Core/Src/stm32f3xx_it.o
                                      0xa8346 (size before relaxing)
 .debug_str     0x00000000000a8dd3       0x73 ./Core/Src/system_stm32f3xx.o
                                      0x9bb7d (size before relaxing)
 .debug_str     0x00000000000a8e46       0x36 ./Core/Startup/startup_stm32f334k8tx.o
                                         0x78 (size before relaxing)
 .debug_str     0x00000000000a8e7c      0x3c3 ./Drivers/STM32F3xx_HAL_Driver/Src/stm32f3xx_hal.o
                                      0x9c274 (size before relaxing)
 .debug_str     0x00000000000a923f      0x1fd ./Drivers/STM32F3xx_HAL_Driver/Src/stm32f3xx_hal_adc.o
                                      0x9c194 (size before relaxing)
 .debug_str     0x00000000000a943c      0x6ce ./Drivers/STM32F3xx_HAL_Driver/Src/stm32f3xx_hal_adc_ex.o
                                      0x9c893 (size before relaxing)
 .debug_str     0x00000000000a9b0a      0x1ab ./Drivers/STM32F3xx_HAL_Driver/Src/stm32f3xx_hal_cortex.o
                                      0x9c210 (size before relaxing)
 .debug_str     0x00000000000a9cb5      0x209 ./Drivers/STM32F3xx_HAL_Driver/Src/stm32f3xx_hal_dma.o
                                      0x9beef (size before relaxing)
 .debug_str     0x00000000000a9ebe      0x23d ./Drivers/STM32F3xx_HAL_Driver/Src/stm32f3xx_hal_gpio.o
                                      0x9be41 (size before relaxing)
 .debug_str     0x00000000000aa0fb      0xc2f ./Drivers/STM32F3xx_HAL_Driver/Src/stm32f3xx_ll_dac.o
                                      0x9e204 (size before relaxing)
 .debug_str     0x00000000000aad2a      0x621 ./Drivers/STM32F3xx_HAL_Driver/Src/stm32f3xx_ll_gpio.o
                                      0x9cede (size before relaxing)
 .debug_str     0x00000000000ab34b     0x1bf8 ./Drivers/STM32F3xx_HAL_Driver/Src/stm32f3xx_ll_tim.o
                                      0xa1e2e (size before relaxing)
 .debug_str     0x00000000000acf43      0xc9d ./Drivers/STM32F3xx_HAL_Driver/Src/stm32f3xx_ll_utils.o
                                      0xa0e40 (size before relaxing)

.comment        0x0000000000000000       0x53
 .comment       0x0000000000000000       0x53 ./Core/Src/2op_main.o
                                         0x54 (size before relaxing)
 .comment       0x0000000000000053       0x54 ./Core/Src/dac.o
 .comment       0x0000000000000053       0x54 ./Core/Src/dynamic_smooth.o
 .comment       0x0000000000000053       0x54 ./Core/Src/loop.o
 .comment       0x0000000000000053       0x54 ./Core/Src/main.o
 .comment       0x0000000000000053       0x54 ./Core/Src/stm32f3xx_hal_msp.o
 .comment       0x0000000000000053       0x54 ./Core/Src/stm32f3xx_it.o
 .comment       0x0000000000000053       0x54 ./Core/Src/system_stm32f3xx.o
 .comment       0x0000000000000053       0x54 ./Drivers/STM32F3xx_HAL_Driver/Src/stm32f3xx_hal.o
 .comment       0x0000000000000053       0x54 ./Drivers/STM32F3xx_HAL_Driver/Src/stm32f3xx_hal_adc.o
 .comment       0x0000000000000053       0x54 ./Drivers/STM32F3xx_HAL_Driver/Src/stm32f3xx_hal_adc_ex.o
 .comment       0x0000000000000053       0x54 ./Drivers/STM32F3xx_HAL_Driver/Src/stm32f3xx_hal_cortex.o
 .comment       0x0000000000000053       0x54 ./Drivers/STM32F3xx_HAL_Driver/Src/stm32f3xx_hal_dma.o
 .comment       0x0000000000000053       0x54 ./Drivers/STM32F3xx_HAL_Driver/Src/stm32f3xx_hal_gpio.o
 .comment       0x0000000000000053       0x54 ./Drivers/STM32F3xx_HAL_Driver/Src/stm32f3xx_ll_dac.o
 .comment       0x0000000000000053       0x54 ./Drivers/STM32F3xx_HAL_Driver/Src/stm32f3xx_ll_gpio.o
 .comment       0x0000000000000053       0x54 ./Drivers/STM32F3xx_HAL_Driver/Src/stm32f3xx_ll_tim.o
 .comment       0x0000000000000053       0x54 ./Drivers/STM32F3xx_HAL_Driver/Src/stm32f3xx_ll_utils.o

.debug_frame    0x0000000000000000     0x14a4
 .debug_frame   0x0000000000000000      0x13c ./Core/Src/2op_main.o
 .debug_frame   0x000000000000013c       0x30 ./Core/Src/dac.o
 .debug_frame   0x000000000000016c       0x50 ./Core/Src/dynamic_smooth.o
 .debug_frame   0x00000000000001bc       0x2c ./Core/Src/loop.o
 .debug_frame   0x00000000000001e8       0x54 ./Core/Src/main.o
 .debug_frame   0x000000000000023c       0x78 ./Core/Src/stm32f3xx_hal_msp.o
 .debug_frame   0x00000000000002b4      0x104 ./Core/Src/stm32f3xx_it.o
 .debug_frame   0x00000000000003b8       0x30 ./Core/Src/system_stm32f3xx.o
 .debug_frame   0x00000000000003e8      0x1d4 ./Drivers/STM32F3xx_HAL_Driver/Src/stm32f3xx_hal.o
 .debug_frame   0x00000000000005bc      0x170 ./Drivers/STM32F3xx_HAL_Driver/Src/stm32f3xx_hal_adc.o
 .debug_frame   0x000000000000072c      0x508 ./Drivers/STM32F3xx_HAL_Driver/Src/stm32f3xx_hal_adc_ex.o
 .debug_frame   0x0000000000000c34      0x144 ./Drivers/STM32F3xx_HAL_Driver/Src/stm32f3xx_hal_cortex.o
 .debug_frame   0x0000000000000d78      0x178 ./Drivers/STM32F3xx_HAL_Driver/Src/stm32f3xx_hal_dma.o
 .debug_frame   0x0000000000000ef0       0xec ./Drivers/STM32F3xx_HAL_Driver/Src/stm32f3xx_hal_gpio.o
 .debug_frame   0x0000000000000fdc       0x64 ./Drivers/STM32F3xx_HAL_Driver/Src/stm32f3xx_ll_dac.o
 .debug_frame   0x0000000000001040       0x54 ./Drivers/STM32F3xx_HAL_Driver/Src/stm32f3xx_ll_gpio.o
 .debug_frame   0x0000000000001094      0x1b0 ./Drivers/STM32F3xx_HAL_Driver/Src/stm32f3xx_ll_tim.o
 .debug_frame   0x0000000000001244       0xc4 ./Drivers/STM32F3xx_HAL_Driver/Src/stm32f3xx_ll_utils.o
 .debug_frame   0x0000000000001308       0x2c /Applications/STM32CubeIDE.app/Contents/Eclipse/plugins/com.st.stm32cube.ide.mcu.externaltools.gnu-tools-for-stm32.9-2020-q2-update.macos64_2.0.0.202105311346/tools/bin/../lib/gcc/arm-none-eabi/9.3.1/../../../../arm-none-eabi/lib/thumb/v7e-m+fp/hard/libc_nano.a(lib_a-init.o)
 .debug_frame   0x0000000000001334       0xac /Applications/STM32CubeIDE.app/Contents/Eclipse/plugins/com.st.stm32cube.ide.mcu.externaltools.gnu-tools-for-stm32.9-2020-q2-update.macos64_2.0.0.202105311346/tools/bin/../lib/gcc/arm-none-eabi/9.3.1/thumb/v7e-m+fp/hard/libgcc.a(_arm_addsubdf3.o)
 .debug_frame   0x00000000000013e0       0xc4 /Applications/STM32CubeIDE.app/Contents/Eclipse/plugins/com.st.stm32cube.ide.mcu.externaltools.gnu-tools-for-stm32.9-2020-q2-update.macos64_2.0.0.202105311346/tools/bin/../lib/gcc/arm-none-eabi/9.3.1/thumb/v7e-m+fp/hard/libgcc.a(_arm_cmpdf2.o)
