stm32f30x_i2c.c:145:6:I2C_DeInit	8	static
stm32f30x_i2c.c:174:6:I2C_Init	8	static
stm32f30x_i2c.c:253:6:I2C_StructInit	0	static
stm32f30x_i2c.c:279:6:I2C_Cmd	0	static
stm32f30x_i2c.c:302:6:I2C_SoftwareResetCmd	0	static
stm32f30x_i2c.c:334:6:I2C_ITConfig	0	static
stm32f30x_i2c.c:360:6:I2C_StretchClockCmd	0	static
stm32f30x_i2c.c:385:6:I2C_StopModeCmd	0	static
stm32f30x_i2c.c:410:6:I2C_DualAddressCmd	0	static
stm32f30x_i2c.c:444:6:I2C_OwnAddress2Config	0	static
stm32f30x_i2c.c:474:6:I2C_GeneralCallCmd	0	static
stm32f30x_i2c.c:499:6:I2C_SlaveByteControlCmd	0	static
stm32f30x_i2c.c:524:6:I2C_SlaveAddressConfig	0	static
stm32f30x_i2c.c:553:6:I2C_10BitAddressingModeCmd	0	static
stm32f30x_i2c.c:618:6:I2C_AutoEndCmd	0	static
stm32f30x_i2c.c:643:6:I2C_ReloadCmd	0	static
stm32f30x_i2c.c:667:6:I2C_NumberOfBytesConfig	0	static
stm32f30x_i2c.c:696:6:I2C_MasterRequestConfig	0	static
stm32f30x_i2c.c:722:6:I2C_GenerateSTART	0	static
stm32f30x_i2c.c:747:6:I2C_GenerateSTOP	0	static
stm32f30x_i2c.c:774:6:I2C_10BitAddressHeaderCmd	0	static
stm32f30x_i2c.c:799:6:I2C_AcknowledgeConfig	0	static
stm32f30x_i2c.c:822:9:I2C_GetAddressMatched	0	static
stm32f30x_i2c.c:836:10:I2C_GetTransferDirection	0	static
stm32f30x_i2c.c:880:6:I2C_TransferHandling	12	static
stm32f30x_i2c.c:951:6:I2C_SMBusAlertCmd	0	static
stm32f30x_i2c.c:976:6:I2C_ClockTimeoutCmd	0	static
stm32f30x_i2c.c:1001:6:I2C_ExtendedClockTimeoutCmd	0	static
stm32f30x_i2c.c:1027:6:I2C_IdleClockTimeoutCmd	0	static
stm32f30x_i2c.c:1052:6:I2C_TimeoutAConfig	0	static
stm32f30x_i2c.c:1079:6:I2C_TimeoutBConfig	0	static
stm32f30x_i2c.c:1107:6:I2C_CalculatePEC	0	static
stm32f30x_i2c.c:1132:6:I2C_PECRequestCmd	0	static
stm32f30x_i2c.c:1155:9:I2C_GetPEC	0	static
stm32f30x_i2c.c:1201:10:I2C_ReadRegister	8	static
stm32f30x_i2c.c:1244:6:I2C_SendData	0	static
stm32f30x_i2c.c:1258:9:I2C_ReceiveData	0	static
stm32f30x_i2c.c:1301:6:I2C_DMACmd	0	static
stm32f30x_i2c.c:1421:12:I2C_GetFlagStatus	0	static
stm32f30x_i2c.c:1465:6:I2C_ClearFlag	0	static
stm32f30x_i2c.c:1495:10:I2C_GetITStatus	0	static
stm32f30x_i2c.c:1559:6:I2C_ClearITPendingBit	0	static
