stm32f30x_can.c:152:6:CAN_DeInit	8	static
stm32f30x_can.c:172:9:CAN_Init	8	static
stm32f30x_can.c:309:6:CAN_FilterInit	12	static
stm32f30x_can.c:400:6:CAN_StructInit	0	static
stm32f30x_can.c:443:6:CAN_SlaveStartBank	0	static
stm32f30x_can.c:468:6:CAN_DBGFreeze	0	static
stm32f30x_can.c:497:6:CAN_TTComModeCmd	0	static
stm32f30x_can.c:551:9:CAN_Transmit	20	static
stm32f30x_can.c:623:9:CAN_TransmitStatus	0	static
stm32f30x_can.c:677:6:CAN_CancelTransmit	0	static
stm32f30x_can.c:724:6:CAN_Receive	8	static
stm32f30x_can.c:773:6:CAN_FIFORelease	0	static
stm32f30x_can.c:796:9:CAN_MessagePending	0	static
stm32f30x_can.c:846:9:CAN_OperatingModeRequest	0	static
stm32f30x_can.c:927:9:CAN_Sleep	0	static
stm32f30x_can.c:952:9:CAN_WakeUp	0	static
stm32f30x_can.c:1014:9:CAN_GetLastErrorCode	0	static
stm32f30x_can.c:1039:9:CAN_GetReceiveErrorCounter	0	static
stm32f30x_can.c:1059:9:CAN_GetLSBTransmitErrorCounter	0	static
stm32f30x_can.c:1218:6:CAN_ITConfig	0	static
stm32f30x_can.c:1258:12:CAN_GetFlagStatus	0	static
stm32f30x_can.c:1358:6:CAN_ClearFlag	0	static
stm32f30x_can.c:1418:10:CAN_GetITStatus	0	static
stm32f30x_can.c:1522:6:CAN_ClearITPendingBit	0	static
