stm32f30x_flash.c:130:6:FLASH_SetLatency	0	static
stm32f30x_flash.c:156:6:FLASH_HalfCycleAccessCmd	0	static
stm32f30x_flash.c:177:6:FLASH_PrefetchBufferCmd	0	static
stm32f30x_flash.c:227:6:FLASH_Unlock	0	static
stm32f30x_flash.c:242:6:FLASH_Lock	0	static
stm32f30x_flash.c:482:6:FLASH_OB_Unlock	0	static
stm32f30x_flash.c:497:6:FLASH_OB_Lock	0	static
stm32f30x_flash.c:508:6:FLASH_OB_Launch	0	static
stm32f30x_flash.c:979:9:FLASH_OB_GetUser	0	static
stm32f30x_flash.c:990:10:FLASH_OB_GetWRP	0	static
stm32f30x_flash.c:1001:12:FLASH_OB_GetRDP	0	static
stm32f30x_flash.c:1041:6:FLASH_ITConfig	0	static
stm32f30x_flash.c:1069:12:FLASH_GetFlagStatus	0	static
stm32f30x_flash.c:1097:6:FLASH_ClearFlag	0	static
stm32f30x_flash.c:1112:14:FLASH_GetStatus	0	static
stm32f30x_flash.c:1148:14:FLASH_WaitForLastOperation	8	static
stm32f30x_flash.c:260:14:FLASH_ErasePage	16	static
stm32f30x_flash.c:298:14:FLASH_EraseAllPages	8	static
stm32f30x_flash.c:333:14:FLASH_ProgramWord	24	static
stm32f30x_flash.c:391:14:FLASH_ProgramHalfWord	16	static
stm32f30x_flash.c:521:14:FLASH_OB_Erase	16	static
stm32f30x_flash.c:591:14:FLASH_OB_EnableWRP	8	static
stm32f30x_flash.c:665:14:FLASH_OB_RDPConfig	16	static
stm32f30x_flash.c:730:14:FLASH_OB_UserConfig	24	static
stm32f30x_flash.c:774:14:FLASH_OB_BOOTConfig	16	static
stm32f30x_flash.c:816:14:FLASH_OB_VDDAConfig	16	static
stm32f30x_flash.c:858:14:FLASH_OB_SRAMParityConfig	16	static
stm32f30x_flash.c:904:14:FLASH_OB_WriteUser	16	static
stm32f30x_flash.c:948:14:FLASH_ProgramOptionByteData	16	static
