stm32f30x_spi.c:190:6:SPI_I2S_DeInit	8	static
stm32f30x_spi.c:233:6:SPI_StructInit	0	static
stm32f30x_spi.c:264:6:SPI_Init	24	static
stm32f30x_spi.c:361:6:I2S_StructInit	0	static
stm32f30x_spi.c:398:6:I2S_Init	120	static
stm32f30x_spi.c:501:6:SPI_Cmd	0	static
stm32f30x_spi.c:531:6:SPI_TIModeCmd	0	static
stm32f30x_spi.c:557:6:I2S_Cmd	0	static
stm32f30x_spi.c:594:6:SPI_DataSizeConfig	0	static
stm32f30x_spi.c:621:6:SPI_RxFIFOThresholdConfig	0	static
stm32f30x_spi.c:643:6:SPI_BiDirectionalLineConfig	0	static
stm32f30x_spi.c:671:6:SPI_NSSInternalSoftwareConfig	0	static
stm32f30x_spi.c:708:6:I2S_FullDuplexConfig	12	static
stm32f30x_spi.c:759:6:SPI_SSOutputCmd	0	static
stm32f30x_spi.c:788:6:SPI_NSSPulseModeCmd	0	static
stm32f30x_spi.c:837:6:SPI_SendData8	0	static
stm32f30x_spi.c:857:6:SPI_I2S_SendData16	0	static
stm32f30x_spi.c:870:9:SPI_ReceiveData8	0	static
stm32f30x_spi.c:889:10:SPI_I2S_ReceiveData16	0	static
stm32f30x_spi.c:971:6:SPI_CRCLengthConfig	0	static
stm32f30x_spi.c:991:6:SPI_CalculateCRC	0	static
stm32f30x_spi.c:1014:6:SPI_TransmitCRC	0	static
stm32f30x_spi.c:1032:10:SPI_GetCRC	0	static
stm32f30x_spi.c:1058:10:SPI_GetCRCPolynomial	0	static
stm32f30x_spi.c:1095:6:SPI_I2S_DMACmd	0	static
stm32f30x_spi.c:1132:6:SPI_LastDMATransferCmd	0	static
stm32f30x_spi.c:1231:6:SPI_I2S_ITConfig	0	static
stm32f30x_spi.c:1267:10:SPI_GetTransmissionFIFOStatus	0	static
stm32f30x_spi.c:1282:10:SPI_GetReceptionFIFOStatus	0	static
stm32f30x_spi.c:1305:12:SPI_I2S_GetFlagStatus	0	static
stm32f30x_spi.c:1341:6:SPI_I2S_ClearFlag	0	static
stm32f30x_spi.c:1365:10:SPI_I2S_GetITStatus	8	static
