stm32f30x_hrtim.c:3463:6:HRTIM_TimingUnitBase_Config	0	static
stm32f30x_hrtim.c:3793:7:HRTIM_OutputConfig	16	static
stm32f30x_hrtim.c:3872:13:HRTIM_ExternalEventConfig	12	static
stm32f30x_hrtim.c:3632:7:HRTIM_CompareUnitConfig.isra.0.constprop	0	static
stm32f30x_hrtim.c:228:6:HRTIM_SimpleBase_Init	4	static
stm32f30x_hrtim.c:251:6:HRTIM_DeInit	8	static
stm32f30x_hrtim.c:268:6:HRTIM_SimpleOC_Init	0	static
stm32f30x_hrtim.c:288:6:HRTIM_SimplePWM_Init	0	static
stm32f30x_hrtim.c:306:6:HRTIM_SimpleCapture_Init	0	static
stm32f30x_hrtim.c:327:6:HRTIM_SimpleOnePulse_Init	0	static
stm32f30x_hrtim.c:347:6:HRTIM_Waveform_Init	24	static
stm32f30x_hrtim.c:417:6:HRTIM_DLLCalibrationStart	0	static
stm32f30x_hrtim.c:453:6:HRTIM_SimpleBaseStart	0	static
stm32f30x_hrtim.c:471:6:HRTIM_SimpleBaseStop	0	static
stm32f30x_hrtim.c:500:6:HRTIM_SimpleOCStart	0	static
stm32f30x_hrtim.c:535:6:HRTIM_SimpleOCStop	0	static
stm32f30x_hrtim.c:569:6:HRTIM_SimplePWMStart	0	static
stm32f30x_hrtim.c:603:6:HRTIM_SimplePWMStop	0	static
stm32f30x_hrtim.c:632:6:HRTIM_SimpleCaptureStart	0	static
stm32f30x_hrtim.c:653:6:HRTIM_SimpleCaptureStop	8	static
stm32f30x_hrtim.c:707:6:HRTIM_SimpleOnePulseStart	0	static
stm32f30x_hrtim.c:741:6:HRTIM_SimpleOnePulseStop	0	static
stm32f30x_hrtim.c:769:6:HRTIM_WaveformCounterStart	0	static
stm32f30x_hrtim.c:790:6:HRTIM_WaveformCounterStop	0	static
stm32f30x_hrtim.c:815:6:HRTIM_WaveformOutputStart	0	static
stm32f30x_hrtim.c:840:6:HRTIM_WaveformOutputStop	0	static
stm32f30x_hrtim.c:880:6:HRTIM_ITConfig	0	static
stm32f30x_hrtim.c:937:6:HRTIM_ITCommonConfig	0	static
stm32f30x_hrtim.c:980:6:HRTIM_ClearFlag	0	static
stm32f30x_hrtim.c:1021:6:HRTIM_ClearCommonFlag	0	static
stm32f30x_hrtim.c:1057:6:HRTIM_ClearITPendingBit	0	static
stm32f30x_hrtim.c:1098:6:HRTIM_ClearCommonITPendingBit	0	static
stm32f30x_hrtim.c:1135:12:HRTIM_GetFlagStatus	0	static
stm32f30x_hrtim.c:1194:12:HRTIM_GetCommonFlagStatus	0	static
stm32f30x_hrtim.c:1240:10:HRTIM_GetITStatus	0	static
stm32f30x_hrtim.c:1306:10:HRTIM_GetCommonITStatus	0	static
stm32f30x_hrtim.c:1359:6:HRTIM_DMACmd	0	static
stm32f30x_hrtim.c:1446:6:HRTIM_SimpleOCChannelConfig	80	static
stm32f30x_hrtim.c:1578:6:HRTIM_SimplePWMChannelConfig	80	static
stm32f30x_hrtim.c:1664:6:HRTIM_SimpleCaptureChannelConfig	48	static
stm32f30x_hrtim.c:1728:6:HRTIM_SimpleOnePulseChannelConfig	96	static
stm32f30x_hrtim.c:1832:6:HRTIM_WaveformTimerConfig	16	static
stm32f30x_hrtim.c:1918:7:HRTIM_WaveformCompareConfig	0	static
stm32f30x_hrtim.c:2011:6:HRTIM_MasterSetCompare	0	static
stm32f30x_hrtim.c:2062:6:HRTIM_SlaveSetCompare	0	static
stm32f30x_hrtim.c:2114:6:HRTIM_WaveformCaptureConfig	0	static
stm32f30x_hrtim.c:2158:6:HRTIM_WaveformOutputConfig	0	static
stm32f30x_hrtim.c:2197:6:HRTIM_TimerEventFilteringConfig	0	static
stm32f30x_hrtim.c:2313:6:HRTIM_DeadTimeConfig	8	static
stm32f30x_hrtim.c:2359:6:HRTIM_ChopperModeConfig	8	static
stm32f30x_hrtim.c:2414:6:HRTIM_BurstDMAConfig	0	static
stm32f30x_hrtim.c:2465:6:HRTIM_SynchronizationConfig	0	static
stm32f30x_hrtim.c:2498:6:HRTIM_BurstModeConfig	0	static
stm32f30x_hrtim.c:2558:6:HRTIM_EventConfig	0	static
stm32f30x_hrtim.c:2585:6:HRTIM_EventPrescalerConfig	0	static
stm32f30x_hrtim.c:2615:6:HRTIM_FaultConfig	12	static
stm32f30x_hrtim.c:2700:6:HRTIM_FaultPrescalerConfig	0	static
stm32f30x_hrtim.c:2733:6:HRTIM_FaultModeCtl	8	static
stm32f30x_hrtim.c:2800:6:HRTIM_ADCTriggerConfig	0	static
stm32f30x_hrtim.c:2868:6:HRTIM_BurstModeCtl	0	static
stm32f30x_hrtim.c:2898:6:HRTIM_SoftwareCapture	0	static
stm32f30x_hrtim.c:2939:6:HRTIM_SoftwareUpdate	0	static
stm32f30x_hrtim.c:2965:6:HRTIM_SoftwareReset	0	static
stm32f30x_hrtim.c:3002:6:HRTIM_WaveformSetOutputLevel	0	static
stm32f30x_hrtim.c:3087:10:HRTIM_GetCapturedValue	0	static
stm32f30x_hrtim.c:3139:10:HRTIM_WaveformGetOutputLevel	0	static
stm32f30x_hrtim.c:3210:10:HRTIM_WaveformGetOutputState	0	static
stm32f30x_hrtim.c:3320:10:HRTIM_GetDelayedProtectionStatus	0	static
stm32f30x_hrtim.c:3380:10:HRTIM_GetBurstStatus	0	static
stm32f30x_hrtim.c:3399:10:HRTIM_GetCurrentPushPullStatus	0	static
stm32f30x_hrtim.c:3423:10:HRTIM_GetIdlePushPullStatus	0	static
