../Drivers/STM32G4xx_HAL_Driver/Src/stm32g4xx_hal_dac.c:511:13:HAL_DAC_MspInit	0	static
../Drivers/STM32G4xx_HAL_Driver/Src/stm32g4xx_hal_dac.c:405:19:HAL_DAC_Init	8	static
../Drivers/STM32G4xx_HAL_Driver/Src/stm32g4xx_hal_dac.c:527:13:HAL_DAC_MspDeInit	0	static
../Drivers/STM32G4xx_HAL_Driver/Src/stm32g4xx_hal_dac.c:466:19:HAL_DAC_DeInit	8	static
../Drivers/STM32G4xx_HAL_Driver/Src/stm32g4xx_hal_dac.c:572:19:HAL_DAC_Start	24	static
../Drivers/STM32G4xx_HAL_Driver/Src/stm32g4xx_hal_dac.c:632:19:HAL_DAC_Stop	16	static
../Drivers/STM32G4xx_HAL_Driver/Src/stm32g4xx_hal_dac.c:669:19:HAL_DAC_Start_DMA	24	static
../Drivers/STM32G4xx_HAL_Driver/Src/stm32g4xx_hal_dac.c:806:19:HAL_DAC_Stop_DMA	16	static
../Drivers/STM32G4xx_HAL_Driver/Src/stm32g4xx_hal_dac.c:932:19:HAL_DAC_SetValue	16	static
../Drivers/STM32G4xx_HAL_Driver/Src/stm32g4xx_hal_dac.c:970:13:HAL_DAC_ConvCpltCallbackCh1	0	static
../Drivers/STM32G4xx_HAL_Driver/Src/stm32g4xx_hal_dac.c:1608:6:DAC_DMAConvCpltCh1	8	static
../Drivers/STM32G4xx_HAL_Driver/Src/stm32g4xx_hal_dac.c:986:13:HAL_DAC_ConvHalfCpltCallbackCh1	0	static
../Drivers/STM32G4xx_HAL_Driver/Src/stm32g4xx_hal_dac.c:1627:6:DAC_DMAHalfConvCpltCh1	8	static
../Drivers/STM32G4xx_HAL_Driver/Src/stm32g4xx_hal_dac.c:1002:13:HAL_DAC_ErrorCallbackCh1	0	static
../Drivers/STM32G4xx_HAL_Driver/Src/stm32g4xx_hal_dac.c:1644:6:DAC_DMAErrorCh1	8	static
../Drivers/STM32G4xx_HAL_Driver/Src/stm32g4xx_hal_dac.c:1018:13:HAL_DAC_DMAUnderrunCallbackCh1	0	static
../Drivers/STM32G4xx_HAL_Driver/Src/stm32g4xx_hal_dac.c:856:6:HAL_DAC_IRQHandler	8	static
../Drivers/STM32G4xx_HAL_Driver/Src/stm32g4xx_hal_dac.c:1060:10:HAL_DAC_GetValue	0	static
../Drivers/STM32G4xx_HAL_Driver/Src/stm32g4xx_hal_dac.c:1100:19:HAL_DAC_ConfigChannel	24	static
../Drivers/STM32G4xx_HAL_Driver/Src/stm32g4xx_hal_dac.c:1329:22:HAL_DAC_GetState	0	static
../Drivers/STM32G4xx_HAL_Driver/Src/stm32g4xx_hal_dac.c:1342:10:HAL_DAC_GetError	0	static
