../Drivers/STM32G4xx_HAL_Driver/Src/stm32g4xx_hal_tim_ex.c:3632:13:TIM_DMAErrorCCxN	8	static
../Drivers/STM32G4xx_HAL_Driver/Src/stm32g4xx_hal_tim_ex.c:3573:13:TIM_DMADelayPulseNCplt	8	static
../Drivers/STM32G4xx_HAL_Driver/Src/stm32g4xx_hal_tim_ex.c:303:13:HAL_TIMEx_HallSensor_MspInit	0	static
../Drivers/STM32G4xx_HAL_Driver/Src/stm32g4xx_hal_tim_ex.c:157:19:HAL_TIMEx_HallSensor_Init	48	static
../Drivers/STM32G4xx_HAL_Driver/Src/stm32g4xx_hal_tim_ex.c:318:13:HAL_TIMEx_HallSensor_MspDeInit	0	static
../Drivers/STM32G4xx_HAL_Driver/Src/stm32g4xx_hal_tim_ex.c:258:19:HAL_TIMEx_HallSensor_DeInit	8	static
../Drivers/STM32G4xx_HAL_Driver/Src/stm32g4xx_hal_tim_ex.c:333:19:HAL_TIMEx_HallSensor_Start	8	static
../Drivers/STM32G4xx_HAL_Driver/Src/stm32g4xx_hal_tim_ex.c:387:19:HAL_TIMEx_HallSensor_Stop	8	static
../Drivers/STM32G4xx_HAL_Driver/Src/stm32g4xx_hal_tim_ex.c:415:19:HAL_TIMEx_HallSensor_Start_IT	8	static
../Drivers/STM32G4xx_HAL_Driver/Src/stm32g4xx_hal_tim_ex.c:472:19:HAL_TIMEx_HallSensor_Stop_IT	8	static
../Drivers/STM32G4xx_HAL_Driver/Src/stm32g4xx_hal_tim_ex.c:505:19:HAL_TIMEx_HallSensor_Start_DMA	16	static
../Drivers/STM32G4xx_HAL_Driver/Src/stm32g4xx_hal_tim_ex.c:581:19:HAL_TIMEx_HallSensor_Stop_DMA	8	static
../Drivers/STM32G4xx_HAL_Driver/Src/stm32g4xx_hal_tim_ex.c:644:19:HAL_TIMEx_OCN_Start	0	static
../Drivers/STM32G4xx_HAL_Driver/Src/stm32g4xx_hal_tim_ex.c:696:19:HAL_TIMEx_OCN_Stop	4	static
../Drivers/STM32G4xx_HAL_Driver/Src/stm32g4xx_hal_tim_ex.c:729:19:HAL_TIMEx_OCN_Start_IT	0	static
../Drivers/STM32G4xx_HAL_Driver/Src/stm32g4xx_hal_tim_ex.c:824:19:HAL_TIMEx_OCN_Stop_IT	4	static
../Drivers/STM32G4xx_HAL_Driver/Src/stm32g4xx_hal_tim_ex.c:907:19:HAL_TIMEx_OCN_Start_DMA	16	static
../Drivers/STM32G4xx_HAL_Driver/Src/stm32g4xx_hal_tim_ex.c:1066:19:HAL_TIMEx_OCN_Stop_DMA	16	static
../Drivers/STM32G4xx_HAL_Driver/Src/stm32g4xx_hal_tim_ex.c:1176:19:HAL_TIMEx_PWMN_Start	0	static
../Drivers/STM32G4xx_HAL_Driver/Src/stm32g4xx_hal_tim_ex.c:1227:19:HAL_TIMEx_PWMN_Stop	4	static
../Drivers/STM32G4xx_HAL_Driver/Src/stm32g4xx_hal_tim_ex.c:1260:19:HAL_TIMEx_PWMN_Start_IT	0	static
../Drivers/STM32G4xx_HAL_Driver/Src/stm32g4xx_hal_tim_ex.c:1354:19:HAL_TIMEx_PWMN_Stop_IT	4	static
../Drivers/STM32G4xx_HAL_Driver/Src/stm32g4xx_hal_tim_ex.c:1437:19:HAL_TIMEx_PWMN_Start_DMA	16	static
../Drivers/STM32G4xx_HAL_Driver/Src/stm32g4xx_hal_tim_ex.c:1596:19:HAL_TIMEx_PWMN_Stop_DMA	16	static
../Drivers/STM32G4xx_HAL_Driver/Src/stm32g4xx_hal_tim_ex.c:1695:19:HAL_TIMEx_OnePulseN_Start	16	static
../Drivers/STM32G4xx_HAL_Driver/Src/stm32g4xx_hal_tim_ex.c:1744:19:HAL_TIMEx_OnePulseN_Stop	8	static
../Drivers/STM32G4xx_HAL_Driver/Src/stm32g4xx_hal_tim_ex.c:1783:19:HAL_TIMEx_OnePulseN_Start_IT	16	static
../Drivers/STM32G4xx_HAL_Driver/Src/stm32g4xx_hal_tim_ex.c:1838:19:HAL_TIMEx_OnePulseN_Stop_IT	8	static
../Drivers/STM32G4xx_HAL_Driver/Src/stm32g4xx_hal_tim_ex.c:1932:19:HAL_TIMEx_ConfigCommutEvent	4	static
../Drivers/STM32G4xx_HAL_Driver/Src/stm32g4xx_hal_tim_ex.c:2023:19:HAL_TIMEx_ConfigCommutEvent_IT	4	static
../Drivers/STM32G4xx_HAL_Driver/Src/stm32g4xx_hal_tim_ex.c:2115:19:HAL_TIMEx_ConfigCommutEvent_DMA	0	static
../Drivers/STM32G4xx_HAL_Driver/Src/stm32g4xx_hal_tim_ex.c:2188:19:HAL_TIMEx_MasterConfigSynchronization	12	static
../Drivers/STM32G4xx_HAL_Driver/Src/stm32g4xx_hal_tim_ex.c:2261:19:HAL_TIMEx_ConfigBreakDeadTime	4	static
../Drivers/STM32G4xx_HAL_Driver/Src/stm32g4xx_hal_tim_ex.c:2343:19:HAL_TIMEx_ConfigBreakInput	16	static
../Drivers/STM32G4xx_HAL_Driver/Src/stm32g4xx_hal_tim_ex.c:2607:19:HAL_TIMEx_RemapConfig	0	static
../Drivers/STM32G4xx_HAL_Driver/Src/stm32g4xx_hal_tim_ex.c:2781:20:HAL_TIMEx_TISelection	4	static
../Drivers/STM32G4xx_HAL_Driver/Src/stm32g4xx_hal_tim_ex.c:2836:19:HAL_TIMEx_GroupChannel5	4	static
../Drivers/STM32G4xx_HAL_Driver/Src/stm32g4xx_hal_tim_ex.c:2874:19:HAL_TIMEx_DisarmBreakInput	0	static
../Drivers/STM32G4xx_HAL_Driver/Src/stm32g4xx_hal_tim_ex.c:2929:19:HAL_TIMEx_ReArmBreakInput	16	static
../Drivers/STM32G4xx_HAL_Driver/Src/stm32g4xx_hal_tim_ex.c:3012:19:HAL_TIMEx_DitheringEnable	0	static
../Drivers/STM32G4xx_HAL_Driver/Src/stm32g4xx_hal_tim_ex.c:3036:19:HAL_TIMEx_DitheringDisable	0	static
../Drivers/STM32G4xx_HAL_Driver/Src/stm32g4xx_hal_tim_ex.c:3054:19:HAL_TIMEx_OC_ConfigPulseOnCompare	4	static
../Drivers/STM32G4xx_HAL_Driver/Src/stm32g4xx_hal_tim_ex.c:3099:19:HAL_TIMEx_ConfigSlaveModePreload	0	static
../Drivers/STM32G4xx_HAL_Driver/Src/stm32g4xx_hal_tim_ex.c:3114:19:HAL_TIMEx_EnableSlaveModePreload	0	static
../Drivers/STM32G4xx_HAL_Driver/Src/stm32g4xx_hal_tim_ex.c:3128:19:HAL_TIMEx_DisableSlaveModePreload	0	static
../Drivers/STM32G4xx_HAL_Driver/Src/stm32g4xx_hal_tim_ex.c:3142:19:HAL_TIMEx_EnableDeadTimePreload	0	static
../Drivers/STM32G4xx_HAL_Driver/Src/stm32g4xx_hal_tim_ex.c:3156:19:HAL_TIMEx_DisableDeadTimePreload	0	static
../Drivers/STM32G4xx_HAL_Driver/Src/stm32g4xx_hal_tim_ex.c:3172:19:HAL_TIMEx_ConfigDeadTime	0	static
../Drivers/STM32G4xx_HAL_Driver/Src/stm32g4xx_hal_tim_ex.c:3189:19:HAL_TIMEx_ConfigAsymmetricalDeadTime	0	static
../Drivers/STM32G4xx_HAL_Driver/Src/stm32g4xx_hal_tim_ex.c:3204:19:HAL_TIMEx_EnableAsymmetricalDeadTime	0	static
../Drivers/STM32G4xx_HAL_Driver/Src/stm32g4xx_hal_tim_ex.c:3218:19:HAL_TIMEx_DisableAsymmetricalDeadTime	0	static
../Drivers/STM32G4xx_HAL_Driver/Src/stm32g4xx_hal_tim_ex.c:3236:19:HAL_TIMEx_ConfigEncoderIndex	16	static
../Drivers/STM32G4xx_HAL_Driver/Src/stm32g4xx_hal_tim_ex.c:3275:19:HAL_TIMEx_EnableEncoderIndex	0	static
../Drivers/STM32G4xx_HAL_Driver/Src/stm32g4xx_hal_tim_ex.c:3289:19:HAL_TIMEx_DisableEncoderIndex	0	static
../Drivers/STM32G4xx_HAL_Driver/Src/stm32g4xx_hal_tim_ex.c:3303:19:HAL_TIMEx_EnableEncoderFirstIndex	0	static
../Drivers/STM32G4xx_HAL_Driver/Src/stm32g4xx_hal_tim_ex.c:3317:19:HAL_TIMEx_DisableEncoderFirstIndex	0	static
../Drivers/STM32G4xx_HAL_Driver/Src/stm32g4xx_hal_tim_ex.c:3351:13:HAL_TIMEx_CommutCallback	0	static
../Drivers/STM32G4xx_HAL_Driver/Src/stm32g4xx_hal_tim_ex.c:3534:6:TIMEx_DMACommutationCplt	8	static
../Drivers/STM32G4xx_HAL_Driver/Src/stm32g4xx_hal_tim_ex.c:3365:13:HAL_TIMEx_CommutHalfCpltCallback	0	static
../Drivers/STM32G4xx_HAL_Driver/Src/stm32g4xx_hal_tim_ex.c:3553:6:TIMEx_DMACommutationHalfCplt	8	static
../Drivers/STM32G4xx_HAL_Driver/Src/stm32g4xx_hal_tim_ex.c:3380:13:HAL_TIMEx_BreakCallback	0	static
../Drivers/STM32G4xx_HAL_Driver/Src/stm32g4xx_hal_tim_ex.c:3395:13:HAL_TIMEx_Break2Callback	0	static
../Drivers/STM32G4xx_HAL_Driver/Src/stm32g4xx_hal_tim_ex.c:3410:13:HAL_TIMEx_EncoderIndexCallback	0	static
../Drivers/STM32G4xx_HAL_Driver/Src/stm32g4xx_hal_tim_ex.c:3425:13:HAL_TIMEx_DirectionChangeCallback	0	static
../Drivers/STM32G4xx_HAL_Driver/Src/stm32g4xx_hal_tim_ex.c:3440:13:HAL_TIMEx_IndexErrorCallback	0	static
../Drivers/STM32G4xx_HAL_Driver/Src/stm32g4xx_hal_tim_ex.c:3455:13:HAL_TIMEx_TransitionErrorCallback	0	static
../Drivers/STM32G4xx_HAL_Driver/Src/stm32g4xx_hal_tim_ex.c:3489:22:HAL_TIMEx_HallSensor_GetState	0	static
../Drivers/STM32G4xx_HAL_Driver/Src/stm32g4xx_hal_tim_ex.c:3505:29:HAL_TIMEx_GetChannelNState	0	static
