../Drivers/STM32G4xx_HAL_Driver/Src/stm32g4xx_hal_adc.c:913:13:HAL_ADC_MspInit	0	static
../Drivers/STM32G4xx_HAL_Driver/Src/stm32g4xx_hal_adc.c:395:19:HAL_ADC_Init	24	static
../Drivers/STM32G4xx_HAL_Driver/Src/stm32g4xx_hal_adc.c:930:13:HAL_ADC_MspDeInit	0	static
../Drivers/STM32G4xx_HAL_Driver/Src/stm32g4xx_hal_adc.c:1409:19:HAL_ADC_PollForConversion	24	static
../Drivers/STM32G4xx_HAL_Driver/Src/stm32g4xx_hal_adc.c:1592:19:HAL_ADC_PollForEvent	24	static
../Drivers/STM32G4xx_HAL_Driver/Src/stm32g4xx_hal_adc.c:2228:10:HAL_ADC_GetValue	0	static
../Drivers/STM32G4xx_HAL_Driver/Src/stm32g4xx_hal_adc.c:2249:19:HAL_ADC_StartSampling	0	static
../Drivers/STM32G4xx_HAL_Driver/Src/stm32g4xx_hal_adc.c:2271:19:HAL_ADC_StopSampling	0	static
../Drivers/STM32G4xx_HAL_Driver/Src/stm32g4xx_hal_adc.c:2660:13:HAL_ADC_ConvCpltCallback	0	static
../Drivers/STM32G4xx_HAL_Driver/Src/stm32g4xx_hal_adc.c:2675:13:HAL_ADC_ConvHalfCpltCallback	0	static
../Drivers/STM32G4xx_HAL_Driver/Src/stm32g4xx_hal_adc.c:3634:6:ADC_DMAHalfConvCplt	8	static
../Drivers/STM32G4xx_HAL_Driver/Src/stm32g4xx_hal_adc.c:2690:13:HAL_ADC_LevelOutOfWindowCallback	0	static
../Drivers/STM32G4xx_HAL_Driver/Src/stm32g4xx_hal_adc.c:2712:13:HAL_ADC_ErrorCallback	0	static
../Drivers/STM32G4xx_HAL_Driver/Src/stm32g4xx_hal_adc.c:2288:6:HAL_ADC_IRQHandler	24	static
../Drivers/STM32G4xx_HAL_Driver/Src/stm32g4xx_hal_adc.c:3556:6:ADC_DMAConvCplt	8	static
../Drivers/STM32G4xx_HAL_Driver/Src/stm32g4xx_hal_adc.c:3652:6:ADC_DMAError	8	static
../Drivers/STM32G4xx_HAL_Driver/Src/stm32g4xx_hal_adc.c:2758:19:HAL_ADC_ConfigChannel	32	static,ignoring_inline_asm
../Drivers/STM32G4xx_HAL_Driver/Src/stm32g4xx_hal_adc.c:2991:19:HAL_ADC_AnalogWDGConfig	12	static,ignoring_inline_asm
../Drivers/STM32G4xx_HAL_Driver/Src/stm32g4xx_hal_adc.c:3246:10:HAL_ADC_GetState	0	static
../Drivers/STM32G4xx_HAL_Driver/Src/stm32g4xx_hal_adc.c:3260:10:HAL_ADC_GetError	0	static
../Drivers/STM32G4xx_HAL_Driver/Src/stm32g4xx_hal_adc.c:3290:19:ADC_ConversionStop	16	static
../Drivers/STM32G4xx_HAL_Driver/Src/stm32g4xx_hal_adc.c:3422:19:ADC_Enable	16	static
../Drivers/STM32G4xx_HAL_Driver/Src/stm32g4xx_hal_adc.c:1220:19:HAL_ADC_Start	16	static
../Drivers/STM32G4xx_HAL_Driver/Src/stm32g4xx_hal_adc.c:1741:19:HAL_ADC_Start_IT	16	static
../Drivers/STM32G4xx_HAL_Driver/Src/stm32g4xx_hal_adc.c:2001:19:HAL_ADC_Start_DMA	24	static
../Drivers/STM32G4xx_HAL_Driver/Src/stm32g4xx_hal_adc.c:3494:19:ADC_Disable	16	static
../Drivers/STM32G4xx_HAL_Driver/Src/stm32g4xx_hal_adc.c:714:19:HAL_ADC_DeInit	16	static
../Drivers/STM32G4xx_HAL_Driver/Src/stm32g4xx_hal_adc.c:1355:19:HAL_ADC_Stop	8	static
../Drivers/STM32G4xx_HAL_Driver/Src/stm32g4xx_hal_adc.c:1948:19:HAL_ADC_Stop_IT	8	static
../Drivers/STM32G4xx_HAL_Driver/Src/stm32g4xx_hal_adc.c:2143:19:HAL_ADC_Stop_DMA	16	static
