../Drivers/STM32G4xx_HAL_Driver/Src/stm32g4xx_hal_adc_ex.c:125:19:HAL_ADCEx_Calibration_Start	24	static
../Drivers/STM32G4xx_HAL_Driver/Src/stm32g4xx_hal_adc_ex.c:199:10:HAL_ADCEx_Calibration_GetValue	0	static
../Drivers/STM32G4xx_HAL_Driver/Src/stm32g4xx_hal_adc_ex.c:219:19:HAL_ADCEx_Calibration_SetValue	8	static
../Drivers/STM32G4xx_HAL_Driver/Src/stm32g4xx_hal_adc_ex.c:276:19:HAL_ADCEx_InjectedStart	16	static
../Drivers/STM32G4xx_HAL_Driver/Src/stm32g4xx_hal_adc_ex.c:425:19:HAL_ADCEx_InjectedStop	8	static
../Drivers/STM32G4xx_HAL_Driver/Src/stm32g4xx_hal_adc_ex.c:480:19:HAL_ADCEx_InjectedPollForConversion	24	static
../Drivers/STM32G4xx_HAL_Driver/Src/stm32g4xx_hal_adc_ex.c:621:19:HAL_ADCEx_InjectedStart_IT	16	static
../Drivers/STM32G4xx_HAL_Driver/Src/stm32g4xx_hal_adc_ex.c:794:19:HAL_ADCEx_InjectedStop_IT	8	static
../Drivers/STM32G4xx_HAL_Driver/Src/stm32g4xx_hal_adc_ex.c:861:19:HAL_ADCEx_MultiModeStart_DMA	136	static
../Drivers/STM32G4xx_HAL_Driver/Src/stm32g4xx_hal_adc_ex.c:980:19:HAL_ADCEx_MultiModeStop_DMA	128	static
../Drivers/STM32G4xx_HAL_Driver/Src/stm32g4xx_hal_adc_ex.c:1104:10:HAL_ADCEx_MultiModeGetValue	0	static
../Drivers/STM32G4xx_HAL_Driver/Src/stm32g4xx_hal_adc_ex.c:1151:10:HAL_ADCEx_InjectedGetValue	0	static
../Drivers/STM32G4xx_HAL_Driver/Src/stm32g4xx_hal_adc_ex.c:1186:13:HAL_ADCEx_InjectedConvCpltCallback	0	static
../Drivers/STM32G4xx_HAL_Driver/Src/stm32g4xx_hal_adc_ex.c:1205:13:HAL_ADCEx_InjectedQueueOverflowCallback	0	static
../Drivers/STM32G4xx_HAL_Driver/Src/stm32g4xx_hal_adc_ex.c:1220:13:HAL_ADCEx_LevelOutOfWindow2Callback	0	static
../Drivers/STM32G4xx_HAL_Driver/Src/stm32g4xx_hal_adc_ex.c:1235:13:HAL_ADCEx_LevelOutOfWindow3Callback	0	static
../Drivers/STM32G4xx_HAL_Driver/Src/stm32g4xx_hal_adc_ex.c:1251:13:HAL_ADCEx_EndOfSamplingCallback	0	static
../Drivers/STM32G4xx_HAL_Driver/Src/stm32g4xx_hal_adc_ex.c:1268:19:HAL_ADCEx_RegularStop	8	static
../Drivers/STM32G4xx_HAL_Driver/Src/stm32g4xx_hal_adc_ex.c:1326:19:HAL_ADCEx_RegularStop_IT	8	static
../Drivers/STM32G4xx_HAL_Driver/Src/stm32g4xx_hal_adc_ex.c:1386:19:HAL_ADCEx_RegularStop_DMA	16	static
../Drivers/STM32G4xx_HAL_Driver/Src/stm32g4xx_hal_adc_ex.c:1473:19:HAL_ADCEx_RegularMultiModeStop_DMA	128	static
../Drivers/STM32G4xx_HAL_Driver/Src/stm32g4xx_hal_adc_ex.c:1658:19:HAL_ADCEx_InjectedConfigChannel	32	static,ignoring_inline_asm
../Drivers/STM32G4xx_HAL_Driver/Src/stm32g4xx_hal_adc_ex.c:2105:19:HAL_ADCEx_MultiModeConfigChannel	136	static
../Drivers/STM32G4xx_HAL_Driver/Src/stm32g4xx_hal_adc_ex.c:2222:19:HAL_ADCEx_EnableInjectedQueue	0	static
../Drivers/STM32G4xx_HAL_Driver/Src/stm32g4xx_hal_adc_ex.c:2263:19:HAL_ADCEx_DisableInjectedQueue	0	static
../Drivers/STM32G4xx_HAL_Driver/Src/stm32g4xx_hal_adc_ex.c:2300:19:HAL_ADCEx_DisableVoltageRegulator	0	static
../Drivers/STM32G4xx_HAL_Driver/Src/stm32g4xx_hal_adc_ex.c:2337:19:HAL_ADCEx_EnterADCDeepPowerDownMode	0	static
