stm32f3xx_hal_cortex.c:169:6:HAL_NVIC_SetPriorityGrouping	4	static
stm32f3xx_hal_cortex.c:191:6:HAL_NVIC_SetPriority	8	static
stm32f3xx_hal_cortex.c:213:6:HAL_NVIC_EnableIRQ	0	static
stm32f3xx_hal_cortex.c:229:6:HAL_NVIC_DisableIRQ	0	static,ignoring_inline_asm
stm32f3xx_hal_cortex.c:242:6:HAL_NVIC_SystemReset	0	static,ignoring_inline_asm
stm32f3xx_hal_cortex.c:255:10:HAL_SYSTICK_Config	4	static
stm32f3xx_hal_cortex.c:364:10:HAL_NVIC_GetPriorityGrouping	0	static
stm32f3xx_hal_cortex.c:391:6:HAL_NVIC_GetPriority	8	static
stm32f3xx_hal_cortex.c:406:6:HAL_NVIC_SetPendingIRQ	0	static
stm32f3xx_hal_cortex.c:421:10:HAL_NVIC_GetPendingIRQ	0	static
stm32f3xx_hal_cortex.c:434:6:HAL_NVIC_ClearPendingIRQ	0	static
stm32f3xx_hal_cortex.c:448:10:HAL_NVIC_GetActive	0	static
stm32f3xx_hal_cortex.c:462:6:HAL_SYSTICK_CLKSourceConfig	0	static
stm32f3xx_hal_cortex.c:489:13:HAL_SYSTICK_Callback	0	static
stm32f3xx_hal_cortex.c:480:6:HAL_SYSTICK_IRQHandler	8	static
