stm32g4xx_hal_tim_ex.c:3608:13:TIM_DMAErrorCCxN	8	static
stm32g4xx_hal_tim_ex.c:3549:13:TIM_DMADelayPulseNCplt	8	static
stm32g4xx_hal_tim_ex.c:304:13:HAL_TIMEx_HallSensor_MspInit	0	static
stm32g4xx_hal_tim_ex.c:157:19:HAL_TIMEx_HallSensor_Init	48	static
stm32g4xx_hal_tim_ex.c:319:13:HAL_TIMEx_HallSensor_MspDeInit	0	static
stm32g4xx_hal_tim_ex.c:259:19:HAL_TIMEx_HallSensor_DeInit	8	static
stm32g4xx_hal_tim_ex.c:334:19:HAL_TIMEx_HallSensor_Start	16	static
stm32g4xx_hal_tim_ex.c:388:19:HAL_TIMEx_HallSensor_Stop	8	static
stm32g4xx_hal_tim_ex.c:416:19:HAL_TIMEx_HallSensor_Start_IT	16	static
stm32g4xx_hal_tim_ex.c:473:19:HAL_TIMEx_HallSensor_Stop_IT	8	static
stm32g4xx_hal_tim_ex.c:506:19:HAL_TIMEx_HallSensor_Start_DMA	24	static
stm32g4xx_hal_tim_ex.c:582:19:HAL_TIMEx_HallSensor_Stop_DMA	8	static
stm32g4xx_hal_tim_ex.c:645:19:HAL_TIMEx_OCN_Start	4	static
stm32g4xx_hal_tim_ex.c:697:19:HAL_TIMEx_OCN_Stop	8	static
stm32g4xx_hal_tim_ex.c:730:19:HAL_TIMEx_OCN_Start_IT	4	static
stm32g4xx_hal_tim_ex.c:825:19:HAL_TIMEx_OCN_Stop_IT	8	static
stm32g4xx_hal_tim_ex.c:908:19:HAL_TIMEx_OCN_Start_DMA	24	static
stm32g4xx_hal_tim_ex.c:1068:19:HAL_TIMEx_OCN_Stop_DMA	16	static
stm32g4xx_hal_tim_ex.c:1167:19:HAL_TIMEx_PWMN_Start	4	static
stm32g4xx_hal_tim_ex.c:1218:19:HAL_TIMEx_PWMN_Stop	8	static
stm32g4xx_hal_tim_ex.c:1251:19:HAL_TIMEx_PWMN_Start_IT	4	static
stm32g4xx_hal_tim_ex.c:1345:19:HAL_TIMEx_PWMN_Stop_IT	8	static
stm32g4xx_hal_tim_ex.c:1428:19:HAL_TIMEx_PWMN_Start_DMA	24	static
stm32g4xx_hal_tim_ex.c:1588:19:HAL_TIMEx_PWMN_Stop_DMA	16	static
stm32g4xx_hal_tim_ex.c:1687:19:HAL_TIMEx_OnePulseN_Start	24	static
stm32g4xx_hal_tim_ex.c:1736:19:HAL_TIMEx_OnePulseN_Stop	8	static
stm32g4xx_hal_tim_ex.c:1775:19:HAL_TIMEx_OnePulseN_Start_IT	24	static
stm32g4xx_hal_tim_ex.c:1830:19:HAL_TIMEx_OnePulseN_Stop_IT	8	static
stm32g4xx_hal_tim_ex.c:1924:19:HAL_TIMEx_ConfigCommutEvent	4	static
stm32g4xx_hal_tim_ex.c:2015:19:HAL_TIMEx_ConfigCommutEvent_IT	4	static
stm32g4xx_hal_tim_ex.c:2107:19:HAL_TIMEx_ConfigCommutEvent_DMA	12	static
stm32g4xx_hal_tim_ex.c:2180:19:HAL_TIMEx_MasterConfigSynchronization	12	static
stm32g4xx_hal_tim_ex.c:2253:19:HAL_TIMEx_ConfigBreakDeadTime	8	static
stm32g4xx_hal_tim_ex.c:2321:19:HAL_TIMEx_ConfigBreakInput	16	static
stm32g4xx_hal_tim_ex.c:2584:19:HAL_TIMEx_RemapConfig	0	static
stm32g4xx_hal_tim_ex.c:2758:20:HAL_TIMEx_TISelection	4	static
stm32g4xx_hal_tim_ex.c:2813:19:HAL_TIMEx_GroupChannel5	8	static
stm32g4xx_hal_tim_ex.c:2851:19:HAL_TIMEx_DisarmBreakInput	0	static
stm32g4xx_hal_tim_ex.c:2905:19:HAL_TIMEx_ReArmBreakInput	16	static
stm32g4xx_hal_tim_ex.c:2988:19:HAL_TIMEx_DitheringEnable	0	static
stm32g4xx_hal_tim_ex.c:3012:19:HAL_TIMEx_DitheringDisable	0	static
stm32g4xx_hal_tim_ex.c:3030:19:HAL_TIMEx_OC_ConfigPulseOnCompare	8	static
stm32g4xx_hal_tim_ex.c:3075:19:HAL_TIMEx_ConfigSlaveModePreload	0	static
stm32g4xx_hal_tim_ex.c:3090:19:HAL_TIMEx_EnableSlaveModePreload	0	static
stm32g4xx_hal_tim_ex.c:3104:19:HAL_TIMEx_DisableSlaveModePreload	0	static
stm32g4xx_hal_tim_ex.c:3118:19:HAL_TIMEx_EnableDeadTimePreload	0	static
stm32g4xx_hal_tim_ex.c:3132:19:HAL_TIMEx_DisableDeadTimePreload	0	static
stm32g4xx_hal_tim_ex.c:3148:19:HAL_TIMEx_ConfigDeadTime	0	static
stm32g4xx_hal_tim_ex.c:3165:19:HAL_TIMEx_ConfigAsymmetricalDeadTime	0	static
stm32g4xx_hal_tim_ex.c:3180:19:HAL_TIMEx_EnableAsymmetricalDeadTime	0	static
stm32g4xx_hal_tim_ex.c:3194:19:HAL_TIMEx_DisableAsymmetricalDeadTime	0	static
stm32g4xx_hal_tim_ex.c:3212:19:HAL_TIMEx_ConfigEncoderIndex	16	static
stm32g4xx_hal_tim_ex.c:3251:19:HAL_TIMEx_EnableEncoderIndex	0	static
stm32g4xx_hal_tim_ex.c:3265:19:HAL_TIMEx_DisableEncoderIndex	0	static
stm32g4xx_hal_tim_ex.c:3279:19:HAL_TIMEx_EnableEncoderFirstIndex	0	static
stm32g4xx_hal_tim_ex.c:3293:19:HAL_TIMEx_DisableEncoderFirstIndex	0	static
stm32g4xx_hal_tim_ex.c:3327:13:HAL_TIMEx_CommutCallback	0	static
stm32g4xx_hal_tim_ex.c:3510:6:TIMEx_DMACommutationCplt	8	static
stm32g4xx_hal_tim_ex.c:3341:13:HAL_TIMEx_CommutHalfCpltCallback	0	static
stm32g4xx_hal_tim_ex.c:3529:6:TIMEx_DMACommutationHalfCplt	8	static
stm32g4xx_hal_tim_ex.c:3356:13:HAL_TIMEx_BreakCallback	0	static
stm32g4xx_hal_tim_ex.c:3371:13:HAL_TIMEx_Break2Callback	0	static
stm32g4xx_hal_tim_ex.c:3386:13:HAL_TIMEx_EncoderIndexCallback	0	static
stm32g4xx_hal_tim_ex.c:3401:13:HAL_TIMEx_DirectionChangeCallback	0	static
stm32g4xx_hal_tim_ex.c:3416:13:HAL_TIMEx_IndexErrorCallback	0	static
stm32g4xx_hal_tim_ex.c:3431:13:HAL_TIMEx_TransitionErrorCallback	0	static
stm32g4xx_hal_tim_ex.c:3465:22:HAL_TIMEx_HallSensor_GetState	0	static
stm32g4xx_hal_tim_ex.c:3481:29:HAL_TIMEx_GetChannelNState	0	static
