stm32g4xx_hal_adc_ex.c:126:19:HAL_ADCEx_Calibration_Start	24	static
stm32g4xx_hal_adc_ex.c:200:10:HAL_ADCEx_Calibration_GetValue	0	static
stm32g4xx_hal_adc_ex.c:220:19:HAL_ADCEx_Calibration_SetValue	12	static
stm32g4xx_hal_adc_ex.c:277:19:HAL_ADCEx_InjectedStart	16	static
stm32g4xx_hal_adc_ex.c:426:19:HAL_ADCEx_InjectedStop	8	static
stm32g4xx_hal_adc_ex.c:481:19:HAL_ADCEx_InjectedPollForConversion	24	static
stm32g4xx_hal_adc_ex.c:622:19:HAL_ADCEx_InjectedStart_IT	16	static
stm32g4xx_hal_adc_ex.c:795:19:HAL_ADCEx_InjectedStop_IT	8	static
stm32g4xx_hal_adc_ex.c:862:19:HAL_ADCEx_MultiModeStart_DMA	136	static
stm32g4xx_hal_adc_ex.c:981:19:HAL_ADCEx_MultiModeStop_DMA	128	static
stm32g4xx_hal_adc_ex.c:1104:10:HAL_ADCEx_MultiModeGetValue	0	static
stm32g4xx_hal_adc_ex.c:1151:10:HAL_ADCEx_InjectedGetValue	0	static
stm32g4xx_hal_adc_ex.c:1186:13:HAL_ADCEx_InjectedConvCpltCallback	0	static
stm32g4xx_hal_adc_ex.c:1205:13:HAL_ADCEx_InjectedQueueOverflowCallback	0	static
stm32g4xx_hal_adc_ex.c:1220:13:HAL_ADCEx_LevelOutOfWindow2Callback	0	static
stm32g4xx_hal_adc_ex.c:1235:13:HAL_ADCEx_LevelOutOfWindow3Callback	0	static
stm32g4xx_hal_adc_ex.c:1251:13:HAL_ADCEx_EndOfSamplingCallback	0	static
stm32g4xx_hal_adc_ex.c:1268:19:HAL_ADCEx_RegularStop	8	static
stm32g4xx_hal_adc_ex.c:1326:19:HAL_ADCEx_RegularStop_IT	8	static
stm32g4xx_hal_adc_ex.c:1386:19:HAL_ADCEx_RegularStop_DMA	16	static
stm32g4xx_hal_adc_ex.c:1474:19:HAL_ADCEx_RegularMultiModeStop_DMA	128	static
stm32g4xx_hal_adc_ex.c:1659:19:HAL_ADCEx_InjectedConfigChannel	32	static,ignoring_inline_asm
stm32g4xx_hal_adc_ex.c:2116:19:HAL_ADCEx_MultiModeConfigChannel	128	static
stm32g4xx_hal_adc_ex.c:2233:19:HAL_ADCEx_EnableInjectedQueue	0	static
stm32g4xx_hal_adc_ex.c:2274:19:HAL_ADCEx_DisableInjectedQueue	0	static
stm32g4xx_hal_adc_ex.c:2311:19:HAL_ADCEx_DisableVoltageRegulator	0	static
stm32g4xx_hal_adc_ex.c:2348:19:HAL_ADCEx_EnterADCDeepPowerDownMode	0	static
