stm32g4xx_hal_adc.c:912:13:HAL_ADC_MspInit	0	static
stm32g4xx_hal_adc.c:396:19:HAL_ADC_Init	24	static
stm32g4xx_hal_adc.c:929:13:HAL_ADC_MspDeInit	0	static
stm32g4xx_hal_adc.c:1408:19:HAL_ADC_PollForConversion	24	static
stm32g4xx_hal_adc.c:1594:19:HAL_ADC_PollForEvent	24	static
stm32g4xx_hal_adc.c:2230:10:HAL_ADC_GetValue	0	static
stm32g4xx_hal_adc.c:2251:19:HAL_ADC_StartSampling	0	static
stm32g4xx_hal_adc.c:2273:19:HAL_ADC_StopSampling	0	static
stm32g4xx_hal_adc.c:2662:13:HAL_ADC_ConvCpltCallback	0	static
stm32g4xx_hal_adc.c:2677:13:HAL_ADC_ConvHalfCpltCallback	0	static
stm32g4xx_hal_adc.c:3668:6:ADC_DMAHalfConvCplt	8	static
stm32g4xx_hal_adc.c:2692:13:HAL_ADC_LevelOutOfWindowCallback	0	static
stm32g4xx_hal_adc.c:2714:13:HAL_ADC_ErrorCallback	0	static
stm32g4xx_hal_adc.c:2290:6:HAL_ADC_IRQHandler	24	static
stm32g4xx_hal_adc.c:3590:6:ADC_DMAConvCplt	8	static
stm32g4xx_hal_adc.c:3686:6:ADC_DMAError	8	static
stm32g4xx_hal_adc.c:2760:19:HAL_ADC_ConfigChannel	32	static,ignoring_inline_asm
stm32g4xx_hal_adc.c:2998:19:HAL_ADC_AnalogWDGConfig	16	static,ignoring_inline_asm
stm32g4xx_hal_adc.c:3259:10:HAL_ADC_GetState	0	static
stm32g4xx_hal_adc.c:3273:10:HAL_ADC_GetError	0	static
stm32g4xx_hal_adc.c:3303:19:ADC_ConversionStop	16	static
stm32g4xx_hal_adc.c:3435:19:ADC_Enable	24	static
stm32g4xx_hal_adc.c:1219:19:HAL_ADC_Start	16	static
stm32g4xx_hal_adc.c:1743:19:HAL_ADC_Start_IT	16	static
stm32g4xx_hal_adc.c:2003:19:HAL_ADC_Start_DMA	24	static
stm32g4xx_hal_adc.c:3528:19:ADC_Disable	16	static
stm32g4xx_hal_adc.c:713:19:HAL_ADC_DeInit	24	static
stm32g4xx_hal_adc.c:1354:19:HAL_ADC_Stop	8	static
stm32g4xx_hal_adc.c:1950:19:HAL_ADC_Stop_IT	8	static
stm32g4xx_hal_adc.c:2145:19:HAL_ADC_Stop_DMA	16	static
