stm32g4xx_hal_dac.c:511:13:HAL_DAC_MspInit	0	static
stm32g4xx_hal_dac.c:405:19:HAL_DAC_Init	8	static
stm32g4xx_hal_dac.c:527:13:HAL_DAC_MspDeInit	0	static
stm32g4xx_hal_dac.c:466:19:HAL_DAC_DeInit	8	static
stm32g4xx_hal_dac.c:572:19:HAL_DAC_Start	24	static
stm32g4xx_hal_dac.c:647:19:HAL_DAC_Stop	4	static
stm32g4xx_hal_dac.c:688:19:HAL_DAC_Start_DMA	32	static
stm32g4xx_hal_dac.c:834:19:HAL_DAC_Stop_DMA	24	static
stm32g4xx_hal_dac.c:967:19:HAL_DAC_SetValue	16	static
stm32g4xx_hal_dac.c:1011:13:HAL_DAC_ConvCpltCallbackCh1	0	static
stm32g4xx_hal_dac.c:1675:6:DAC_DMAConvCpltCh1	8	static
stm32g4xx_hal_dac.c:1027:13:HAL_DAC_ConvHalfCpltCallbackCh1	0	static
stm32g4xx_hal_dac.c:1694:6:DAC_DMAHalfConvCpltCh1	8	static
stm32g4xx_hal_dac.c:1043:13:HAL_DAC_ErrorCallbackCh1	0	static
stm32g4xx_hal_dac.c:1711:6:DAC_DMAErrorCh1	8	static
stm32g4xx_hal_dac.c:1059:13:HAL_DAC_DMAUnderrunCallbackCh1	0	static
stm32g4xx_hal_dac.c:888:6:HAL_DAC_IRQHandler	16	static
stm32g4xx_hal_dac.c:1101:10:HAL_DAC_GetValue	0	static
stm32g4xx_hal_dac.c:1144:19:HAL_DAC_ConfigChannel	24	static
stm32g4xx_hal_dac.c:1390:22:HAL_DAC_GetState	0	static
stm32g4xx_hal_dac.c:1403:10:HAL_DAC_GetError	0	static
