stm32g4xx_hal_rcc.c:219:19:HAL_RCC_DeInit	16	static
stm32g4xx_hal_rcc.c:312:19:HAL_RCC_OscConfig	32	static
stm32g4xx_hal_rcc.c:994:6:HAL_RCC_MCOConfig	48	static
stm32g4xx_hal_rcc.c:1063:10:HAL_RCC_GetSysClockFreq	0	static
stm32g4xx_hal_rcc.c:766:19:HAL_RCC_ClockConfig	32	static
stm32g4xx_hal_rcc.c:1118:10:HAL_RCC_GetHCLKFreq	0	static
stm32g4xx_hal_rcc.c:1129:10:HAL_RCC_GetPCLK1Freq	0	static
stm32g4xx_hal_rcc.c:1141:10:HAL_RCC_GetPCLK2Freq	0	static
stm32g4xx_hal_rcc.c:1154:6:HAL_RCC_GetOscConfig	0	static
stm32g4xx_hal_rcc.c:1248:6:HAL_RCC_GetClockConfig	4	static
stm32g4xx_hal_rcc.c:1283:6:HAL_RCC_EnableCSS	0	static
stm32g4xx_hal_rcc.c:1297:6:HAL_RCC_EnableLSECSS	0	static
stm32g4xx_hal_rcc.c:1308:6:HAL_RCC_DisableLSECSS	0	static
stm32g4xx_hal_rcc.c:1335:13:HAL_RCC_CSSCallback	0	static
stm32g4xx_hal_rcc.c:1318:6:HAL_RCC_NMI_IRQHandler	8	static
