stm32g4xx_hal.c:221:13:HAL_MspInit	0	static
stm32g4xx_hal.c:232:13:HAL_MspDeInit	0	static
stm32g4xx_hal.c:192:19:HAL_DeInit	8	static
stm32g4xx_hal.c:255:26:HAL_InitTick	16	static
stm32g4xx_hal.c:148:19:HAL_Init	8	static
stm32g4xx_hal.c:322:13:HAL_IncTick	0	static
stm32g4xx_hal.c:333:17:HAL_GetTick	0	static
stm32g4xx_hal.c:342:10:HAL_GetTickPrio	0	static
stm32g4xx_hal.c:351:19:HAL_SetTickFreq	16	static
stm32g4xx_hal.c:384:10:HAL_GetTickFreq	0	static
stm32g4xx_hal.c:400:13:HAL_Delay	16	static
stm32g4xx_hal.c:426:13:HAL_SuspendTick	0	static
stm32g4xx_hal.c:442:13:HAL_ResumeTick	0	static
stm32g4xx_hal.c:452:10:HAL_GetHalVersion	0	static
stm32g4xx_hal.c:461:10:HAL_GetREVID	0	static
stm32g4xx_hal.c:470:10:HAL_GetDEVID	0	static
stm32g4xx_hal.c:479:10:HAL_GetUIDw0	0	static
stm32g4xx_hal.c:488:10:HAL_GetUIDw1	0	static
stm32g4xx_hal.c:497:10:HAL_GetUIDw2	0	static
stm32g4xx_hal.c:526:6:HAL_DBGMCU_EnableDBGSleepMode	0	static
stm32g4xx_hal.c:535:6:HAL_DBGMCU_DisableDBGSleepMode	0	static
stm32g4xx_hal.c:544:6:HAL_DBGMCU_EnableDBGStopMode	0	static
stm32g4xx_hal.c:553:6:HAL_DBGMCU_DisableDBGStopMode	0	static
stm32g4xx_hal.c:562:6:HAL_DBGMCU_EnableDBGStandbyMode	0	static
stm32g4xx_hal.c:571:6:HAL_DBGMCU_DisableDBGStandbyMode	0	static
stm32g4xx_hal.c:604:6:HAL_SYSCFG_CCMSRAMErase	0	static
stm32g4xx_hal.c:623:6:HAL_SYSCFG_EnableMemorySwappingBank	0	static
stm32g4xx_hal.c:638:6:HAL_SYSCFG_DisableMemorySwappingBank	0	static
stm32g4xx_hal.c:656:6:HAL_SYSCFG_VREFBUF_VoltageScalingConfig	0	static
stm32g4xx_hal.c:672:6:HAL_SYSCFG_VREFBUF_HighImpedanceConfig	0	static
stm32g4xx_hal.c:686:6:HAL_SYSCFG_VREFBUF_TrimmingConfig	0	static
stm32g4xx_hal.c:698:19:HAL_SYSCFG_EnableVREFBUF	16	static
stm32g4xx_hal.c:724:6:HAL_SYSCFG_DisableVREFBUF	0	static
stm32g4xx_hal.c:735:6:HAL_SYSCFG_EnableIOSwitchBooster	0	static
stm32g4xx_hal.c:745:6:HAL_SYSCFG_DisableIOSwitchBooster	0	static
stm32g4xx_hal.c:755:6:HAL_SYSCFG_EnableIOSwitchVDD	0	static
stm32g4xx_hal.c:765:6:HAL_SYSCFG_DisableIOSwitchVDD	0	static
stm32g4xx_hal.c:776:6:HAL_SYSCFG_CCMSRAM_WriteProtectionEnable	0	static
