../Core/Lib/envelopes.c:11:6:env_init	0	static
../Core/Lib/envelopes.c:26:6:env_params_init	0	static
../Core/Lib/envelopes.c:39:9:env_trig_ad	0	static
../Core/Lib/envelopes.c:51:7:env_tick_ad	0	static
../Core/Lib/envelopes.c:73:9:env_trig_had	0	static
../Core/Lib/envelopes.c:85:7:env_tick_had	0	static
../Core/Lib/envelopes.c:123:7:env_tick_ahd	0	static
../Core/Lib/envelopes.c:130:9:env_trig_d	0	static
../Core/Lib/envelopes.c:143:7:env_tick_d	0	static
../Core/Lib/envelopes.c:150:9:env_trig_dr	0	static
../Core/Lib/envelopes.c:163:7:env_tick_dr	0	static
../Core/Lib/envelopes.c:190:9:env_trig_hd	0	static
../Core/Lib/envelopes.c:201:7:env_tick_hd	0	static
../Core/Lib/envelopes.c:219:9:env_trig_2stage	0	static
../Core/Lib/envelopes.c:230:7:env_tick_2stage_lin	0	static
../Core/Lib/envelopes.c:267:7:env_tick_2stage_rc	0	static
../Core/Lib/envelopes.c:306:9:env_trig_hd_group	32	static
../Core/Lib/envelopes.c:321:6:env_set_attack	0	static
../Core/Lib/envelopes.c:325:6:env_set_decay	0	static
../Core/Lib/envelopes.c:329:6:env_set_sustain	0	static
../Core/Lib/envelopes.c:333:6:env_set_release	0	static
../Core/Lib/envelopes.c:337:6:env_set_hold	0	static
../Core/Lib/envelopes.c:341:6:env_set_target	0	static
../Core/Lib/envelopes.c:345:6:env_set_state	0	static
../Core/Lib/envelopes.c:349:7:env_s_to_hz	0	static
../Core/Lib/envelopes.c:360:6:env_set_l1	0	static
../Core/Lib/envelopes.c:364:6:env_set_l2	0	static
../Core/Lib/envelopes.c:368:6:env_set_l3	0	static
../Core/Lib/envelopes.c:372:6:env_set_l4	0	static
../Core/Lib/envelopes.c:376:6:env_set_r1	0	static
../Core/Lib/envelopes.c:380:6:env_set_r2	0	static
../Core/Lib/envelopes.c:384:6:env_set_r3	0	static
../Core/Lib/envelopes.c:388:6:env_set_r4	0	static
